 jc

 Timestamp is 57680fa3 (Mon Jun 20 23:45:39 2016)

 Preferred load address is 0000000180000000

 Start         Length     Name                   Class
 0001:00000000 00001483H .text$di                CODE
 0001:00001490 000819afH .text$mn                CODE
 0001:00082e40 00002115H .text$x                 CODE
 0001:00084f60 00001061H .text$yd                CODE
 0002:00000000 00000109H .CRT$XCA                DATA
 0002:00000110 0000013dH .CRT$XCU                DATA
 0002:00000250 00000109H .CRT$XCZ                DATA
 0002:00000360 00000109H .CRT$XIA                DATA
 0002:00000470 00000126H .CRT$XIC                DATA
 0002:00000598 00000109H .CRT$XIZ                DATA
 0002:000006a8 00000109H .CRT$XPA                DATA
 0002:000007b8 00000113H .CRT$XPX                DATA
 0002:000008d0 00000109H .CRT$XPXA               DATA
 0002:000009e0 00000109H .CRT$XPZ                DATA
 0002:00000af0 00000109H .CRT$XTA                DATA
 0002:00000c00 00000109H .CRT$XTZ                DATA
 0002:00000d10 000177d0H .rdata                  DATA
 0002:000184e0 00000164H .rdata$debug            DATA
 0002:00018648 00000a64H .rdata$r                DATA
 0002:000190b0 00000109H .rtc$IAA                DATA
 0002:000191c0 0000013fH .rtc$IMZ                DATA
 0002:00019300 00000109H .rtc$IZZ                DATA
 0002:00019410 00000109H .rtc$TAA                DATA
 0002:00019520 0000013fH .rtc$TMZ                DATA
 0002:00019660 00000109H .rtc$TZZ                DATA
 0002:00019770 00003ee4H .xdata                  DATA
 0002:0001d658 00000211H .xdata$x                DATA
 0002:0001d870 00000156H .edata                  DATA
 0003:00000000 00002003H .data                   DATA
 0003:00002008 000003e4H .data$r                 DATA
 0003:00002400 000029a0H .bss                    DATA
 0004:00000000 00003e40H .pdata                  DATA
 0005:00000000 000004e0H .idata$5                DATA
 0005:000004e0 00000028H .idata$2                DATA
 0005:00000508 00000014H .idata$3                DATA
 0005:00000520 000004e0H .idata$4                DATA
 0005:00000a00 00000a24H .idata$6                DATA
 0006:00000000 00000020H .didat$2                DATA
 0006:00000020 00000020H .didat$3                DATA
 0006:00000040 00000250H .didat$4                DATA
 0006:00000290 00000250H .didat$5                DATA
 0006:000004e0 00000e98H .didat$6                DATA
 0006:00001378 000002dbH .didat$7                DATA
 0007:00000000 00000169H .rsrc$01                DATA
 0007:00000170 000002ccH .rsrc$02                DATA

  Address         Publics by Value              Rva+Base               Lib:Object

 0000:00000000       ___safe_se_handler_table   0000000000000000     <absolute>
 0000:00000000       __guard_flags              0000000000000000     <absolute>
 0000:00000000       __guard_fids_count         0000000000000000     <absolute>
 0000:00000000       ___safe_se_handler_count   0000000000000000     <absolute>
 0000:00000000       __guard_fids_table         0000000000000000     <absolute>
 0000:00000000       __ImageBase                0000000180000000     <linker-defined>
 0001:00001490       ?Init@BatchPointerArray@@SAXV?$Local@VObject@v8@@@v8@@@Z 0000000180002490 f   BatchPointerArray.obj
 0001:000016b0       ?getTypeSize@BatchPointerArray@@QEBA_KXZ 00000001800026b0 f   BatchPointerArray.obj
 0001:00001700       ??0BatchPointerArray@@AEAA@_KW4PointerType@0@PEAX@Z 0000000180002700 f   BatchPointerArray.obj
 0001:00001780       ??1BatchPointerArray@@EEAA@XZ 0000000180002780 f   BatchPointerArray.obj
 0001:00001810       ?New@BatchPointerArray@@CAXAEBV?$FunctionCallbackInfo@VValue@v8@@@v8@@@Z 0000000180002810 f   BatchPointerArray.obj
 0001:00001ec0       ?destroy@BatchPointerArray@@CAXAEBV?$FunctionCallbackInfo@VValue@v8@@@v8@@@Z 0000000180002ec0 f   BatchPointerArray.obj
 0001:00002230       ??$?0VFunction@v8@@@?$Local@VValue@v8@@@v8@@QEAA@V?$Local@VFunction@v8@@@1@@Z 0000000180003230 f i BatchPointerArray.obj
 0001:000022a0       ??$?0VFunctionTemplate@v8@@@?$Local@VData@v8@@@v8@@QEAA@V?$Local@VFunctionTemplate@v8@@@1@@Z 00000001800032a0 f i BatchPointerArray.obj
 0001:00002310       ??$?0VInteger@v8@@@?$Local@VValue@v8@@@v8@@QEAA@V?$Local@VInteger@v8@@@1@@Z 0000000180003310 f i BatchPointerArray.obj
 0001:00002380       ??$?0VString@v8@@@?$Local@VName@v8@@@v8@@QEAA@V?$Local@VString@v8@@@1@@Z 0000000180003380 f i BatchPointerArray.obj
 0001:000023f0       ??$?0VString@v8@@@?$Local@VValue@v8@@@v8@@QEAA@V?$Local@VString@v8@@@1@@Z 00000001800033f0 f i BatchPointerArray.obj
 0001:00002460       ??$Cast@VValue@v8@@@?$Local@VArray@v8@@@v8@@SA?AV01@V?$Local@VValue@v8@@@1@@Z 0000000180003460 f i BatchPointerArray.obj
 0001:000024d0       ??$ClearWeak@X@?$PersistentBase@VObject@v8@@@v8@@QEAAPEAXXZ 00000001800034d0 f i BatchPointerArray.obj
 0001:00002510       ??$Reset@VFunction@v8@@@?$PersistentBase@VFunction@v8@@@v8@@QEAAXPEAVIsolate@1@AEBV?$Local@VFunction@v8@@@1@@Z 0000000180003510 f i BatchPointerArray.obj
 0001:000025b0       ??$Reset@VObject@v8@@@?$PersistentBase@VObject@v8@@@v8@@QEAAXPEAVIsolate@1@AEBV?$Local@VObject@v8@@@1@@Z 00000001800035b0 f i BatchPointerArray.obj
 0001:00002650       ??$Set@VObject@v8@@@?$ReturnValue@VValue@v8@@@v8@@QEAAXV?$Local@VObject@v8@@@1@@Z 0000000180003650 f i BatchPointerArray.obj
 0001:000026f0       ??$Set@VPrimitive@v8@@@?$ReturnValue@VValue@v8@@@v8@@QEAAXV?$Local@VPrimitive@v8@@@1@@Z 00000001800036f0 f i BatchPointerArray.obj
 0001:00002790       ??$SetWeak@VObjectWrap@node@@@?$PersistentBase@VObject@v8@@@v8@@QEAAXPEAVObjectWrap@node@@P6AXAEBV?$WeakCallbackInfo@VObjectWrap@node@@@1@@ZW4WeakCallbackType@1@@Z 0000000180003790 f i BatchPointerArray.obj
 0001:00002800       ??$Unwrap@VBatchPointerArray@@@ObjectWrap@node@@SAPEAVBatchPointerArray@@V?$Local@VObject@v8@@@v8@@@Z 0000000180003800 f i BatchPointerArray.obj
 0001:000028d0       ??$Unwrap@VDeviceFloat32Array@@@ObjectWrap@node@@SAPEAVDeviceFloat32Array@@V?$Local@VObject@v8@@@v8@@@Z 00000001800038d0 f i BatchPointerArray.obj
 0001:000029a0       ??0?$Local@VArray@v8@@@v8@@AEAA@PEAVArray@1@@Z 00000001800039a0 f i BatchPointerArray.obj
 0001:000029d0       ??0?$Local@VObject@v8@@@v8@@AEAA@PEAVObject@1@@Z 00000001800039d0 f i BatchPointerArray.obj
 0001:00002a00       ??0?$Local@VPrimitive@v8@@@v8@@AEAA@PEAVPrimitive@1@@Z 0000000180003a00 f i BatchPointerArray.obj
 0001:00002a30       ??0?$Local@VSignature@v8@@@v8@@QEAA@XZ 0000000180003a30 f i BatchPointerArray.obj
 0001:00002a50       ??0?$Local@VValue@v8@@@v8@@AEAA@PEAVValue@1@@Z 0000000180003a50 f i BatchPointerArray.obj
 0001:00002a80       ??0?$Local@VValue@v8@@@v8@@QEAA@XZ 0000000180003a80 f i BatchPointerArray.obj
 0001:00002aa0       ??0?$Persistent@VFunction@v8@@V?$NonCopyablePersistentTraits@VFunction@v8@@@2@@v8@@QEAA@XZ 0000000180003aa0 f i BatchPointerArray.obj
 0001:00002af0       ??0?$Persistent@VObject@v8@@V?$NonCopyablePersistentTraits@VObject@v8@@@2@@v8@@QEAA@XZ 0000000180003af0 f i BatchPointerArray.obj
 0001:00002b40       ??0?$PersistentBase@VFunction@v8@@@v8@@AEAA@PEAVFunction@1@@Z 0000000180003b40 f i BatchPointerArray.obj
 0001:00002b70       ??0?$PersistentBase@VObject@v8@@@v8@@AEAA@PEAVObject@1@@Z 0000000180003b70 f i BatchPointerArray.obj
 0001:00002ba0       ??0?$ReturnValue@VValue@v8@@@v8@@AEAA@PEAPEAVObject@internal@1@@Z 0000000180003ba0 f i BatchPointerArray.obj
 0001:00002bd0       ??0ObjectWrap@node@@QEAA@XZ 0000000180003bd0 f i BatchPointerArray.obj
 0001:00002c40       ??1?$Persistent@VFunction@v8@@V?$NonCopyablePersistentTraits@VFunction@v8@@@2@@v8@@QEAA@XZ 0000000180003c40 f i BatchPointerArray.obj
 0001:00002c90       ??1?$Persistent@VObject@v8@@V?$NonCopyablePersistentTraits@VObject@v8@@@2@@v8@@QEAA@XZ 0000000180003c90 f i BatchPointerArray.obj
 0001:00002ce0       ??1ObjectWrap@node@@UEAA@XZ 0000000180003ce0 f i BatchPointerArray.obj
 0001:00002dd0       ??A?$FunctionCallbackInfo@VValue@v8@@@v8@@QEBA?AV?$Local@VValue@v8@@@1@H@Z 0000000180003dd0 f i BatchPointerArray.obj
 0001:00002ea0       ??C?$Local@VArray@v8@@@v8@@QEBAPEAVArray@1@XZ 0000000180003ea0 f i BatchPointerArray.obj
 0001:00002ec0       ??C?$Local@VFunctionTemplate@v8@@@v8@@QEBAPEAVFunctionTemplate@1@XZ 0000000180003ec0 f i BatchPointerArray.obj
 0001:00002ee0       ??C?$Local@VObject@v8@@@v8@@QEBAPEAVObject@1@XZ 0000000180003ee0 f i BatchPointerArray.obj
 0001:00002f00       ??C?$Local@VObjectTemplate@v8@@@v8@@QEBAPEAVObjectTemplate@1@XZ 0000000180003f00 f i BatchPointerArray.obj
 0001:00002f20       ??C?$Local@VValue@v8@@@v8@@QEBAPEAVValue@1@XZ 0000000180003f20 f i BatchPointerArray.obj
 0001:00002f40       ??D?$Local@VFunction@v8@@@v8@@QEBAPEAVFunction@1@XZ 0000000180003f40 f i BatchPointerArray.obj
 0001:00002f60       ??D?$Local@VFunctionTemplate@v8@@@v8@@QEBAPEAVFunctionTemplate@1@XZ 0000000180003f60 f i BatchPointerArray.obj
 0001:00002f80       ??D?$Local@VInteger@v8@@@v8@@QEBAPEAVInteger@1@XZ 0000000180003f80 f i BatchPointerArray.obj
 0001:00002fa0       ??D?$Local@VObject@v8@@@v8@@QEBAPEAVObject@1@XZ 0000000180003fa0 f i BatchPointerArray.obj
 0001:00002fc0       ??D?$Local@VPrimitive@v8@@@v8@@QEBAPEAVPrimitive@1@XZ 0000000180003fc0 f i BatchPointerArray.obj
 0001:00002fe0       ??D?$Local@VString@v8@@@v8@@QEBAPEAVString@1@XZ 0000000180003fe0 f i BatchPointerArray.obj
 0001:00003000       ??D?$Local@VValue@v8@@@v8@@QEBAPEAVValue@1@XZ 0000000180004000 f i BatchPointerArray.obj
 0001:00003020       ??_EBatchPointerArray@@EEAAPEAXI@Z 0000000180004020 f i BatchPointerArray.obj
 0001:00003020       ??_GBatchPointerArray@@EEAAPEAXI@Z 0000000180004020 f i BatchPointerArray.obj
 0001:00003080       ??_EObjectWrap@node@@UEAAPEAXI@Z 0000000180004080 f i BatchPointerArray.obj
 0001:00003080       ??_GObjectWrap@node@@UEAAPEAXI@Z 0000000180004080 f i BatchPointerArray.obj
 0001:000030e0       ?CheckInitialized@Internals@internal@v8@@SAXPEAVIsolate@3@@Z 00000001800040e0 f i BatchPointerArray.obj
 0001:000030f0       ?ClearWeak@?$PersistentBase@VObject@v8@@@v8@@QEAAXXZ 00000001800040f0 f i BatchPointerArray.obj
 0001:00003130       ?GetDefaultValue@?$ReturnValue@VValue@v8@@@v8@@AEAAPEAVObject@internal@2@XZ 0000000180004130 f i BatchPointerArray.obj
 0001:00003160       ?GetIsolate@?$FunctionCallbackInfo@VValue@v8@@@v8@@QEBAPEAVIsolate@2@XZ 0000000180004160 f i BatchPointerArray.obj
 0001:00003190       ?GetNodeState@Internals@internal@v8@@SAEPEAPEAVObject@23@@Z 0000000180004190 f i BatchPointerArray.obj
 0001:000031e0       ?GetParameter@?$WeakCallbackInfo@VObjectWrap@node@@@v8@@QEBAPEAVObjectWrap@node@@XZ 00000001800041e0 f i BatchPointerArray.obj
 0001:00003200       ?GetReturnValue@?$FunctionCallbackInfo@VValue@v8@@@v8@@QEBA?AV?$ReturnValue@VValue@v8@@@2@XZ 0000000180004200 f i BatchPointerArray.obj
 0001:00003260       ?GetRoot@Internals@internal@v8@@SAPEAPEAVObject@23@PEAVIsolate@3@H@Z 0000000180004260 f i BatchPointerArray.obj
 0001:000032c0       ?Holder@?$FunctionCallbackInfo@VValue@v8@@@v8@@QEBA?AV?$Local@VObject@v8@@@2@XZ 00000001800042c0 f i BatchPointerArray.obj
 0001:00003320       ?IsConstructCall@?$FunctionCallbackInfo@VValue@v8@@@v8@@QEBA_NXZ 0000000180004320 f i BatchPointerArray.obj
 0001:00003340       ?IsEmpty@?$Local@VFunction@v8@@@v8@@QEBA_NXZ 0000000180004340 f i BatchPointerArray.obj
 0001:000033a0       ?IsEmpty@?$Local@VObject@v8@@@v8@@QEBA_NXZ 00000001800043a0 f i BatchPointerArray.obj
 0001:00003400       ?IsEmpty@?$Local@VPrimitive@v8@@@v8@@QEBA_NXZ 0000000180004400 f i BatchPointerArray.obj
 0001:00003460       ?IsEmpty@?$PersistentBase@VFunction@v8@@@v8@@QEBA_NXZ 0000000180004460 f i BatchPointerArray.obj
 0001:000034c0       ?IsEmpty@?$PersistentBase@VObject@v8@@@v8@@QEBA_NXZ 00000001800044c0 f i BatchPointerArray.obj
 0001:00003520       ?IsNearDeath@?$PersistentBase@VObject@v8@@@v8@@QEBA_NXZ 0000000180004520 f i BatchPointerArray.obj
 0001:000035c0       ?IsWeak@?$PersistentBase@VObject@v8@@@v8@@QEBA_NXZ 00000001800045c0 f i BatchPointerArray.obj
 0001:00003640       ?MakeWeak@ObjectWrap@node@@IEAAXXZ 0000000180004640 f i BatchPointerArray.obj
 0001:000036b0       ?MarkIndependent@?$PersistentBase@VObject@v8@@@v8@@QEAAXXZ 00000001800046b0 f i BatchPointerArray.obj
 0001:00003710       ?NODE_SET_PROTOTYPE_METHOD@node@@YAXV?$Local@VFunctionTemplate@v8@@@v8@@PEBDP6AXAEBV?$FunctionCallbackInfo@VValue@v8@@@3@@Z@Z 0000000180004710 f i BatchPointerArray.obj
 0001:00003940       ?New@?$PersistentBase@VFunction@v8@@@v8@@CAPEAVFunction@2@PEAVIsolate@2@PEAV32@@Z 0000000180004940 f i BatchPointerArray.obj
 0001:000039b0       ?New@?$PersistentBase@VObject@v8@@@v8@@CAPEAVObject@2@PEAVIsolate@2@PEAV32@@Z 00000001800049b0 f i BatchPointerArray.obj
 0001:00003a20       ?Ref@ObjectWrap@node@@MEAAXXZ 0000000180004a20 f i BatchPointerArray.obj
 0001:00003ac0       ?Reset@?$PersistentBase@VFunction@v8@@@v8@@QEAAXXZ 0000000180004ac0 f i BatchPointerArray.obj
 0001:00003b30       ?Reset@?$PersistentBase@VObject@v8@@@v8@@QEAAXXZ 0000000180004b30 f i BatchPointerArray.obj
 0001:00003ba0       ?This@?$FunctionCallbackInfo@VValue@v8@@@v8@@QEBA?AV?$Local@VObject@v8@@@2@XZ 0000000180004ba0 f i BatchPointerArray.obj
 0001:00003c00       ?Undefined@v8@@YA?AV?$Local@VPrimitive@v8@@@1@PEAVIsolate@1@@Z 0000000180004c00 f i BatchPointerArray.obj
 0001:00003c80       ?Unref@ObjectWrap@node@@MEAAXXZ 0000000180004c80 f i BatchPointerArray.obj
 0001:00003da0       ?UpdateNodeFlag@Internals@internal@v8@@SAXPEAPEAVObject@23@_NH@Z 0000000180004da0 f i BatchPointerArray.obj
 0001:00003e50       ?WeakCallback@ObjectWrap@node@@CAXAEBV?$WeakCallbackInfo@VObjectWrap@node@@@v8@@@Z 0000000180004e50 f i BatchPointerArray.obj
 0001:00003f30       ?Wrap@ObjectWrap@node@@IEAAXV?$Local@VObject@v8@@@v8@@@Z 0000000180004f30 f i BatchPointerArray.obj
 0001:00004050       ?getData@DeviceFloat32Array@@QEAAPEAMXZ 0000000180005050 f i BatchPointerArray.obj
 0001:00004070       ?getLength@BatchPointerArray@@QEBA_KXZ 0000000180005070 f i BatchPointerArray.obj
 0001:000040d0       ?persistent@ObjectWrap@node@@QEAAAEAV?$Persistent@VObject@v8@@V?$NonCopyablePersistentTraits@VObject@v8@@@2@@v8@@XZ 00000001800050d0 f i BatchPointerArray.obj
 0001:000040f0       hypot                      00000001800050f0 f i BatchPointerArray.obj
 0001:00004140       ?Init@DeviceFloat32Array@@SAXV?$Local@VObject@v8@@@v8@@@Z 0000000180005140 f   DeviceFloat32Array.obj
 0001:000043e0       ??0DeviceFloat32Array@@AEAA@_K@Z 00000001800053e0 f   DeviceFloat32Array.obj
 0001:00004470       ??0DeviceFloat32Array@@AEAA@AEBV?$Local@VFloat32Array@v8@@@v8@@@Z 0000000180005470 f   DeviceFloat32Array.obj
 0001:000045b0       ??1DeviceFloat32Array@@EEAA@XZ 00000001800055b0 f   DeviceFloat32Array.obj
 0001:00004620       ?New@DeviceFloat32Array@@CAXAEBV?$FunctionCallbackInfo@VValue@v8@@@v8@@@Z 0000000180005620 f   DeviceFloat32Array.obj
 0001:00004b60       ?copy@DeviceFloat32Array@@CAXAEBV?$FunctionCallbackInfo@VValue@v8@@@v8@@@Z 0000000180005b60 f   DeviceFloat32Array.obj
 0001:00004f00       ?copyFrom@DeviceFloat32Array@@CAXAEBV?$FunctionCallbackInfo@VValue@v8@@@v8@@@Z 0000000180005f00 f   DeviceFloat32Array.obj
 0001:00005310       ?copyTo@DeviceFloat32Array@@CAXAEBV?$FunctionCallbackInfo@VValue@v8@@@v8@@@Z 0000000180006310 f   DeviceFloat32Array.obj
 0001:00005710       ?destroy@DeviceFloat32Array@@CAXAEBV?$FunctionCallbackInfo@VValue@v8@@@v8@@@Z 0000000180006710 f   DeviceFloat32Array.obj
 0001:000057d0       ?swap@DeviceFloat32Array@@CAXAEBV?$FunctionCallbackInfo@VValue@v8@@@v8@@@Z 00000001800067d0 f   DeviceFloat32Array.obj
 0001:00005b30       ?setValue@DeviceFloat32Array@@CAXAEBV?$FunctionCallbackInfo@VValue@v8@@@v8@@@Z 0000000180006b30 f   DeviceFloat32Array.obj
 0001:00006330       ??$Cast@VValue@v8@@@?$Local@VFloat32Array@v8@@@v8@@SA?AV01@V?$Local@VValue@v8@@@1@@Z 0000000180007330 f i DeviceFloat32Array.obj
 0001:000063a0       ??0?$Local@VFloat32Array@v8@@@v8@@AEAA@PEAVFloat32Array@1@@Z 00000001800073a0 f i DeviceFloat32Array.obj
 0001:000063d0       ??C?$Local@VArrayBuffer@v8@@@v8@@QEBAPEAVArrayBuffer@1@XZ 00000001800073d0 f i DeviceFloat32Array.obj
 0001:000063f0       ??C?$Local@VFloat32Array@v8@@@v8@@QEBAPEAVFloat32Array@1@XZ 00000001800073f0 f i DeviceFloat32Array.obj
 0001:00006410       ??_EDeviceFloat32Array@@EEAAPEAXI@Z 0000000180007410 f i DeviceFloat32Array.obj
 0001:00006410       ??_GDeviceFloat32Array@@EEAAPEAXI@Z 0000000180007410 f i DeviceFloat32Array.obj
 0001:00006470       ?getLength@DeviceFloat32Array@@QEBA_KXZ 0000000180007470 f i DeviceFloat32Array.obj
 0001:00006490       ?unwrapVector@@YA?AUVector@jc_cuda@@PEAVIsolate@v8@@AEAV?$Local@VValue@v8@@@4@@Z 0000000180007490 f   jc.obj
 0001:00006660       ?unwrapMatrix@@YA?AUMatrix@jc_cuda@@PEAVIsolate@v8@@AEAV?$Local@VValue@v8@@@4@@Z 0000000180007660 f   jc.obj
 0001:00006a70       ?unwrapMatrixBatch@@YA?AUMatrixBatch@jc_cuda@@PEAVIsolate@v8@@AEAV?$Local@VValue@v8@@@4@@Z 0000000180007a70 f   jc.obj
 0001:00006f10       ?matrixMulScalar@@YAXAEBV?$FunctionCallbackInfo@VValue@v8@@@v8@@@Z 0000000180007f10 f   jc.obj
 0001:00007090       ?matrixMulVector@@YAXAEBV?$FunctionCallbackInfo@VValue@v8@@@v8@@@Z 0000000180008090 f   jc.obj
 0001:000072a0       ?matrixMulMatrix@@YAXAEBV?$FunctionCallbackInfo@VValue@v8@@@v8@@@Z 00000001800082a0 f   jc.obj
 0001:000074b0       ?matrixMulMatrixBatched@@YAXAEBV?$FunctionCallbackInfo@VValue@v8@@@v8@@@Z 00000001800084b0 f   jc.obj
 0001:000076c0       ?matrixAdd@@YAXAEBV?$FunctionCallbackInfo@VValue@v8@@@v8@@@Z 00000001800086c0 f   jc.obj
 0001:000078d0       ?linearSolveLUBatched@@YAXAEBV?$FunctionCallbackInfo@VValue@v8@@@v8@@@Z 00000001800088d0 f   jc.obj
 0001:00007ba0       ?dumpHostVector@@YAXPEAMI@Z 0000000180008ba0 f   jc.obj
 0001:00007c30       ?vectorAdd@@YAXAEBV?$FunctionCallbackInfo@VValue@v8@@@v8@@@Z 0000000180008c30 f   jc.obj
 0001:00007e40       ?vectorCopy@@YAXAEBV?$FunctionCallbackInfo@VValue@v8@@@v8@@@Z 0000000180008e40 f   jc.obj
 0001:00007fe0       ?vectorSwap@@YAXAEBV?$FunctionCallbackInfo@VValue@v8@@@v8@@@Z 0000000180008fe0 f   jc.obj
 0001:00008180       ?vectorDot@@YAXAEBV?$FunctionCallbackInfo@VValue@v8@@@v8@@@Z 0000000180009180 f   jc.obj
 0001:00008390       ?vectorNorm@@YAXAEBV?$FunctionCallbackInfo@VValue@v8@@@v8@@@Z 0000000180009390 f   jc.obj
 0001:00008530       ?vectorMulScalar@@YAXAEBV?$FunctionCallbackInfo@VValue@v8@@@v8@@@Z 0000000180009530 f   jc.obj
 0001:000086b0       ?vectorRank@@YAXAEBV?$FunctionCallbackInfo@VValue@v8@@@v8@@@Z 00000001800096b0 f   jc.obj
 0001:000088c0       ?cudaDeviceInit@jc@@YAXAEBV?$FunctionCallbackInfo@VValue@v8@@@v8@@@Z 00000001800098c0 f   jc.obj
 0001:00008970       ?cudaDeviceReset@jc@@YAXAEBV?$FunctionCallbackInfo@VValue@v8@@@v8@@@Z 0000000180009970 f   jc.obj
 0001:000089e0       ?Init@jc@@YAXV?$Local@VObject@v8@@@v8@@@Z 00000001800099e0 f   jc.obj
 0001:00009640       ??$Cast@VObject@v8@@@?$Local@VInt32Array@v8@@@v8@@SA?AV01@V?$Local@VObject@v8@@@1@@Z 000000018000a640 f i jc.obj
 0001:000096b0       ??$Cast@VValue@v8@@@?$Local@VObject@v8@@@v8@@SA?AV01@V?$Local@VValue@v8@@@1@@Z 000000018000a6b0 f i jc.obj
 0001:00009720       ??$Set@VBoolean@v8@@@?$ReturnValue@VValue@v8@@@v8@@QEAAXV?$Local@VBoolean@v8@@@1@@Z 000000018000a720 f i jc.obj
 0001:000097c0       ??$Set@VNumber@v8@@@?$ReturnValue@VValue@v8@@@v8@@QEAAXV?$Local@VNumber@v8@@@1@@Z 000000018000a7c0 f i jc.obj
 0001:00009860       ??$checkReturnValue@W4ErrorType@jc_cuda@@@@YAXW4ErrorType@jc_cuda@@QEBD1H@Z 000000018000a860 f i jc.obj
 0001:00009900       ??0?$Local@VInt32Array@v8@@@v8@@AEAA@PEAVInt32Array@1@@Z 000000018000a900 f i jc.obj
 0001:00009930       ??C?$Local@VFunction@v8@@@v8@@QEBAPEAVFunction@1@XZ 000000018000a930 f i jc.obj
 0001:00009950       ??C?$Local@VInt32Array@v8@@@v8@@QEBAPEAVInt32Array@1@XZ 000000018000a950 f i jc.obj
 0001:00009970       ??D?$Local@VBoolean@v8@@@v8@@QEBAPEAVBoolean@1@XZ 000000018000a970 f i jc.obj
 0001:00009990       ??D?$Local@VNumber@v8@@@v8@@QEBAPEAVNumber@1@XZ 000000018000a990 f i jc.obj
 0001:000099b0       ?IsEmpty@?$Local@VBoolean@v8@@@v8@@QEBA_NXZ 000000018000a9b0 f i jc.obj
 0001:00009a10       ?IsEmpty@?$Local@VNumber@v8@@@v8@@QEBA_NXZ 000000018000aa10 f i jc.obj
 0001:00009a70       ?NODE_SET_METHOD@node@@YAXV?$Local@VObject@v8@@@v8@@PEBDP6AXAEBV?$FunctionCallbackInfo@VValue@v8@@@3@@Z@Z 000000018000aa70 f i jc.obj
 0001:00009c80       ?getData@BatchPointerArray@@QEAAPEAXXZ 000000018000ac80 f i jc.obj
 0001:00009d38       cudaMalloc_t               000000018000ad38 f   JSCUDA:JSCUDA.dll
 0001:00009d3e       cudaFree_t                 000000018000ad3e f   JSCUDA:JSCUDA.dll
 0001:00009d44       cudaMemcpyHostToDevice_t   000000018000ad44 f   JSCUDA:JSCUDA.dll
 0001:00009d4a       cudaMemset_t               000000018000ad4a f   JSCUDA:JSCUDA.dll
 0001:00009d50       cudaMemcpyDeviceToDevice_t 000000018000ad50 f   JSCUDA:JSCUDA.dll
 0001:00009d56       cudaMemcpyDeviceToHost_t   000000018000ad56 f   JSCUDA:JSCUDA.dll
 0001:00009d5c       cudaDeviceInit             000000018000ad5c f   JSCUDA:JSCUDA.dll
 0001:00009d62       cudaDeviceReset_t          000000018000ad62 f   JSCUDA:JSCUDA.dll
 0001:00009d68       cublasCreate_t             000000018000ad68 f   JSCUDA:JSCUDA.dll
 0001:00009d6e       cublasDestroy_t            000000018000ad6e f   JSCUDA:JSCUDA.dll
 0001:00009d74       vectorAdd                  000000018000ad74 f   JSCUDA:JSCUDA.dll
 0001:00009d7a       vectorCopy                 000000018000ad7a f   JSCUDA:JSCUDA.dll
 0001:00009d80       vectorSwap                 000000018000ad80 f   JSCUDA:JSCUDA.dll
 0001:00009d86       vectorDot                  000000018000ad86 f   JSCUDA:JSCUDA.dll
 0001:00009d8c       vectorNorm                 000000018000ad8c f   JSCUDA:JSCUDA.dll
 0001:00009d92       vectorMulScalar            000000018000ad92 f   JSCUDA:JSCUDA.dll
 0001:00009d98       vectorRank                 000000018000ad98 f   JSCUDA:JSCUDA.dll
 0001:00009d9e       matrixMulScalar            000000018000ad9e f   JSCUDA:JSCUDA.dll
 0001:00009da4       matrixMulVector            000000018000ada4 f   JSCUDA:JSCUDA.dll
 0001:00009daa       matrixMulMatrix            000000018000adaa f   JSCUDA:JSCUDA.dll
 0001:00009db0       matrixMulMatrixBatched     000000018000adb0 f   JSCUDA:JSCUDA.dll
 0001:00009db6       matrixAdd                  000000018000adb6 f   JSCUDA:JSCUDA.dll
 0001:00009dbc       matrixGetrfBatched         000000018000adbc f   JSCUDA:JSCUDA.dll
 0001:00009dc2       matrixGetrsBatched         000000018000adc2 f   JSCUDA:JSCUDA.dll
 0001:00009dc8       GetModuleHandleA           000000018000adc8 f   kernel32:KERNEL32.dll
 0001:00009dce       __imp_load_??0HandleScope@v8@@QEAA@PEAVIsolate@1@@Z 000000018000adce f   node:node.exe
 0001:00009dda       __tailMerge_node_exe       000000018000adda f i node:node.exe
 0001:00009e53       ??0HandleScope@v8@@QEAA@PEAVIsolate@1@@Z 000000018000ae53 f   node:node.exe
 0001:00009e59       __imp_load_??1HandleScope@v8@@QEAA@XZ 000000018000ae59 f   node:node.exe
 0001:00009e65       ??1HandleScope@v8@@QEAA@XZ 000000018000ae65 f   node:node.exe
 0001:00009e6b       __imp_load_?IsArray@Value@v8@@QEBA_NXZ 000000018000ae6b f   node:node.exe
 0001:00009e77       ?IsArray@Value@v8@@QEBA_NXZ 000000018000ae77 f   node:node.exe
 0001:00009e7d       __imp_load_?ToObject@Value@v8@@QEBA?AV?$Local@VObject@v8@@@2@XZ 000000018000ae7d f   node:node.exe
 0001:00009e89       ?ToObject@Value@v8@@QEBA?AV?$Local@VObject@v8@@@2@XZ 000000018000ae89 f   node:node.exe
 0001:00009e8f       __imp_load_?NewFromUtf8@String@v8@@SA?AV?$Local@VString@v8@@@2@PEAVIsolate@2@PEBDW4NewStringType@12@H@Z 000000018000ae8f f   node:node.exe
 0001:00009e9b       ?NewFromUtf8@String@v8@@SA?AV?$Local@VString@v8@@@2@PEAVIsolate@2@PEBDW4NewStringType@12@H@Z 000000018000ae9b f   node:node.exe
 0001:00009ea1       __imp_load_?NewFromUnsigned@Integer@v8@@SA?AV?$Local@VInteger@v8@@@2@PEAVIsolate@2@I@Z 000000018000aea1 f   node:node.exe
 0001:00009ead       ?NewFromUnsigned@Integer@v8@@SA?AV?$Local@VInteger@v8@@@2@PEAVIsolate@2@I@Z 000000018000aead f   node:node.exe
 0001:00009eb3       __imp_load_?Set@Object@v8@@QEAA_NV?$Local@VValue@v8@@@2@0@Z 000000018000aeb3 f   node:node.exe
 0001:00009ebf       ?Set@Object@v8@@QEAA_NV?$Local@VValue@v8@@@2@0@Z 000000018000aebf f   node:node.exe
 0001:00009ec5       __imp_load_?Get@Object@v8@@QEAA?AV?$Local@VValue@v8@@@2@I@Z 000000018000aec5 f   node:node.exe
 0001:00009ed1       ?Get@Object@v8@@QEAA?AV?$Local@VValue@v8@@@2@I@Z 000000018000aed1 f   node:node.exe
 0001:00009ed7       __imp_load_?InternalFieldCount@Object@v8@@QEAAHXZ 000000018000aed7 f   node:node.exe
 0001:00009ee3       ?InternalFieldCount@Object@v8@@QEAAHXZ 000000018000aee3 f   node:node.exe
 0001:00009ee9       __imp_load_?GetAlignedPointerFromInternalField@Object@v8@@QEAAPEAXH@Z 000000018000aee9 f   node:node.exe
 0001:00009ef5       ?GetAlignedPointerFromInternalField@Object@v8@@QEAAPEAXH@Z 000000018000aef5 f   node:node.exe
 0001:00009efb       __imp_load_?SetAlignedPointerInInternalField@Object@v8@@QEAAXHPEAX@Z 000000018000aefb f   node:node.exe
 0001:00009f07       ?SetAlignedPointerInInternalField@Object@v8@@QEAAXHPEAX@Z 000000018000af07 f   node:node.exe
 0001:00009f0d       __imp_load_?GetIsolate@Object@v8@@QEAAPEAVIsolate@2@XZ 000000018000af0d f   node:node.exe
 0001:00009f19       ?GetIsolate@Object@v8@@QEAAPEAVIsolate@2@XZ 000000018000af19 f   node:node.exe
 0001:00009f1f       __imp_load_?Length@Array@v8@@QEBAIXZ 000000018000af1f f   node:node.exe
 0001:00009f2b       ?Length@Array@v8@@QEBAIXZ  000000018000af2b f   node:node.exe
 0001:00009f31       __imp_load_?Cast@Array@v8@@SAPEAV12@PEAVValue@2@@Z 000000018000af31 f   node:node.exe
 0001:00009f3d       ?Cast@Array@v8@@SAPEAV12@PEAVValue@2@@Z 000000018000af3d f   node:node.exe
 0001:00009f43       __imp_load_?Set@Template@v8@@QEAAXV?$Local@VName@v8@@@2@V?$Local@VData@v8@@@2@W4PropertyAttribute@2@@Z 000000018000af43 f   node:node.exe
 0001:00009f4f       ?Set@Template@v8@@QEAAXV?$Local@VName@v8@@@2@V?$Local@VData@v8@@@2@W4PropertyAttribute@2@@Z 000000018000af4f f   node:node.exe
 0001:00009f55       __imp_load_?New@FunctionTemplate@v8@@SA?AV?$Local@VFunctionTemplate@v8@@@2@PEAVIsolate@2@P6AXAEBV?$FunctionCallbackInfo@VValue@v8@@@2@@ZV?$Local@VValue@v8@@@2@V?$Local@VSignature@v8@@@2@H@Z 000000018000af55 f   node:node.exe
 0001:00009f61       ?New@FunctionTemplate@v8@@SA?AV?$Local@VFunctionTemplate@v8@@@2@PEAVIsolate@2@P6AXAEBV?$FunctionCallbackInfo@VValue@v8@@@2@@ZV?$Local@VValue@v8@@@2@V?$Local@VSignature@v8@@@2@H@Z 000000018000af61 f   node:node.exe
 0001:00009f67       __imp_load_?GetFunction@FunctionTemplate@v8@@QEAA?AV?$Local@VFunction@v8@@@2@XZ 000000018000af67 f   node:node.exe
 0001:00009f73       ?GetFunction@FunctionTemplate@v8@@QEAA?AV?$Local@VFunction@v8@@@2@XZ 000000018000af73 f   node:node.exe
 0001:00009f79       __imp_load_?InstanceTemplate@FunctionTemplate@v8@@QEAA?AV?$Local@VObjectTemplate@v8@@@2@XZ 000000018000af79 f   node:node.exe
 0001:00009f85       ?InstanceTemplate@FunctionTemplate@v8@@QEAA?AV?$Local@VObjectTemplate@v8@@@2@XZ 000000018000af85 f   node:node.exe
 0001:00009f8b       __imp_load_?PrototypeTemplate@FunctionTemplate@v8@@QEAA?AV?$Local@VObjectTemplate@v8@@@2@XZ 000000018000af8b f   node:node.exe
 0001:00009f97       ?PrototypeTemplate@FunctionTemplate@v8@@QEAA?AV?$Local@VObjectTemplate@v8@@@2@XZ 000000018000af97 f   node:node.exe
 0001:00009f9d       __imp_load_?SetClassName@FunctionTemplate@v8@@QEAAXV?$Local@VString@v8@@@2@@Z 000000018000af9d f   node:node.exe
 0001:00009fa9       ?SetClassName@FunctionTemplate@v8@@QEAAXV?$Local@VString@v8@@@2@@Z 000000018000afa9 f   node:node.exe
 0001:00009faf       __imp_load_?SetInternalFieldCount@ObjectTemplate@v8@@QEAAXH@Z 000000018000afaf f   node:node.exe
 0001:00009fbb       ?SetInternalFieldCount@ObjectTemplate@v8@@QEAAXH@Z 000000018000afbb f   node:node.exe
 0001:00009fc1       __imp_load_?New@Signature@v8@@SA?AV?$Local@VSignature@v8@@@2@PEAVIsolate@2@V?$Local@VFunctionTemplate@v8@@@2@@Z 000000018000afc1 f   node:node.exe
 0001:00009fcd       ?New@Signature@v8@@SA?AV?$Local@VSignature@v8@@@2@PEAVIsolate@2@V?$Local@VFunctionTemplate@v8@@@2@@Z 000000018000afcd f   node:node.exe
 0001:00009fd3       __imp_load_?SyntaxError@Exception@v8@@SA?AV?$Local@VValue@v8@@@2@V?$Local@VString@v8@@@2@@Z 000000018000afd3 f   node:node.exe
 0001:00009fdf       ?SyntaxError@Exception@v8@@SA?AV?$Local@VValue@v8@@@2@V?$Local@VString@v8@@@2@@Z 000000018000afdf f   node:node.exe
 0001:00009fe5       __imp_load_?TypeError@Exception@v8@@SA?AV?$Local@VValue@v8@@@2@V?$Local@VString@v8@@@2@@Z 000000018000afe5 f   node:node.exe
 0001:00009ff1       ?TypeError@Exception@v8@@SA?AV?$Local@VValue@v8@@@2@V?$Local@VString@v8@@@2@@Z 000000018000aff1 f   node:node.exe
 0001:00009ff7       __imp_load_?Error@Exception@v8@@SA?AV?$Local@VValue@v8@@@2@V?$Local@VString@v8@@@2@@Z 000000018000aff7 f   node:node.exe
 0001:0000a003       ?Error@Exception@v8@@SA?AV?$Local@VValue@v8@@@2@V?$Local@VString@v8@@@2@@Z 000000018000b003 f   node:node.exe
 0001:0000a009       __imp_load_?GetCurrent@Isolate@v8@@SAPEAV12@XZ 000000018000b009 f   node:node.exe
 0001:0000a015       ?GetCurrent@Isolate@v8@@SAPEAV12@XZ 000000018000b015 f   node:node.exe
 0001:0000a01b       __imp_load_?ThrowException@Isolate@v8@@QEAA?AV?$Local@VValue@v8@@@2@V32@@Z 000000018000b01b f   node:node.exe
 0001:0000a027       ?ThrowException@Isolate@v8@@QEAA?AV?$Local@VValue@v8@@@2@V32@@Z 000000018000b027 f   node:node.exe
 0001:0000a02d       __imp_load_?GlobalizeReference@V8@v8@@CAPEAPEAVObject@internal@2@PEAVIsolate@42@PEAPEAV342@@Z 000000018000b02d f   node:node.exe
 0001:0000a039       ?GlobalizeReference@V8@v8@@CAPEAPEAVObject@internal@2@PEAVIsolate@42@PEAPEAV342@@Z 000000018000b039 f   node:node.exe
 0001:0000a03f       __imp_load_?DisposeGlobal@V8@v8@@CAXPEAPEAVObject@internal@2@@Z 000000018000b03f f   node:node.exe
 0001:0000a04b       ?DisposeGlobal@V8@v8@@CAXPEAPEAVObject@internal@2@@Z 000000018000b04b f   node:node.exe
 0001:0000a051       __imp_load_?MakeWeak@V8@v8@@CAXPEAPEAVObject@internal@2@PEAXP6AXAEBV?$WeakCallbackInfo@X@2@@ZW4WeakCallbackType@2@@Z 000000018000b051 f   node:node.exe
 0001:0000a05d       ?MakeWeak@V8@v8@@CAXPEAPEAVObject@internal@2@PEAXP6AXAEBV?$WeakCallbackInfo@X@2@@ZW4WeakCallbackType@2@@Z 000000018000b05d f   node:node.exe
 0001:0000a063       __imp_load_?ClearWeak@V8@v8@@CAPEAXPEAPEAVObject@internal@2@@Z 000000018000b063 f   node:node.exe
 0001:0000a06f       ?ClearWeak@V8@v8@@CAPEAXPEAPEAVObject@internal@2@@Z 000000018000b06f f   node:node.exe
 0001:0000a075       __imp_load_?IsInt32@Value@v8@@QEBA_NXZ 000000018000b075 f   node:node.exe
 0001:0000a081       ?IsInt32@Value@v8@@QEBA_NXZ 000000018000b081 f   node:node.exe
 0001:0000a087       __imp_load_?IsUint32@Value@v8@@QEBA_NXZ 000000018000b087 f   node:node.exe
 0001:0000a093       ?IsUint32@Value@v8@@QEBA_NXZ 000000018000b093 f   node:node.exe
 0001:0000a099       __imp_load_?IsFloat32Array@Value@v8@@QEBA_NXZ 000000018000b099 f   node:node.exe
 0001:0000a0a5       ?IsFloat32Array@Value@v8@@QEBA_NXZ 000000018000b0a5 f   node:node.exe
 0001:0000a0ab       __imp_load_?Uint32Value@Value@v8@@QEBAIXZ 000000018000b0ab f   node:node.exe
 0001:0000a0b7       ?Uint32Value@Value@v8@@QEBAIXZ 000000018000b0b7 f   node:node.exe
 0001:0000a0bd       __imp_load_?Int32Value@Value@v8@@QEBAHXZ 000000018000b0bd f   node:node.exe
 0001:0000a0c9       ?Int32Value@Value@v8@@QEBAHXZ 000000018000b0c9 f   node:node.exe
 0001:0000a0cf       __imp_load_?Data@Contents@ArrayBuffer@v8@@QEBAPEAXXZ 000000018000b0cf f   node:node.exe
 0001:0000a0db       ?Data@Contents@ArrayBuffer@v8@@QEBAPEAXXZ 000000018000b0db f   node:node.exe
 0001:0000a0e1       __imp_load_?ByteLength@ArrayBuffer@v8@@QEBA_KXZ 000000018000b0e1 f   node:node.exe
 0001:0000a0ed       ?ByteLength@ArrayBuffer@v8@@QEBA_KXZ 000000018000b0ed f   node:node.exe
 0001:0000a0f3       __imp_load_?GetContents@ArrayBuffer@v8@@QEAA?AVContents@12@XZ 000000018000b0f3 f   node:node.exe
 0001:0000a0ff       ?GetContents@ArrayBuffer@v8@@QEAA?AVContents@12@XZ 000000018000b0ff f   node:node.exe
 0001:0000a105       __imp_load_?Buffer@ArrayBufferView@v8@@QEAA?AV?$Local@VArrayBuffer@v8@@@2@XZ 000000018000b105 f   node:node.exe
 0001:0000a111       ?Buffer@ArrayBufferView@v8@@QEAA?AV?$Local@VArrayBuffer@v8@@@2@XZ 000000018000b111 f   node:node.exe
 0001:0000a117       __imp_load_?Length@TypedArray@v8@@QEAA_KXZ 000000018000b117 f   node:node.exe
 0001:0000a123       ?Length@TypedArray@v8@@QEAA_KXZ 000000018000b123 f   node:node.exe
 0001:0000a129       __imp_load_?Cast@Float32Array@v8@@SAPEAV12@PEAVValue@2@@Z 000000018000b129 f   node:node.exe
 0001:0000a135       ?Cast@Float32Array@v8@@SAPEAV12@PEAVValue@2@@Z 000000018000b135 f   node:node.exe
 0001:0000a13b       __imp_load_?RangeError@Exception@v8@@SA?AV?$Local@VValue@v8@@@2@V?$Local@VString@v8@@@2@@Z 000000018000b13b f   node:node.exe
 0001:0000a147       ?RangeError@Exception@v8@@SA?AV?$Local@VValue@v8@@@2@V?$Local@VString@v8@@@2@@Z 000000018000b147 f   node:node.exe
 0001:0000a14d       __imp_load_?BooleanValue@Value@v8@@QEBA_NXZ 000000018000b14d f   node:node.exe
 0001:0000a159       ?BooleanValue@Value@v8@@QEBA_NXZ 000000018000b159 f   node:node.exe
 0001:0000a15f       __imp_load_?NumberValue@Value@v8@@QEBANXZ 000000018000b15f f   node:node.exe
 0001:0000a16b       ?NumberValue@Value@v8@@QEBANXZ 000000018000b16b f   node:node.exe
 0001:0000a171       __imp_load_?New@Boolean@v8@@SA?AV?$Local@VBoolean@v8@@@2@PEAVIsolate@2@_N@Z 000000018000b171 f   node:node.exe
 0001:0000a17d       ?New@Boolean@v8@@SA?AV?$Local@VBoolean@v8@@@2@PEAVIsolate@2@_N@Z 000000018000b17d f   node:node.exe
 0001:0000a183       __imp_load_?New@Number@v8@@SA?AV?$Local@VNumber@v8@@@2@PEAVIsolate@2@N@Z 000000018000b183 f   node:node.exe
 0001:0000a18f       ?New@Number@v8@@SA?AV?$Local@VNumber@v8@@@2@PEAVIsolate@2@N@Z 000000018000b18f f   node:node.exe
 0001:0000a195       __imp_load_?Get@Object@v8@@QEAA?AV?$Local@VValue@v8@@@2@V32@@Z 000000018000b195 f   node:node.exe
 0001:0000a1a1       ?Get@Object@v8@@QEAA?AV?$Local@VValue@v8@@@2@V32@@Z 000000018000b1a1 f   node:node.exe
 0001:0000a1a7       __imp_load_?Cast@Object@v8@@SAPEAV12@PEAVValue@2@@Z 000000018000b1a7 f   node:node.exe
 0001:0000a1b3       ?Cast@Object@v8@@SAPEAV12@PEAVValue@2@@Z 000000018000b1b3 f   node:node.exe
 0001:0000a1b9       __imp_load_?SetName@Function@v8@@QEAAXV?$Local@VString@v8@@@2@@Z 000000018000b1b9 f   node:node.exe
 0001:0000a1c5       ?SetName@Function@v8@@QEAAXV?$Local@VString@v8@@@2@@Z 000000018000b1c5 f   node:node.exe
 0001:0000a1cb       __imp_load_?Cast@Int32Array@v8@@SAPEAV12@PEAVValue@2@@Z 000000018000b1cb f   node:node.exe
 0001:0000a1d7       ?Cast@Int32Array@v8@@SAPEAV12@PEAVValue@2@@Z 000000018000b1d7 f   node:node.exe
 0001:0000a1dd       __imp_load_?ReferenceError@Exception@v8@@SA?AV?$Local@VValue@v8@@@2@V?$Local@VString@v8@@@2@@Z 000000018000b1dd f   node:node.exe
 0001:0000a1e9       ?ReferenceError@Exception@v8@@SA?AV?$Local@VValue@v8@@@2@V?$Local@VString@v8@@@2@@Z 000000018000b1e9 f   node:node.exe
 0001:0000a1ef       __imp_load_node_module_register 000000018000b1ef f   node:node.exe
 0001:0000a1fb       node_module_register       000000018000b1fb f   node:node.exe
 0001:0000a210       ??0bad_alloc@std@@QEAA@AEBV01@@Z 000000018000b210 f i LIBCMTD:new.obj
 0001:0000a250       ??0bad_alloc@std@@QEAA@XZ  000000018000b250 f i LIBCMTD:new.obj
 0001:0000a2a0       ??1bad_alloc@std@@UEAA@XZ  000000018000b2a0 f i LIBCMTD:new.obj
 0001:0000a2d0       ??2@YAPEAX_K@Z             000000018000b2d0 f   LIBCMTD:new.obj
 0001:0000a330       ??_Ebad_alloc@std@@UEAAPEAXI@Z 000000018000b330 f i LIBCMTD:new.obj
 0001:0000a330       ??_Gbad_alloc@std@@UEAAPEAXI@Z 000000018000b330 f i LIBCMTD:new.obj
 0001:0000a370       ??3@YAXPEAX@Z              000000018000b370 f   LIBCMTD:dbgdel.obj
 0001:0000a440       __onexitinit               000000018000b440 f   LIBCMTD:onexit.obj
 0001:0000a4b0       _onexit                    000000018000b4b0 f   LIBCMTD:onexit.obj
 0001:0000a6c0       atexit                     000000018000b6c0 f   LIBCMTD:onexit.obj
 0001:0000a700       _get_printf_count_output   000000018000b700 f   LIBCMTD:printf.obj
 0001:0000a730       _printf_l                  000000018000b730 f   LIBCMTD:printf.obj
 0001:0000a770       _printf_p                  000000018000b770 f   LIBCMTD:printf.obj
 0001:0000a7b0       _printf_p_l                000000018000b7b0 f   LIBCMTD:printf.obj
 0001:0000a7f0       _printf_s_l                000000018000b7f0 f   LIBCMTD:printf.obj
 0001:0000a830       _set_printf_count_output   000000018000b830 f   LIBCMTD:printf.obj
 0001:0000a8a0       printf                     000000018000b8a0 f   LIBCMTD:printf.obj
 0001:0000aa20       printf_s                   000000018000ba20 f   LIBCMTD:printf.obj
 0001:0000aa60       _invoke_watson_if_error    000000018000ba60 f i LIBCMTD:wassert.obj
 0001:0000aab0       _wassert                   000000018000bab0 f   LIBCMTD:wassert.obj
 0001:0000b990       free                       000000018000c990 f   LIBCMTD:dbgfree.obj
 0001:0000b9b0       malloc                     000000018000c9b0 f   LIBCMTD:dbgmalloc.obj
 0001:0000b9f0       _hypot                     000000018000c9f0 f   LIBCMTD:hypot.obj
 0001:0000c010       _RTC_AllocaHelper          000000018000d010 f   LIBCMTD:stack.obj
 0001:0000c050       _RTC_CheckStackVars        000000018000d050 f   LIBCMTD:stack.obj
 0001:0000c0e0       _RTC_CheckStackVars2       000000018000d0e0 f   LIBCMTD:stack.obj
 0001:0000c1f0       _RTC_InitBase              000000018000d1f0 f   LIBCMTD:init.obj
 0001:0000c230       _RTC_Shutdown              000000018000d230 f   LIBCMTD:init.obj
 0001:0000c260       ??0type_info@@AEAA@AEBV0@@Z 000000018000d260 f   LIBCMTD:typinfo.obj
 0001:0000c280       ??1type_info@@UEAA@XZ      000000018000d280 f   LIBCMTD:typinfo.obj
 0001:0000c2b0       ??4type_info@@AEAAAEAV0@AEBV0@@Z 000000018000d2b0 f   LIBCMTD:typinfo.obj
 0001:0000c2c0       ??8type_info@@QEBA_NAEBV0@@Z 000000018000d2c0 f   LIBCMTD:typinfo.obj
 0001:0000c310       ??9type_info@@QEBA_NAEBV0@@Z 000000018000d310 f   LIBCMTD:typinfo.obj
 0001:0000c360       ??_Gtype_info@@UEAAPEAXI@Z 000000018000d360 f i LIBCMTD:typinfo.obj
 0001:0000c360       ??_Etype_info@@UEAAPEAXI@Z 000000018000d360 f i LIBCMTD:typinfo.obj
 0001:0000c3a0       ?_name_internal_method@type_info@@QEBAPEBDPEAU__type_info_node@@@Z 000000018000d3a0 f   LIBCMTD:typinfo.obj
 0001:0000c3d0       ?_type_info_dtor_internal_method@type_info@@QEAAXXZ 000000018000d3d0 f   LIBCMTD:typinfo.obj
 0001:0000c3f0       ?before@type_info@@QEBA_NAEBV1@@Z 000000018000d3f0 f   LIBCMTD:typinfo.obj
 0001:0000c440       ?name@type_info@@QEBAPEBDPEAU__type_info_node@@@Z 000000018000d440 f   LIBCMTD:typinfo.obj
 0001:0000c470       ?raw_name@type_info@@QEBAPEBDXZ 000000018000d470 f   LIBCMTD:typinfo.obj
 0001:0000c480       _fpmath                    000000018000d480 f   LIBCMTD:fpinit.obj
 0001:0000c4a0       __setfflag                 000000018000d4a0 f   LIBCMTD:fpinit.obj
 0001:0000c4d0       _cfltcvt_init              000000018000d4d0 f   LIBCMTD:fpinit.obj
 0001:0000c5e0       __initstdio                000000018000d5e0 f   LIBCMTD:_file.obj
 0001:0000c6e0       __endstdio                 000000018000d6e0 f   LIBCMTD:_file.obj
 0001:0000c720       __iob_func                 000000018000d720 f   LIBCMTD:_file.obj
 0001:0000c730       _lock_file                 000000018000d730 f   LIBCMTD:_file.obj
 0001:0000c7c0       _lock_file2                000000018000d7c0 f   LIBCMTD:_file.obj
 0001:0000c810       _unlock_file               000000018000d810 f   LIBCMTD:_file.obj
 0001:0000c8a0       _unlock_file2              000000018000d8a0 f   LIBCMTD:_file.obj
 0001:0000c8f0       _fprintf_l                 000000018000d8f0 f   LIBCMTD:fprintf.obj
 0001:0000c930       _fprintf_p                 000000018000d930 f   LIBCMTD:fprintf.obj
 0001:0000c970       _fprintf_p_l               000000018000d970 f   LIBCMTD:fprintf.obj
 0001:0000c9b0       _fprintf_s_l               000000018000d9b0 f   LIBCMTD:fprintf.obj
 0001:0000c9f0       fprintf                    000000018000d9f0 f   LIBCMTD:fprintf.obj
 0001:0000cd70       fprintf_s                  000000018000dd70 f   LIBCMTD:fprintf.obj
 0001:0000ce50       ?_RTC_AllocaFailure@@YAXPEAXPEAU_RTC_ALLOCA_NODE@@H@Z 000000018000de50 f   LIBCMTD:error.obj
 0001:0000d010       ?_RTC_Failure@@YAXPEAXH@Z  000000018000e010 f   LIBCMTD:error.obj
 0001:0000d060       ?_RTC_StackFailure@@YAXPEAXPEBD@Z 000000018000e060 f   LIBCMTD:error.obj
 0001:0000d4c0       _RTC_UninitUse             000000018000e4c0 f   LIBCMTD:error.obj
 0001:0000d5e0       ??0_LocaleUpdate@@QEAA@PEAUlocaleinfo_struct@@@Z 000000018000e5e0 f i LIBCMTD:stricmp.obj
 0001:0000d720       ??1_LocaleUpdate@@QEAA@XZ  000000018000e720 f i LIBCMTD:stricmp.obj
 0001:0000d760       ?GetLocaleT@_LocaleUpdate@@QEAAPEAUlocaleinfo_struct@@XZ 000000018000e760 f i LIBCMTD:stricmp.obj
 0001:0000d770       __ascii_stricmp            000000018000e770 f   LIBCMTD:stricmp.obj
 0001:0000d810       _stricmp                   000000018000e810 f   LIBCMTD:stricmp.obj
 0001:0000d9b0       _stricmp_l                 000000018000e9b0 f   LIBCMTD:stricmp.obj
 0001:0000dc60       _CRT_INIT                  000000018000ec60 f   LIBCMTD:dllcrt0.obj
 0001:0000de80       _DllMainCRTStartup         000000018000ee80 f   LIBCMTD:dllcrt0.obj
 0001:0000e020       __DllXcptFilter            000000018000f020 f   LIBCMTD:dllcrt0.obj
 0001:0000e070       ??0__non_rtti_object@std@@QEAA@AEBV01@@Z 000000018000f070 f   LIBCMTD:stdexcpt.obj
 0001:0000e0b0       ??0__non_rtti_object@std@@QEAA@PEBD@Z 000000018000f0b0 f   LIBCMTD:stdexcpt.obj
 0001:0000e0f0       ??0bad_cast@std@@QEAA@AEBV01@@Z 000000018000f0f0 f   LIBCMTD:stdexcpt.obj
 0001:0000e130       ??0bad_cast@std@@QEAA@PEBD@Z 000000018000f130 f   LIBCMTD:stdexcpt.obj
 0001:0000e170       ??0bad_typeid@std@@QEAA@AEBV01@@Z 000000018000f170 f   LIBCMTD:stdexcpt.obj
 0001:0000e1b0       ??0bad_typeid@std@@QEAA@PEBD@Z 000000018000f1b0 f   LIBCMTD:stdexcpt.obj
 0001:0000e1f0       ??0exception@std@@QEAA@AEBQEBD@Z 000000018000f1f0 f   LIBCMTD:stdexcpt.obj
 0001:0000e240       ??0exception@std@@QEAA@AEBQEBDH@Z 000000018000f240 f   LIBCMTD:stdexcpt.obj
 0001:0000e280       ??0exception@std@@QEAA@AEBV01@@Z 000000018000f280 f   LIBCMTD:stdexcpt.obj
 0001:0000e2d0       ??0exception@std@@QEAA@XZ  000000018000f2d0 f   LIBCMTD:stdexcpt.obj
 0001:0000e300       ??1__non_rtti_object@std@@UEAA@XZ 000000018000f300 f   LIBCMTD:stdexcpt.obj
 0001:0000e330       ??1bad_cast@std@@UEAA@XZ   000000018000f330 f   LIBCMTD:stdexcpt.obj
 0001:0000e360       ??1bad_typeid@std@@UEAA@XZ 000000018000f360 f   LIBCMTD:stdexcpt.obj
 0001:0000e390       ??1exception@std@@UEAA@XZ  000000018000f390 f   LIBCMTD:stdexcpt.obj
 0001:0000e3c0       ??4exception@std@@QEAAAEAV01@AEBV01@@Z 000000018000f3c0 f   LIBCMTD:stdexcpt.obj
 0001:0000e430       ??_E__non_rtti_object@std@@UEAAPEAXI@Z 000000018000f430 f i LIBCMTD:stdexcpt.obj
 0001:0000e430       ??_G__non_rtti_object@std@@UEAAPEAXI@Z 000000018000f430 f i LIBCMTD:stdexcpt.obj
 0001:0000e470       ??_Gbad_cast@std@@UEAAPEAXI@Z 000000018000f470 f i LIBCMTD:stdexcpt.obj
 0001:0000e470       ??_Ebad_cast@std@@UEAAPEAXI@Z 000000018000f470 f i LIBCMTD:stdexcpt.obj
 0001:0000e4b0       ??_Ebad_typeid@std@@UEAAPEAXI@Z 000000018000f4b0 f i LIBCMTD:stdexcpt.obj
 0001:0000e4b0       ??_Gbad_typeid@std@@UEAAPEAXI@Z 000000018000f4b0 f i LIBCMTD:stdexcpt.obj
 0001:0000e4f0       ??_Eexception@std@@UEAAPEAXI@Z 000000018000f4f0 f i LIBCMTD:stdexcpt.obj
 0001:0000e4f0       ??_Gexception@std@@UEAAPEAXI@Z 000000018000f4f0 f i LIBCMTD:stdexcpt.obj
 0001:0000e530       ?_Copy_str@exception@std@@AEAAXPEBD@Z 000000018000f530 f   LIBCMTD:stdexcpt.obj
 0001:0000e5a0       ?_Tidy@exception@std@@AEAAXXZ 000000018000f5a0 f   LIBCMTD:stdexcpt.obj
 0001:0000e5e0       ?what@exception@std@@UEBAPEBDXZ 000000018000f5e0 f   LIBCMTD:stdexcpt.obj
 0001:0000e620       ?_query_new_handler@@YAP6AH_K@ZXZ 000000018000f620 f   LIBCMTD:handler.obj
 0001:0000e640       ?_set_new_handler@@YAP6AH_K@ZH@Z 000000018000f640 f   LIBCMTD:handler.obj
 0001:0000e6a0       ?_set_new_handler@@YAP6AH_K@ZP6AH0@Z@Z 000000018000f6a0 f   LIBCMTD:handler.obj
 0001:0000e6f0       _callnewh                  000000018000f6f0 f   LIBCMTD:handler.obj
 0001:0000e730       _initp_heap_handler        000000018000f730 f   LIBCMTD:handler.obj
 0001:0000e750       _CxxThrowException         000000018000f750 f   LIBCMTD:throw.obj
 0001:0000e870       _lock                      000000018000f870 f   LIBCMTD:mlock.obj
 0001:0000e8d0       _lockerr_exit              000000018000f8d0 f   LIBCMTD:mlock.obj
 0001:0000e900       _mtdeletelocks             000000018000f900 f   LIBCMTD:mlock.obj
 0001:0000ea20       _mtinitlocknum             000000018000fa20 f   LIBCMTD:mlock.obj
 0001:0000eb20       _mtinitlocks               000000018000fb20 f   LIBCMTD:mlock.obj
 0001:0000ebc0       _unlock                    000000018000fbc0 f   LIBCMTD:mlock.obj
 0001:0000ebf0       ?_CrtDbgReportW@@YAHHPEBGH00ZZ 000000018000fbf0 f   LIBCMTD:dbgrptw.obj
 0001:0000ec70       _CrtDbgReportW             000000018000fc70 f   LIBCMTD:dbgrptw.obj
 0001:0000ecf0       _CrtDbgReportWV            000000018000fcf0 f i LIBCMTD:dbgrptw.obj
 0001:0000ed50       _CrtSetReportHookW2        000000018000fd50 f   LIBCMTD:dbgrptw.obj
 0001:0000f160       __crtMessageWindowW        0000000180010160 f   LIBCMTD:dbgrptw.obj
 0001:0000f7e0       _invoke_watson_if_oneof    00000001800107e0 f i LIBCMTD:dbgrptw.obj
 0001:0000fd80       _CrtCheckMemory            0000000180010d80 f   LIBCMTD:dbgheap.obj
 0001:00010320       _CrtDoForAllClientObjects  0000000180011320 f   LIBCMTD:dbgheap.obj
 0001:00010450       _CrtDumpMemoryLeaks        0000000180011450 f   LIBCMTD:dbgheap.obj
 0001:00010510       _CrtGetAllocHook           0000000180011510 f   LIBCMTD:dbgheap.obj
 0001:00010520       _CrtGetCheckCount          0000000180011520 f   LIBCMTD:dbgheap.obj
 0001:00010530       _CrtGetDumpClient          0000000180011530 f   LIBCMTD:dbgheap.obj
 0001:00010540       _CrtIsMemoryBlock          0000000180011540 f   LIBCMTD:dbgheap.obj
 0001:000106c0       _CrtIsValidHeapPointer     00000001800116c0 f   LIBCMTD:dbgheap.obj
 0001:00010720       _CrtIsValidPointer         0000000180011720 f   LIBCMTD:dbgheap.obj
 0001:00010760       _CrtMemCheckpoint          0000000180011760 f   LIBCMTD:dbgheap.obj
 0001:000109f0       _CrtMemDifference          00000001800119f0 f   LIBCMTD:dbgheap.obj
 0001:00010d20       _CrtMemDumpAllObjectsSince 0000000180011d20 f   LIBCMTD:dbgheap.obj
 0001:00010d70       _CrtMemDumpStatistics      0000000180011d70 f   LIBCMTD:dbgheap.obj
 0001:00010f00       _CrtReportBlockType        0000000180011f00 f   LIBCMTD:dbgheap.obj
 0001:00010f40       _CrtSetAllocHook           0000000180011f40 f   LIBCMTD:dbgheap.obj
 0001:00010f70       _CrtSetBreakAlloc          0000000180011f70 f   LIBCMTD:dbgheap.obj
 0001:00010fa0       _CrtSetCheckCount          0000000180011fa0 f   LIBCMTD:dbgheap.obj
 0001:00010fc0       _CrtSetDbgBlockType        0000000180011fc0 f   LIBCMTD:dbgheap.obj
 0001:00011090       _CrtSetDbgFlag             0000000180012090 f   LIBCMTD:dbgheap.obj
 0001:000111d0       _CrtSetDebugFillThreshold  00000001800121d0 f   LIBCMTD:dbgheap.obj
 0001:00011200       _CrtSetDumpClient          0000000180012200 f   LIBCMTD:dbgheap.obj
 0001:00011230       _aligned_free              0000000180012230 f   LIBCMTD:dbgheap.obj
 0001:00011250       _aligned_free_dbg          0000000180012250 f   LIBCMTD:dbgheap.obj
 0001:00011340       _aligned_malloc            0000000180012340 f   LIBCMTD:dbgheap.obj
 0001:00011370       _aligned_malloc_dbg        0000000180012370 f   LIBCMTD:dbgheap.obj
 0001:000113b0       _aligned_msize             00000001800123b0 f   LIBCMTD:dbgheap.obj
 0001:000113e0       _aligned_msize_dbg         00000001800123e0 f   LIBCMTD:dbgheap.obj
 0001:000115a0       _aligned_offset_malloc     00000001800125a0 f   LIBCMTD:dbgheap.obj
 0001:000115e0       _aligned_offset_malloc_dbg 00000001800125e0 f   LIBCMTD:dbgheap.obj
 0001:000118c0       _aligned_offset_realloc    00000001800128c0 f   LIBCMTD:dbgheap.obj
 0001:00011910       _aligned_offset_realloc_dbg 0000000180012910 f   LIBCMTD:dbgheap.obj
 0001:00011db0       _aligned_offset_recalloc   0000000180012db0 f   LIBCMTD:dbgheap.obj
 0001:00011e10       _aligned_offset_recalloc_dbg 0000000180012e10 f   LIBCMTD:dbgheap.obj
 0001:00011f30       _aligned_realloc           0000000180012f30 f   LIBCMTD:dbgheap.obj
 0001:00011f70       _aligned_realloc_dbg       0000000180012f70 f   LIBCMTD:dbgheap.obj
 0001:00011fc0       _aligned_recalloc          0000000180012fc0 f   LIBCMTD:dbgheap.obj
 0001:00012010       _aligned_recalloc_dbg      0000000180013010 f   LIBCMTD:dbgheap.obj
 0001:00012070       _calloc_dbg                0000000180013070 f   LIBCMTD:dbgheap.obj
 0001:000120f0       _calloc_dbg_impl           00000001800130f0 f   LIBCMTD:dbgheap.obj
 0001:000121a0       _expand                    00000001800131a0 f   LIBCMTD:dbgheap.obj
 0001:000121e0       _expand_dbg                00000001800131e0 f   LIBCMTD:dbgheap.obj
 0001:00012310       _free_dbg                  0000000180013310 f   LIBCMTD:dbgheap.obj
 0001:00012350       _free_dbg_nolock           0000000180013350 f   LIBCMTD:dbgheap.obj
 0001:00012a40       _free_nolock               0000000180013a40 f   LIBCMTD:dbgheap.obj
 0001:00012a60       _heap_alloc                0000000180013a60 f   LIBCMTD:dbgheap.obj
 0001:00012a90       _heap_alloc_dbg            0000000180013a90 f   LIBCMTD:dbgheap.obj
 0001:00012fb0       _malloc_dbg                0000000180013fb0 f   LIBCMTD:dbgheap.obj
 0001:00013000       _msize                     0000000180014000 f   LIBCMTD:dbgheap.obj
 0001:00013020       _msize_dbg                 0000000180014020 f   LIBCMTD:dbgheap.obj
 0001:00013270       _nh_malloc                 0000000180014270 f   LIBCMTD:dbgheap.obj
 0001:000132b0       _nh_malloc_dbg             00000001800142b0 f   LIBCMTD:dbgheap.obj
 0001:00013640       _realloc_dbg               0000000180014640 f   LIBCMTD:dbgheap.obj
 0001:000136b0       _recalloc                  00000001800146b0 f   LIBCMTD:dbgheap.obj
 0001:00013700       _recalloc_dbg              0000000180014700 f   LIBCMTD:dbgheap.obj
 0001:00014100       __C_specific_handler       0000000180015100 f   LIBCMTD:chandler.obj
 0001:00014520       __copy_path_to_wide_string 0000000180015520 f   LIBCMTD:crt0dat.obj
 0001:000147a0       __copy_to_char             00000001800157a0 f   LIBCMTD:crt0dat.obj
 0001:00014a40       __crtCorExitProcess        0000000180015a40 f   LIBCMTD:crt0dat.obj
 0001:00014a90       __crtExitProcess           0000000180015a90 f   LIBCMTD:crt0dat.obj
 0001:00014ab0       __freeCrtMemory            0000000180015ab0 f   LIBCMTD:crt0dat.obj
 0001:00014ce0       _amsg_exit                 0000000180015ce0 f   LIBCMTD:crt0dat.obj
 0001:00014d10       _c_exit                    0000000180015d10 f   LIBCMTD:crt0dat.obj
 0001:00014d30       _cexit                     0000000180015d30 f   LIBCMTD:crt0dat.obj
 0001:00014d50       _cinit                     0000000180015d50 f   LIBCMTD:crt0dat.obj
 0001:00014e00       _exit                      0000000180015e00 f   LIBCMTD:crt0dat.obj
 0001:00014e20       _exit_app                  0000000180015e20 f   LIBCMTD:crt0dat.obj
 0001:00014e40       _get_pgmptr                0000000180015e40 f   LIBCMTD:crt0dat.obj
 0001:00014fb0       _get_wpgmptr               0000000180015fb0 f   LIBCMTD:crt0dat.obj
 0001:00015120       _init_pointers             0000000180016120 f   LIBCMTD:crt0dat.obj
 0001:000151d0       _initterm_e                00000001800161d0 f   LIBCMTD:crt0dat.obj
 0001:00015230       _lockexit                  0000000180016230 f   LIBCMTD:crt0dat.obj
 0001:00015250       _unlockexit                0000000180016250 f   LIBCMTD:crt0dat.obj
 0001:00015480       exit                       0000000180016480 f   LIBCMTD:crt0dat.obj
 0001:000154a0       ?_invalid_parameter@@YAXPEBG00I_K@Z 00000001800164a0 f   LIBCMTD:invarg.obj
 0001:000154e0       ?_invoke_watson@@YAXPEBG00I_K@Z 00000001800164e0 f   LIBCMTD:invarg.obj
 0001:00015520       _call_reportfault          0000000180016520 f   LIBCMTD:invarg.obj
 0001:00015650       _get_invalid_parameter_handler 0000000180016650 f   LIBCMTD:invarg.obj
 0001:00015690       _initp_misc_invarg         0000000180016690 f   LIBCMTD:invarg.obj
 0001:000156b0       _invalid_parameter         00000001800166b0 f   LIBCMTD:invarg.obj
 0001:00015740       _invoke_watson             0000000180016740 f   LIBCMTD:invarg.obj
 0001:000157a0       _set_invalid_parameter_handler 00000001800167a0 f   LIBCMTD:invarg.obj
 0001:00015800       _vprintf_l                 0000000180016800 f   LIBCMTD:vprintf.obj
 0001:00015840       _vprintf_p                 0000000180016840 f   LIBCMTD:vprintf.obj
 0001:00015870       _vprintf_p_l               0000000180016870 f   LIBCMTD:vprintf.obj
 0001:000158b0       _vprintf_s_l               00000001800168b0 f   LIBCMTD:vprintf.obj
 0001:000158f0       vprintf                    00000001800168f0 f   LIBCMTD:vprintf.obj
 0001:00015920       vprintf_helper             0000000180016920 f   LIBCMTD:vprintf.obj
 0001:00015a60       vprintf_s                  0000000180016a60 f   LIBCMTD:vprintf.obj
 0001:00015a90       _ftbuf                     0000000180016a90 f   LIBCMTD:_sftbuf.obj
 0001:00015b50       _stbuf                     0000000180016b50 f   LIBCMTD:_sftbuf.obj
 0001:00015d30       _output_l                  0000000180016d30 f   LIBCMTD:output.obj
 0001:00017530       get_int64_arg              0000000180018530 f i LIBCMTD:output.obj
 0001:000175a0       get_int_arg                00000001800185a0 f i LIBCMTD:output.obj
 0001:00017600       get_short_arg              0000000180018600 f i LIBCMTD:output.obj
 0001:000178a0       __doserrno                 00000001800188a0 f   LIBCMTD:dosmap.obj
 0001:000178d0       _dosmaperr                 00000001800188d0 f   LIBCMTD:dosmap.obj
 0001:00017900       _errno                     0000000180018900 f   LIBCMTD:dosmap.obj
 0001:00017930       _get_doserrno              0000000180018930 f   LIBCMTD:dosmap.obj
 0001:000179f0       _get_errno                 00000001800189f0 f   LIBCMTD:dosmap.obj
 0001:00017ab0       _get_errno_from_oserr      0000000180018ab0 f   LIBCMTD:dosmap.obj
 0001:00017b40       _set_doserrno              0000000180018b40 f   LIBCMTD:dosmap.obj
 0001:00017b80       _set_errno                 0000000180018b80 f   LIBCMTD:dosmap.obj
 0001:00017bc0       __raise_securityfailure    0000000180018bc0 f   LIBCMTD:gs_report.obj
 0001:00017c10       __report_gsfailure         0000000180018c10 f   LIBCMTD:gs_report.obj
 0001:00017cf0       __report_rangecheckfailure 0000000180018cf0 f   LIBCMTD:gs_report.obj
 0001:00017d10       __report_securityfailure   0000000180018d10 f   LIBCMTD:gs_report.obj
 0001:00017db0       __report_securityfailureEx 0000000180018db0 f   LIBCMTD:gs_report.obj
 0001:00017ec0       memcpy_s                   0000000180018ec0 f   LIBCMTD:memcpy_s.obj
 0001:00018130       wcscat_s                   0000000180019130 f   LIBCMTD:wcscat_s.obj
 0001:00018760       wcscpy_s                   0000000180019760 f   LIBCMTD:wcscpy_s.obj
 0001:00018c10       wcslen                     0000000180019c10 f   LIBCMTD:wcslen.obj
 0001:00018c60       wcsncat_s                  0000000180019c60 f   LIBCMTD:wcsncat_s.obj
 0001:000193f0       _set_abort_behavior        000000018001a3f0 f   LIBCMTD:abort.obj
 0001:00019430       abort                      000000018001a430 f   LIBCMTD:abort.obj
 0001:000194c0       __set_app_type             000000018001a4c0 f   LIBCMTD:errmode.obj
 0001:000194d0       _set_error_mode            000000018001a4d0 f   LIBCMTD:errmode.obj
 0001:000195e0       _i64tow_s                  000000018001a5e0 f   LIBCMTD:xtows.obj
 0001:00019640       _itow_s                    000000018001a640 f   LIBCMTD:xtows.obj
 0001:000196c0       _ltow_s                    000000018001a6c0 f   LIBCMTD:xtows.obj
 0001:00019720       _ui64tow_s                 000000018001a720 f   LIBCMTD:xtows.obj
 0001:00019760       _ultow_s                   000000018001a760 f   LIBCMTD:xtows.obj
 0001:0001a370       _fflush_nolock             000000018001b370 f   LIBCMTD:fflush.obj
 0001:0001a3f0       _flush                     000000018001b3f0 f   LIBCMTD:fflush.obj
 0001:0001a4e0       _flushall                  000000018001b4e0 f   LIBCMTD:fflush.obj
 0001:0001a500       fflush                     000000018001b500 f   LIBCMTD:fflush.obj
 0001:0001a6c0       setvbuf                    000000018001b6c0 f   LIBCMTD:setvbuf.obj
 0001:0001aa70       _fwprintf_l                000000018001ba70 f   LIBCMTD:fwprintf.obj
 0001:0001aab0       _fwprintf_p                000000018001bab0 f   LIBCMTD:fwprintf.obj
 0001:0001aaf0       _fwprintf_p_l              000000018001baf0 f   LIBCMTD:fwprintf.obj
 0001:0001ab30       _fwprintf_s_l              000000018001bb30 f   LIBCMTD:fwprintf.obj
 0001:0001ab70       fwprintf                   000000018001bb70 f   LIBCMTD:fwprintf.obj
 0001:0001ad50       fwprintf_s                 000000018001bd50 f   LIBCMTD:fwprintf.obj
 0001:0001ad90       _vsnwprintf_s              000000018001bd90 f   LIBCMTD:vswprnc.obj
 0001:0001ade0       _vsnwprintf_s_l            000000018001bde0 f   LIBCMTD:vswprnc.obj
 0001:0001b390       _vswprintf_c               000000018001c390 f   LIBCMTD:vswprnc.obj
 0001:0001b400       _vswprintf_c_l             000000018001c400 f   LIBCMTD:vswprnc.obj
 0001:0001b470       _vswprintf_helper          000000018001c470 f   LIBCMTD:vswprnc.obj
 0001:0001b7c0       _vswprintf_p               000000018001c7c0 f   LIBCMTD:vswprnc.obj
 0001:0001b830       _vswprintf_p_l             000000018001c830 f   LIBCMTD:vswprnc.obj
 0001:0001b8a0       _vswprintf_s_l             000000018001c8a0 f   LIBCMTD:vswprnc.obj
 0001:0001bc30       vswprintf_s                000000018001cc30 f   LIBCMTD:vswprnc.obj
 0001:0001bc70       __fpecode                  000000018001cc70 f   LIBCMTD:winsig.obj
 0001:0001bc90       __get_sigabrt              000000018001cc90 f   LIBCMTD:winsig.obj
 0001:0001bcb0       __pxcptinfoptrs            000000018001ccb0 f   LIBCMTD:winsig.obj
 0001:0001bcd0       _initp_misc_winsig         000000018001ccd0 f   LIBCMTD:winsig.obj
 0001:0001bde0       raise                      000000018001cde0 f   LIBCMTD:winsig.obj
 0001:0001c250       signal                     000000018001d250 f   LIBCMTD:winsig.obj
 0001:0001c690       __crtMessageBoxW           000000018001d690 f   LIBCMTD:crtmboxw.obj
 0001:0001cb00       __crtMessageBoxWaitThreadW 000000018001db00 f   LIBCMTD:crtmboxw.obj
 0001:0001cb50       __GSHandlerCheck           000000018001db50 f   LIBCMTD:gshandler.obj
 0001:0001cb90       __GSHandlerCheckCommon     000000018001db90 f   LIBCMTD:gshandler.obj
 0001:0001cca0       __security_check_cookie    000000018001dca0 f   LIBCMTD:amdsecgs.obj
 0001:0001ccc0       _FF_MSGBANNER              000000018001dcc0 f   LIBCMTD:crt0msg.obj
 0001:0001cd10       _GET_RTERRMSG              000000018001dd10 f   LIBCMTD:crt0msg.obj
 0001:0001cd70       _NMSG_WRITE                000000018001dd70 f   LIBCMTD:crt0msg.obj
 0001:0001d1a0       _clrfp                     000000018001e1a0 f   LIBCMTD:fpctrl.obj
 0001:0001d1d0       _ctrlfp                    000000018001e1d0 f   LIBCMTD:fpctrl.obj
 0001:0001d280       _set_statfp                000000018001e280 f   LIBCMTD:fpctrl.obj
 0001:0001d2c0       _statfp                    000000018001e2c0 f   LIBCMTD:fpctrl.obj
 0001:0001d4c0       _handle_error              000000018001e4c0 f   LIBCMTD:libm_error.obj
 0001:0001d640       _handle_errorf             000000018001e640 f   LIBCMTD:libm_error.obj
 0001:0001d7c0       ?_RTC_GetErrorFunc@@YAP6AHHPEBDH00ZZPEBX@Z 000000018001e7c0 f   LIBCMTD:userapi.obj
 0001:0001d7d0       ?_RTC_GetErrorFuncW@@YAP6AHHPEB_WH00ZZPEBX@Z 000000018001e7d0 f   LIBCMTD:userapi.obj
 0001:0001d7e0       _RTC_GetErrDesc            000000018001e7e0 f   LIBCMTD:userapi.obj
 0001:0001d800       _RTC_NumErrors             000000018001e800 f   LIBCMTD:userapi.obj
 0001:0001d810       _RTC_SetErrorFunc          000000018001e810 f   LIBCMTD:userapi.obj
 0001:0001d830       _RTC_SetErrorFuncW         000000018001e830 f   LIBCMTD:userapi.obj
 0001:0001d850       _RTC_SetErrorType          000000018001e850 f   LIBCMTD:userapi.obj
 0001:0001d870       _CRT_RTC_INIT              000000018001e870 f   LIBCMTD:rtcmd.obj
 0001:0001d890       _CRT_RTC_INITW             000000018001e890 f   LIBCMTD:rtcmd.obj
 0001:0001d8c0       strcmp                     000000018001e8c0 f   LIBCMTD:strcmp.obj
 0001:0001d930       ?_Name_base@type_info@@CAPEBDPEBV1@PEAU__type_info_node@@@Z 000000018001e930 f   LIBCMTD:typname.obj
 0001:0001db00       ?_Name_base_internal@type_info@@CAPEBDPEBV1@PEAU__type_info_node@@@Z 000000018001eb00 f   LIBCMTD:typname.obj
 0001:0001dd00       ?_Type_info_dtor@type_info@@CAXPEAV1@@Z 000000018001ed00 f   LIBCMTD:typname.obj
 0001:0001de10       ?_Type_info_dtor_internal@type_info@@CAXPEAV1@@Z 000000018001ee10 f   LIBCMTD:typname.obj
 0001:0001df20       __clean_type_info_names_internal 000000018001ef20 f   LIBCMTD:typname.obj
 0001:0001dfa0       __unDNameHelper            000000018001efa0 f   LIBCMTD:typname.obj
 0001:0001e010       ?strrchr@@YAPEADPEADH@Z    000000018001f010 f i LIBCMTD:cvt.obj
 0001:0001e030       _cfltcvt                   000000018001f030 f   LIBCMTD:cvt.obj
 0001:0001e080       _cfltcvt_l                 000000018001f080 f   LIBCMTD:cvt.obj
 0001:0001e1a0       _cftoa                     000000018001f1a0 f   LIBCMTD:cvt.obj
 0001:0001e1f0       _cftoa_l                   000000018001f1f0 f   LIBCMTD:cvt.obj
 0001:0001ecf0       _cftoe                     000000018001fcf0 f   LIBCMTD:cvt.obj
 0001:0001f310       _cftoe_l                   0000000180020310 f   LIBCMTD:cvt.obj
 0001:0001f650       _cftof                     0000000180020650 f   LIBCMTD:cvt.obj
 0001:0001fa50       _cftof_l                   0000000180020a50 f   LIBCMTD:cvt.obj
 0001:0001fd30       _cftog                     0000000180020d30 f   LIBCMTD:cvt.obj
 0001:0001fd80       _cftog_l                   0000000180020d80 f   LIBCMTD:cvt.obj
 0001:00020140       _cropzeros                 0000000180021140 f   LIBCMTD:cvt.obj
 0001:00020160       _cropzeros_l               0000000180021160 f   LIBCMTD:cvt.obj
 0001:000202e0       _fassign                   00000001800212e0 f   LIBCMTD:cvt.obj
 0001:00020310       _fassign_l                 0000000180021310 f   LIBCMTD:cvt.obj
 0001:00020380       _forcdecpt                 0000000180021380 f   LIBCMTD:cvt.obj
 0001:000203a0       _forcdecpt_l               00000001800213a0 f   LIBCMTD:cvt.obj
 0001:000204a0       _positive                  00000001800214a0 f   LIBCMTD:cvt.obj
 0001:00020530       _initp_misc_cfltcvt_tab    0000000180021530 f   LIBCMTD:cmiscdat.obj
 0001:00020580       _fcloseall                 0000000180021580 f   LIBCMTD:closeall.obj
 0001:00020680       _fileno                    0000000180021680 f   LIBCMTD:fileno.obj
 0001:00020740       _vfprintf_l                0000000180021740 f   LIBCMTD:vfprintf.obj
 0001:00020790       _vfprintf_p                0000000180021790 f   LIBCMTD:vfprintf.obj
 0001:000207d0       _vfprintf_p_l              00000001800217d0 f   LIBCMTD:vfprintf.obj
 0001:00020820       _vfprintf_s_l              0000000180021820 f   LIBCMTD:vfprintf.obj
 0001:00020870       vfprintf                   0000000180021870 f   LIBCMTD:vfprintf.obj
 0001:000208b0       vfprintf_helper            00000001800218b0 f   LIBCMTD:vfprintf.obj
 0001:00020c30       vfprintf_s                 0000000180021c30 f   LIBCMTD:vfprintf.obj
 0001:00020c70       _ioinit                    0000000180021c70 f   LIBCMTD:ioinit.obj
 0001:00021250       _ioterm                    0000000180022250 f   LIBCMTD:ioinit.obj
 0001:000217f0       ?_RTC_GetSrcLine@@YAHPEAEPEA_WKPEAH1K@Z 00000001800227f0 f   LIBCMTD:pdblkup.obj
 0001:00021b80       __addlocaleref             0000000180022b80 f   LIBCMTD:localref.obj
 0001:00021cd0       __freetlocinfo             0000000180022cd0 f   LIBCMTD:localref.obj
 0001:00022080       __removelocaleref          0000000180023080 f   LIBCMTD:localref.obj
 0001:000221e0       __updatetlocinfo           00000001800231e0 f   LIBCMTD:localref.obj
 0001:00022280       _updatetlocinfoEx_nolock   0000000180023280 f   LIBCMTD:localref.obj
 0001:00022320       __initmbctable             0000000180023320 f   LIBCMTD:mbctype.obj
 0001:000229b0       __updatetmbcinfo           00000001800239b0 f   LIBCMTD:mbctype.obj
 0001:00022ac0       _getmbcp                   0000000180023ac0 f   LIBCMTD:mbctype.obj
 0001:00022b40       _setmbcp                   0000000180023b40 f   LIBCMTD:mbctype.obj
 0001:00022e30       _setmbcp_nolock            0000000180023e30 f   LIBCMTD:mbctype.obj
 0001:00023280       _tolower                   0000000180024280 f   LIBCMTD:tolower.obj
 0001:00023290       _tolower_l                 0000000180024290 f   LIBCMTD:tolower.obj
 0001:000235f0       tolower                    00000001800245f0 f   LIBCMTD:tolower.obj
 0001:00023640       __get_flsindex             0000000180024640 f   LIBCMTD:tidtable.obj
 0001:00023650       __threadhandle             0000000180024650 f   LIBCMTD:tidtable.obj
 0001:00023660       __threadid                 0000000180024660 f   LIBCMTD:tidtable.obj
 0001:00023670       _freefls                   0000000180024670 f   LIBCMTD:tidtable.obj
 0001:00023880       _freeptd                   0000000180024880 f   LIBCMTD:tidtable.obj
 0001:000238d0       _getptd                    00000001800248d0 f   LIBCMTD:tidtable.obj
 0001:00023900       _getptd_noexit             0000000180024900 f   LIBCMTD:tidtable.obj
 0001:000239d0       _initptd                   00000001800249d0 f   LIBCMTD:tidtable.obj
 0001:00023b00       _mtinit                    0000000180024b00 f   LIBCMTD:tidtable.obj
 0001:00023bc0       _mtterm                    0000000180024bc0 f   LIBCMTD:tidtable.obj
 0001:00023bf0       __init_dummy               0000000180024bf0 f   LIBCMTD:wsetloca.obj
 0001:00023c00       _locterm                   0000000180024c00 f   LIBCMTD:wsetloca.obj
 0001:00023c50       ___setlc_active_func       0000000180024c50 f   LIBCMTD:wsetloca.obj
 0001:00023c60       ___unguarded_readlc_active_add_func 0000000180024c60 f   LIBCMTD:wsetloca.obj
 0001:00023c70       __copy_locale_name         0000000180024c70 f   LIBCMTD:wsetloca.obj
 0001:00023d40       __create_locale            0000000180024d40 f   LIBCMTD:wsetloca.obj
 0001:00023d60       __free_locale              0000000180024d60 f   LIBCMTD:wsetloca.obj
 0001:00023d80       __get_current_locale       0000000180024d80 f   LIBCMTD:wsetloca.obj
 0001:00023d90       __lc_lctowcs               0000000180024d90 f   LIBCMTD:wsetloca.obj
 0001:00023e80       __lc_wcstolc               0000000180024e80 f   LIBCMTD:wsetloca.obj
 0001:00024140       _configthreadlocale        0000000180025140 f   LIBCMTD:wsetloca.obj
 0001:00024300       _create_locale             0000000180025300 f   LIBCMTD:wsetloca.obj
 0001:000243a0       _expandlocale              00000001800253a0 f   LIBCMTD:wsetloca.obj
 0001:00024980       _free_locale               0000000180025980 f   LIBCMTD:wsetloca.obj
 0001:00024a70       _get_current_locale        0000000180025a70 f   LIBCMTD:wsetloca.obj
 0001:00024b50       _wcreate_locale            0000000180025b50 f   LIBCMTD:wsetloca.obj
 0001:00024d90       _wcscats                   0000000180025d90 f   LIBCMTD:wsetloca.obj
 0001:00024e40       _wsetlocale                0000000180025e40 f   LIBCMTD:wsetloca.obj
 0001:00026150       _XcptFilter                0000000180027150 f   LIBCMTD:winxfltr.obj
 0001:000263f0       __CppXcptFilter            00000001800273f0 f   LIBCMTD:winxfltr.obj
 0001:000264b0       _get_heap_handle           00000001800274b0 f   LIBCMTD:heapinit.obj
 0001:00026510       _heap_init                 0000000180027510 f   LIBCMTD:heapinit.obj
 0001:00026540       _heap_term                 0000000180027540 f   LIBCMTD:heapinit.obj
 0001:00026550       _set_pgmptr                0000000180027550 f i LIBCMTD:stdargv.obj
 0001:00026570       _setargv                   0000000180027570 f   LIBCMTD:stdargv.obj
 0001:00026bd0       _setenvp                   0000000180027bd0 f   LIBCMTD:stdenvp.obj
 0001:00026de0       __security_init_cookie     0000000180027de0 f   LIBCMTD:gs_support.obj
 0001:00026f00       DllMain                    0000000180027f00 f   LIBCMTD:dllmain.obj
 0001:00026f20       __crtGetEnvironmentStringsA 0000000180027f20 f   LIBCMTD:a_env.obj
 0001:00027100       __crtCaptureCurrentContext 0000000180028100 f   LIBCMTD:winapisupp.obj
 0001:000271a0       __crtCapturePreviousContext 00000001800281a0 f   LIBCMTD:winapisupp.obj
 0001:00027260       __crtCloseThreadpoolTimer  0000000180028260 f   LIBCMTD:winapisupp.obj
 0001:000272b0       __crtCloseThreadpoolWait   00000001800282b0 f   LIBCMTD:winapisupp.obj
 0001:00027300       __crtCreateEventExW        0000000180028300 f   LIBCMTD:winapisupp.obj
 0001:00027390       __crtCreateSemaphoreExW    0000000180028390 f   LIBCMTD:winapisupp.obj
 0001:00027420       __crtCreateSymbolicLinkW   0000000180028420 f   LIBCMTD:winapisupp.obj
 0001:00027490       __crtCreateThreadpoolTimer 0000000180028490 f   LIBCMTD:winapisupp.obj
 0001:000274f0       __crtCreateThreadpoolWait  00000001800284f0 f   LIBCMTD:winapisupp.obj
 0001:00027550       __crtFlsAlloc              0000000180028550 f   LIBCMTD:winapisupp.obj
 0001:000275a0       __crtFlsFree               00000001800285a0 f   LIBCMTD:winapisupp.obj
 0001:000275f0       __crtFlsGetValue           00000001800285f0 f   LIBCMTD:winapisupp.obj
 0001:00027640       __crtFlsSetValue           0000000180028640 f   LIBCMTD:winapisupp.obj
 0001:000276a0       __crtFlushProcessWriteBuffers 00000001800286a0 f   LIBCMTD:winapisupp.obj
 0001:000276e0       __crtFreeLibraryWhenCallbackReturns 00000001800286e0 f   LIBCMTD:winapisupp.obj
 0001:00027730       __crtGetCurrentProcessorNumber 0000000180028730 f   LIBCMTD:winapisupp.obj
 0001:00027770       __crtGetFileInformationByHandleEx 0000000180028770 f   LIBCMTD:winapisupp.obj
 0001:000277e0       __crtGetLogicalProcessorInformation 00000001800287e0 f   LIBCMTD:winapisupp.obj
 0001:00027840       __crtGetShowWindowMode     0000000180028840 f   LIBCMTD:winapisupp.obj
 0001:00027880       __crtGetTickCount64        0000000180028880 f   LIBCMTD:winapisupp.obj
 0001:000278d0       __crtInitializeCriticalSectionEx 00000001800288d0 f   LIBCMTD:winapisupp.obj
 0001:00027940       __crtIsPackagedApp         0000000180028940 f   LIBCMTD:winapisupp.obj
 0001:00027980       __crtLoadWinApiPointers    0000000180028980 f   LIBCMTD:winapisupp.obj
 0001:00027f70       __crtSetFileInformationByHandle 0000000180028f70 f   LIBCMTD:winapisupp.obj
 0001:00027fe0       __crtSetThreadStackGuarantee 0000000180028fe0 f   LIBCMTD:winapisupp.obj
 0001:00028030       __crtSetThreadpoolTimer    0000000180029030 f   LIBCMTD:winapisupp.obj
 0001:00028090       __crtSetThreadpoolWait     0000000180029090 f   LIBCMTD:winapisupp.obj
 0001:000280f0       __crtSetUnhandledExceptionFilter 00000001800290f0 f   LIBCMTD:winapisupp.obj
 0001:00028110       __crtSleep                 0000000180029110 f   LIBCMTD:winapisupp.obj
 0001:00028130       __crtTerminateProcess      0000000180029130 f   LIBCMTD:winapisupp.obj
 0001:00028150       __crtUnhandledException    0000000180029150 f   LIBCMTD:winapisupp.obj
 0001:00028180       __crtWaitForThreadpoolTimerCallbacks 0000000180029180 f   LIBCMTD:winapisupp.obj
 0001:000281d0       _RTC_Initialize            00000001800291d0 f   LIBCMTD:initsect.obj
 0001:00028210       _RTC_Terminate             0000000180029210 f   LIBCMTD:initsect.obj
 0001:00028250       strcpy_s                   0000000180029250 f   LIBCMTD:strcpy_s.obj
 0001:00028700       strlen                     0000000180029700 f   LIBCMTD:strlen.obj
 0001:000287b0       __swprintf_l               00000001800297b0 f   LIBCMTD:swprintf.obj
 0001:000287f0       _scwprintf                 00000001800297f0 f   LIBCMTD:swprintf.obj
 0001:00028830       _scwprintf_l               0000000180029830 f   LIBCMTD:swprintf.obj
 0001:00028870       _scwprintf_p               0000000180029870 f   LIBCMTD:swprintf.obj
 0001:000288b0       _scwprintf_p_l             00000001800298b0 f   LIBCMTD:swprintf.obj
 0001:000288f0       _snwprintf_s               00000001800298f0 f   LIBCMTD:swprintf.obj
 0001:00028950       _snwprintf_s_l             0000000180029950 f   LIBCMTD:swprintf.obj
 0001:000289b0       _swprintf                  00000001800299b0 f   LIBCMTD:swprintf.obj
 0001:00028c90       _swprintf_p                0000000180029c90 f   LIBCMTD:swprintf.obj
 0001:00028ce0       _swprintf_p_l              0000000180029ce0 f   LIBCMTD:swprintf.obj
 0001:00028d30       _swprintf_s_l              0000000180029d30 f   LIBCMTD:swprintf.obj
 0001:00028d80       swprintf_s                 0000000180029d80 f   LIBCMTD:swprintf.obj
 0001:00028dd0       _CrtDbgBreak               0000000180029dd0 f   LIBCMTD:dbgrptt.obj
 0001:00028de0       _CrtGetReportHook          0000000180029de0 f   LIBCMTD:dbgrptt.obj
 0001:00028df0       _CrtSetReportFile          0000000180029df0 f   LIBCMTD:dbgrptt.obj
 0001:00028f50       _CrtSetReportHook          0000000180029f50 f   LIBCMTD:dbgrptt.obj
 0001:00028f80       _CrtSetReportMode          0000000180029f80 f   LIBCMTD:dbgrptt.obj
 0001:00029140       _VCrtDbgReportA            000000018002a140 f   LIBCMTD:dbgrptt.obj
 0001:00029b10       _VCrtDbgReportW            000000018002ab10 f   LIBCMTD:dbgrptt.obj
 0001:0002a660       _alloca_probe              000000018002b660 f   LIBCMTD:chkstk.obj
 0001:0002a660       __chkstk                   000000018002b660 f   LIBCMTD:chkstk.obj
 0001:0002a6b0       _chvalidator               000000018002b6b0 f   LIBCMTD:isctype.obj
 0001:0002a720       _chvalidator_l             000000018002b720 f   LIBCMTD:isctype.obj
 0001:0002a830       _isctype                   000000018002b830 f   LIBCMTD:isctype.obj
 0001:0002a880       _isctype_l                 000000018002b880 f   LIBCMTD:isctype.obj
 0001:0002aa70       memmove                    000000018002ba70 f   LIBCMTD:memcpy.obj
 0001:0002aa70       memcpy                     000000018002ba70 f   LIBCMTD:memcpy.obj
 0001:0002aff0       memset                     000000018002bff0 f   LIBCMTD:memset.obj
 0001:0002b220       _free_base                 000000018002c220 f   LIBCMTD:free.obj
 0001:0002b280       _realloc_base              000000018002c280 f   LIBCMTD:realloc.obj
 0001:0002b3a0       _expand_base               000000018002c3a0 f   LIBCMTD:expand.obj
 0001:0002b580       _CrtDbgReport              000000018002c580 f   LIBCMTD:dbgrpt.obj
 0001:0002b600       _CrtDbgReportV             000000018002c600 f i LIBCMTD:dbgrpt.obj
 0001:0002b660       _CrtSetReportHook2         000000018002c660 f   LIBCMTD:dbgrpt.obj
 0001:0002ba70       __crtMessageWindowA        000000018002ca70 f   LIBCMTD:dbgrpt.obj
 0001:0002c0f0       _heapchk                   000000018002d0f0 f   LIBCMTD:heapchk.obj
 0001:0002c130       _heapset                   000000018002d130 f   LIBCMTD:heapchk.obj
 0001:0002c150       _scprintf                  000000018002d150 f   LIBCMTD:sprintf.obj
 0001:0002c190       _scprintf_l                000000018002d190 f   LIBCMTD:sprintf.obj
 0001:0002c1d0       _scprintf_p                000000018002d1d0 f   LIBCMTD:sprintf.obj
 0001:0002c210       _scprintf_p_l              000000018002d210 f   LIBCMTD:sprintf.obj
 0001:0002c250       _snprintf_s                000000018002d250 f   LIBCMTD:sprintf.obj
 0001:0002c2b0       _snprintf_s_l              000000018002d2b0 f   LIBCMTD:sprintf.obj
 0001:0002c310       _sprintf_l                 000000018002d310 f   LIBCMTD:sprintf.obj
 0001:0002c350       _sprintf_p                 000000018002d350 f   LIBCMTD:sprintf.obj
 0001:0002c3a0       _sprintf_p_l               000000018002d3a0 f   LIBCMTD:sprintf.obj
 0001:0002c3f0       _sprintf_s_l               000000018002d3f0 f   LIBCMTD:sprintf.obj
 0001:0002c440       sprintf                    000000018002d440 f   LIBCMTD:sprintf.obj
 0001:0002c6c0       sprintf_s                  000000018002d6c0 f   LIBCMTD:sprintf.obj
 0001:0002c710       _heap_alloc_base           000000018002d710 f i LIBCMTD:malloc.obj
 0001:0002c780       _malloc_base               000000018002d780 f   LIBCMTD:malloc.obj
 0001:0002c820       _CrtDefaultAllocHook       000000018002d820 f   LIBCMTD:dbghook.obj
 0001:0002c840       __crt_debugger_hook        000000018002d840 f   LIBCMTD:dbghook.obj
 0001:0002c860       _local_unwind              000000018002d860 f   LIBCMTD:jmpuwind.obj
 0001:0002c890       _NLG_Notify                000000018002d890 f   LIBCMTD:jmpuwind.obj
 0001:0002c8b0       __NLG_Dispatch2            000000018002d8b0 f   LIBCMTD:jmpuwind.obj
 0001:0002c8c0       __NLG_Return2              000000018002d8c0 f   LIBCMTD:jmpuwind.obj
 0001:0002c8d0       _FindPESection             000000018002d8d0 f   LIBCMTD:pesect.obj
 0001:0002c980       _IsNonwritableInCurrentImage 000000018002d980 f   LIBCMTD:pesect.obj
 0001:0002ca10       _ValidateImageBase         000000018002da10 f   LIBCMTD:pesect.obj
 0001:0002ca90       ?_inconsistency@@YAXXZ     000000018002da90 f   LIBCMTD:hooks.obj
 0001:0002cac0       ?terminate@@YAXXZ          000000018002dac0 f   LIBCMTD:hooks.obj
 0001:0002caf0       ?unexpected@@YAXXZ         000000018002daf0 f   LIBCMTD:hooks.obj
 0001:0002cb20       _initp_eh_hooks            000000018002db20 f   LIBCMTD:hooks.obj
 0001:0002cb50       __getlocaleinfo            000000018002db50 f   LIBCMTD:inithelp.obj
 0001:0002ced0       _initp_misc_purevirt       000000018002ded0 f   LIBCMTD:inithelp.obj
 0001:0002cef0       _initp_misc_rand_s         000000018002def0 f   LIBCMTD:rand_s.obj
 0001:0002cf10       rand_s                     000000018002df10 f   LIBCMTD:rand_s.obj
 0001:0002d240       _output_s_l                000000018002e240 f   LIBCMTD:outputs.obj
 0001:0002ee20       _output_p_l                000000018002fe20 f   LIBCMTD:outputp.obj
 0001:00033300       _validate_param_reuseA     0000000180034300 f   LIBCMTD:outputp.obj
 0001:00033670       get_crtdouble_arg          0000000180034670 f i LIBCMTD:outputp.obj
 0001:00033910       _isatty                    0000000180034910 f   LIBCMTD:isatty.obj
 0001:00033a20       __iswcsym                  0000000180034a20 f i LIBCMTD:_wctype.obj
 0001:00033a60       __iswcsymf                 0000000180034a60 f i LIBCMTD:_wctype.obj
 0001:00033aa0       _isleadbyte_l              0000000180034aa0 f i LIBCMTD:_wctype.obj
 0001:00033b00       _iswalnum_l                0000000180034b00 f i LIBCMTD:_wctype.obj
 0001:00033b30       _iswalpha_l                0000000180034b30 f i LIBCMTD:_wctype.obj
 0001:00033b60       _iswblank_l                0000000180034b60 f i LIBCMTD:_wctype.obj
 0001:00033ba0       _iswcntrl_l                0000000180034ba0 f i LIBCMTD:_wctype.obj
 0001:00033bd0       _iswcsym_l                 0000000180034bd0 f i LIBCMTD:_wctype.obj
 0001:00033c20       _iswcsymf_l                0000000180034c20 f i LIBCMTD:_wctype.obj
 0001:00033c70       _iswdigit_l                0000000180034c70 f i LIBCMTD:_wctype.obj
 0001:00033ca0       _iswgraph_l                0000000180034ca0 f i LIBCMTD:_wctype.obj
 0001:00033cd0       _iswlower_l                0000000180034cd0 f i LIBCMTD:_wctype.obj
 0001:00033d00       _iswprint_l                0000000180034d00 f i LIBCMTD:_wctype.obj
 0001:00033d30       _iswpunct_l                0000000180034d30 f i LIBCMTD:_wctype.obj
[...]
 0003:00003768       ?maxStringLength@UnDecorator@@0HA 00000001800a8768     LIBCMTD:undname.obj
 0003:0000376c       ?disableFlags@UnDecorator@@0KA 00000001800a876c     LIBCMTD:undname.obj
 0003:00003770       ?fExplicitTemplateParams@UnDecorator@@0_NA 00000001800a8770     LIBCMTD:undname.obj
 0003:00003771       ?fGetTemplateArgumentList@UnDecorator@@0_NA 00000001800a8771     LIBCMTD:undname.obj
 0003:000037f0       ?nodes@?1??make@DNameStatusNode@@SAPEAV2@W4DNameStatus@@@Z@4PAV2@A 00000001800a87f0     LIBCMTD:undname.obj
 0003:00003830       ??_B?1??make@DNameStatusNode@@SAPEAV1@W4DNameStatus@@@Z@51 00000001800a8830     LIBCMTD:undname.obj
 0003:00003834       _outputformat              00000001800a8834     LIBCMTD:outputformat.obj
 0003:00003838       __lconv_static_null        00000001800a8838     LIBCMTD:lconv.obj
 0003:0000383c       __lconv_static_W_null      00000001800a883c     LIBCMTD:lconv.obj
 0003:00003848       __favor                    00000001800a8848     LIBCMTD:cpu_disp.obj
 0003:00003850       ?g_OutOfMemoryExceptionCallback@@3P6APEAXXZEA 00000001800a8850     LIBCMTD:frame.obj
 0003:00003858       __pfnDliFailureHook2       00000001800a8858     DelayImp:delayhk1.obj
 0003:00003860       _debugger_hook_dummy       00000001800a8860     <common>
 0003:00003870       _pReportHookListW          00000001800a8870     <common>
 0003:00003888       _pReportHookList           00000001800a8888     <common>
 0003:00003890       _pfnReportHook             00000001800a8890     <common>
 0003:000038a0       encodedKERNEL32Functions   00000001800a88a0     <common>
 0003:000039e4       __unguarded_readlc_active  00000001800a89e4     <common>
 0003:000039f4       __setlc_active             00000001800a89f4     <common>
 0003:000039f8       _nhandle                   00000001800a89f8     <common>
 0003:00003a08       __dyn_tls_init_callback    00000001800a8a08     <common>
 0003:00003a20       __onexitend                00000001800a8a20     <common>
 0003:00003a28       __onexitbegin              00000001800a8a28     <common>
 0003:00003a30       __mbctype_initialized      00000001800a8a30     <common>
 0003:00003a34       __env_initialized          00000001800a8a34     <common>
 0003:00003a38       _acmdln                    00000001800a8a38     <common>
 0003:00003a50       __piob                     00000001800a8a50     <common>
 0003:00003d98       _nstream                   00000001800a8d98     <common>
 0003:00003da0       _bufin                     00000001800a8da0     <common>
 0005:00000000       __imp_cudaMalloc_t         00000001800af000     JSCUDA:JSCUDA.dll
 0005:00000008       __imp_cudaFree_t           00000001800af008     JSCUDA:JSCUDA.dll
 0005:00000010       __imp_cudaMemcpyHostToDevice_t 00000001800af010     JSCUDA:JSCUDA.dll
 0005:00000018       __imp_cudaMemset_t         00000001800af018     JSCUDA:JSCUDA.dll
 0005:00000020       __imp_cudaMemcpyDeviceToDevice_t 00000001800af020     JSCUDA:JSCUDA.dll
 0005:00000028       __imp_cudaMemcpyDeviceToHost_t 00000001800af028     JSCUDA:JSCUDA.dll
 0005:00000030       __imp_cudaDeviceInit       00000001800af030     JSCUDA:JSCUDA.dll
 0005:00000038       __imp_cudaDeviceReset_t    00000001800af038     JSCUDA:JSCUDA.dll
 0005:00000040       __imp_cublasCreate_t       00000001800af040     JSCUDA:JSCUDA.dll
 0005:00000048       __imp_cublasDestroy_t      00000001800af048     JSCUDA:JSCUDA.dll
 0005:00000050       __imp_vectorAdd            00000001800af050     JSCUDA:JSCUDA.dll
 0005:00000058       __imp_vectorCopy           00000001800af058     JSCUDA:JSCUDA.dll
 0005:00000060       __imp_vectorSwap           00000001800af060     JSCUDA:JSCUDA.dll
 0005:00000068       __imp_vectorDot            00000001800af068     JSCUDA:JSCUDA.dll
 0005:00000070       __imp_vectorNorm           00000001800af070     JSCUDA:JSCUDA.dll
 0005:00000078       __imp_vectorMulScalar      00000001800af078     JSCUDA:JSCUDA.dll
 0005:00000080       __imp_vectorRank           00000001800af080     JSCUDA:JSCUDA.dll
 0005:00000088       __imp_matrixMulScalar      00000001800af088     JSCUDA:JSCUDA.dll
 0005:00000090       __imp_matrixMulVector      00000001800af090     JSCUDA:JSCUDA.dll
 0005:00000098       __imp_matrixMulMatrix      00000001800af098     JSCUDA:JSCUDA.dll
 0005:000000a0       __imp_matrixMulMatrixBatched 00000001800af0a0     JSCUDA:JSCUDA.dll
 0005:000000a8       __imp_matrixAdd            00000001800af0a8     JSCUDA:JSCUDA.dll
 0005:000000b0       __imp_matrixGetrfBatched   00000001800af0b0     JSCUDA:JSCUDA.dll
 0005:000000b8       __imp_matrixGetrsBatched   00000001800af0b8     JSCUDA:JSCUDA.dll
 0005:000000c0       \177JSCUDA_NULL_THUNK_DATA 00000001800af0c0     JSCUDA:JSCUDA.dll
 0005:00000138       __imp_GetModuleHandleA     00000001800af138     kernel32:KERNEL32.dll
 0005:00000140       __imp_EncodePointer        00000001800af140     kernel32:KERNEL32.dll
 0005:00000148       __imp_DecodePointer        00000001800af148     kernel32:KERNEL32.dll
 0005:00000150       __imp_GetStdHandle         00000001800af150     kernel32:KERNEL32.dll
 0005:00000158       __imp_GetFileType          00000001800af158     kernel32:KERNEL32.dll
 0005:00000160       __imp_GetModuleFileNameW   00000001800af160     kernel32:KERNEL32.dll
 0005:00000168       __imp_GetModuleHandleExW   00000001800af168     kernel32:KERNEL32.dll
 0005:00000170       __imp_WriteConsoleW        00000001800af170     kernel32:KERNEL32.dll
 0005:00000178       __imp_EnterCriticalSection 00000001800af178     kernel32:KERNEL32.dll
 0005:00000180       __imp_LeaveCriticalSection 00000001800af180     kernel32:KERNEL32.dll
 0005:00000188       __imp_IsDebuggerPresent    00000001800af188     kernel32:KERNEL32.dll
 0005:00000190       __imp_RaiseException       00000001800af190     kernel32:KERNEL32.dll
 0005:00000198       __imp_GetLastError         00000001800af198     kernel32:KERNEL32.dll
 0005:000001a0       __imp_GetProcAddress       00000001800af1a0     kernel32:KERNEL32.dll
 0005:000001a8       __imp_LoadLibraryExW       00000001800af1a8     kernel32:KERNEL32.dll
 0005:000001b0       __imp_MultiByteToWideChar  00000001800af1b0     kernel32:KERNEL32.dll
 0005:000001b8       __imp_WideCharToMultiByte  00000001800af1b8     kernel32:KERNEL32.dll
 0005:000001c0       __imp_GetCommandLineA      00000001800af1c0     kernel32:KERNEL32.dll
 0005:000001c8       __imp_GetCurrentThreadId   00000001800af1c8     kernel32:KERNEL32.dll
 0005:000001d0       __imp_RtlPcToFileHeader    00000001800af1d0     kernel32:KERNEL32.dll
 0005:000001d8       __imp_DeleteCriticalSection 00000001800af1d8     kernel32:KERNEL32.dll
 0005:000001e0       __imp_FatalAppExitA        00000001800af1e0     kernel32:KERNEL32.dll
 0005:000001e8       __imp_HeapSize             00000001800af1e8     kernel32:KERNEL32.dll
 0005:000001f0       __imp_HeapValidate         00000001800af1f0     kernel32:KERNEL32.dll
 0005:000001f8       __imp_GetSystemInfo        00000001800af1f8     kernel32:KERNEL32.dll
 0005:00000200       __imp_RtlUnwindEx          00000001800af200     kernel32:KERNEL32.dll
 0005:00000208       __imp_ExitProcess          00000001800af208     kernel32:KERNEL32.dll
 0005:00000210       __imp_AreFileApisANSI      00000001800af210     kernel32:KERNEL32.dll
 0005:00000218       __imp_IsProcessorFeaturePresent 00000001800af218     kernel32:KERNEL32.dll
 0005:00000220       __imp_SetConsoleCtrlHandler 00000001800af220     kernel32:KERNEL32.dll
 0005:00000228       __imp_OutputDebugStringW   00000001800af228     kernel32:KERNEL32.dll
 0005:00000230       __imp_WaitForSingleObjectEx 00000001800af230     kernel32:KERNEL32.dll
 0005:00000238       __imp_CreateThread         00000001800af238     kernel32:KERNEL32.dll
 0005:00000240       __imp_WriteFile            00000001800af240     kernel32:KERNEL32.dll
 0005:00000248       __imp_GetStartupInfoW      00000001800af248     kernel32:KERNEL32.dll
 0005:00000250       __imp_HeapAlloc            00000001800af250     kernel32:KERNEL32.dll
 0005:00000258       __imp_HeapFree             00000001800af258     kernel32:KERNEL32.dll
 0005:00000260       __imp_GetProcessHeap       00000001800af260     kernel32:KERNEL32.dll
 0005:00000268       __imp_VirtualQuery         00000001800af268     kernel32:KERNEL32.dll
 0005:00000270       __imp_FreeLibrary          00000001800af270     kernel32:KERNEL32.dll
 0005:00000278       __imp_GetModuleHandleW     00000001800af278     kernel32:KERNEL32.dll
 0005:00000280       __imp_IsValidCodePage      00000001800af280     kernel32:KERNEL32.dll
 0005:00000288       __imp_GetACP               00000001800af288     kernel32:KERNEL32.dll
 0005:00000290       __imp_GetOEMCP             00000001800af290     kernel32:KERNEL32.dll
 0005:00000298       __imp_GetCPInfo            00000001800af298     kernel32:KERNEL32.dll
 0005:000002a0       __imp_SetLastError         00000001800af2a0     kernel32:KERNEL32.dll
 0005:000002a8       __imp_GetCurrentThread     00000001800af2a8     kernel32:KERNEL32.dll
 0005:000002b0       __imp_GetModuleFileNameA   00000001800af2b0     kernel32:KERNEL32.dll
 0005:000002b8       __imp_QueryPerformanceCounter 00000001800af2b8     kernel32:KERNEL32.dll
 0005:000002c0       __imp_GetCurrentProcessId  00000001800af2c0     kernel32:KERNEL32.dll
 0005:000002c8       __imp_GetSystemTimeAsFileTime 00000001800af2c8     kernel32:KERNEL32.dll
 0005:000002d0       __imp_GetEnvironmentStringsW 00000001800af2d0     kernel32:KERNEL32.dll
 0005:000002d8       __imp_FreeEnvironmentStringsW 00000001800af2d8     kernel32:KERNEL32.dll
 0005:000002e0       __imp_RtlCaptureContext    00000001800af2e0     kernel32:KERNEL32.dll
 0005:000002e8       __imp_RtlLookupFunctionEntry 00000001800af2e8     kernel32:KERNEL32.dll
 0005:000002f0       __imp_RtlVirtualUnwind     00000001800af2f0     kernel32:KERNEL32.dll
 0005:000002f8       __imp_UnhandledExceptionFilter 00000001800af2f8     kernel32:KERNEL32.dll
 0005:00000300       __imp_SetUnhandledExceptionFilter 00000001800af300     kernel32:KERNEL32.dll
 0005:00000308       __imp_InitializeCriticalSectionAndSpinCount 00000001800af308     kernel32:KERNEL32.dll
 0005:00000310       __imp_CreateEventW         00000001800af310     kernel32:KERNEL32.dll
 0005:00000318       __imp_Sleep                00000001800af318     kernel32:KERNEL32.dll
 0005:00000320       __imp_GetCurrentProcess    00000001800af320     kernel32:KERNEL32.dll
 0005:00000328       __imp_TerminateProcess     00000001800af328     kernel32:KERNEL32.dll
 0005:00000330       __imp_TlsAlloc             00000001800af330     kernel32:KERNEL32.dll
 0005:00000338       __imp_TlsGetValue          00000001800af338     kernel32:KERNEL32.dll
 0005:00000340       __imp_TlsSetValue          00000001800af340     kernel32:KERNEL32.dll
 0005:00000348       __imp_TlsFree              00000001800af348     kernel32:KERNEL32.dll
 0005:00000350       __imp_GetTickCount         00000001800af350     kernel32:KERNEL32.dll
 0005:00000358       __imp_CreateSemaphoreW     00000001800af358     kernel32:KERNEL32.dll
 0005:00000360       __imp_OutputDebugStringA   00000001800af360     kernel32:KERNEL32.dll
 0005:00000368       __imp_HeapReAlloc          00000001800af368     kernel32:KERNEL32.dll
 0005:00000370       __imp_HeapQueryInformation 00000001800af370     kernel32:KERNEL32.dll
 0005:00000378       __imp_FlushFileBuffers     00000001800af378     kernel32:KERNEL32.dll
 0005:00000380       __imp_GetConsoleCP         00000001800af380     kernel32:KERNEL32.dll
 0005:00000388       __imp_GetConsoleMode       00000001800af388     kernel32:KERNEL32.dll
 0005:00000390       __imp_GetStringTypeW       00000001800af390     kernel32:KERNEL32.dll
 0005:00000398       __imp_GetLocaleInfoW       00000001800af398     kernel32:KERNEL32.dll
 0005:000003a0       __imp_IsValidLocale        00000001800af3a0     kernel32:KERNEL32.dll
 0005:000003a8       __imp_GetUserDefaultLCID   00000001800af3a8     kernel32:KERNEL32.dll
 0005:000003b0       __imp_EnumSystemLocalesW   00000001800af3b0     kernel32:KERNEL32.dll
 0005:000003b8       __imp_GetDateFormatW       00000001800af3b8     kernel32:KERNEL32.dll
 0005:000003c0       __imp_GetTimeFormatW       00000001800af3c0     kernel32:KERNEL32.dll
 0005:000003c8       __imp_CompareStringW       00000001800af3c8     kernel32:KERNEL32.dll
 0005:000003d0       __imp_LCMapStringW         00000001800af3d0     kernel32:KERNEL32.dll
 0005:000003d8       __imp_SetFilePointerEx     00000001800af3d8     kernel32:KERNEL32.dll
 0005:000003e0       __imp_SetStdHandle         00000001800af3e0     kernel32:KERNEL32.dll
 0005:000003e8       __imp_CloseHandle          00000001800af3e8     kernel32:KERNEL32.dll
 0005:000003f0       __imp_CreateFileW          00000001800af3f0     kernel32:KERNEL32.dll
 0005:000003f8       __imp_LoadLibraryExA       00000001800af3f8     kernel32:KERNEL32.dll
 0005:00000400       \177KERNEL32_NULL_THUNK_DATA 00000001800af400     kernel32:KERNEL32.dll
 0005:000004e0       __IMPORT_DESCRIPTOR_JSCUDA 00000001800af4e0     JSCUDA:JSCUDA.dll
 0005:000004f4       __IMPORT_DESCRIPTOR_KERNEL32 00000001800af4f4     kernel32:KERNEL32.dll
 0005:00000508       __NULL_IMPORT_DESCRIPTOR   00000001800af508     JSCUDA:JSCUDA.dll
 0006:00000000       __DELAY_IMPORT_DESCRIPTOR_node_exe 00000001800b1000     node:node.exe
 0006:00000020       __NULL_DELAY_IMPORT_DESCRIPTOR 00000001800b1020     node:node.exe
 0006:000001e8       \177node_NULL_THUNK_DATA_DLN 00000001800b11e8     node:node.exe
 0006:00000290       __imp_??0HandleScope@v8@@QEAA@PEAVIsolate@1@@Z 00000001800b1290     node:node.exe
 0006:00000298       __imp_??1HandleScope@v8@@QEAA@XZ 00000001800b1298     node:node.exe
 0006:000002a0       __imp_?IsArray@Value@v8@@QEBA_NXZ 00000001800b12a0     node:node.exe
 0006:000002a8       __imp_?ToObject@Value@v8@@QEBA?AV?$Local@VObject@v8@@@2@XZ 00000001800b12a8     node:node.exe
 0006:000002b0       __imp_?NewFromUtf8@String@v8@@SA?AV?$Local@VString@v8@@@2@PEAVIsolate@2@PEBDW4NewStringType@12@H@Z 00000001800b12b0     node:node.exe
 0006:000002b8       __imp_?NewFromUnsigned@Integer@v8@@SA?AV?$Local@VInteger@v8@@@2@PEAVIsolate@2@I@Z 00000001800b12b8     node:node.exe
 0006:000002c0       __imp_?Set@Object@v8@@QEAA_NV?$Local@VValue@v8@@@2@0@Z 00000001800b12c0     node:node.exe
 0006:000002c8       __imp_?Get@Object@v8@@QEAA?AV?$Local@VValue@v8@@@2@I@Z 00000001800b12c8     node:node.exe
 0006:000002d0       __imp_?InternalFieldCount@Object@v8@@QEAAHXZ 00000001800b12d0     node:node.exe
 0006:000002d8       __imp_?GetAlignedPointerFromInternalField@Object@v8@@QEAAPEAXH@Z 00000001800b12d8     node:node.exe
 0006:000002e0       __imp_?SetAlignedPointerInInternalField@Object@v8@@QEAAXHPEAX@Z 00000001800b12e0     node:node.exe
 0006:000002e8       __imp_?GetIsolate@Object@v8@@QEAAPEAVIsolate@2@XZ 00000001800b12e8     node:node.exe
 0006:000002f0       __imp_?Length@Array@v8@@QEBAIXZ 00000001800b12f0     node:node.exe
 0006:000002f8       __imp_?Cast@Array@v8@@SAPEAV12@PEAVValue@2@@Z 00000001800b12f8     node:node.exe
 0006:00000300       __imp_?Set@Template@v8@@QEAAXV?$Local@VName@v8@@@2@V?$Local@VData@v8@@@2@W4PropertyAttribute@2@@Z 00000001800b1300     node:node.exe
 0006:00000308       __imp_?New@FunctionTemplate@v8@@SA?AV?$Local@VFunctionTemplate@v8@@@2@PEAVIsolate@2@P6AXAEBV?$FunctionCallbackInfo@VValue@v8@@@2@@ZV?$Local@VValue@v8@@@2@V?$Local@VSignature@v8@@@2@H@Z 00000001800b1308     node:node.exe
 0006:00000310       __imp_?GetFunction@FunctionTemplate@v8@@QEAA?AV?$Local@VFunction@v8@@@2@XZ 00000001800b1310     node:node.exe
 0006:00000318       __imp_?InstanceTemplate@FunctionTemplate@v8@@QEAA?AV?$Local@VObjectTemplate@v8@@@2@XZ 00000001800b1318     node:node.exe
 0006:00000320       __imp_?PrototypeTemplate@FunctionTemplate@v8@@QEAA?AV?$Local@VObjectTemplate@v8@@@2@XZ 00000001800b1320     node:node.exe
 0006:00000328       __imp_?SetClassName@FunctionTemplate@v8@@QEAAXV?$Local@VString@v8@@@2@@Z 00000001800b1328     node:node.exe
 0006:00000330       __imp_?SetInternalFieldCount@ObjectTemplate@v8@@QEAAXH@Z 00000001800b1330     node:node.exe
 0006:00000338       __imp_?New@Signature@v8@@SA?AV?$Local@VSignature@v8@@@2@PEAVIsolate@2@V?$Local@VFunctionTemplate@v8@@@2@@Z 00000001800b1338     node:node.exe
 0006:00000340       __imp_?SyntaxError@Exception@v8@@SA?AV?$Local@VValue@v8@@@2@V?$Local@VString@v8@@@2@@Z 00000001800b1340     node:node.exe
 0006:00000348       __imp_?TypeError@Exception@v8@@SA?AV?$Local@VValue@v8@@@2@V?$Local@VString@v8@@@2@@Z 00000001800b1348     node:node.exe
 0006:00000350       __imp_?Error@Exception@v8@@SA?AV?$Local@VValue@v8@@@2@V?$Local@VString@v8@@@2@@Z 00000001800b1350     node:node.exe
 0006:00000358       __imp_?GetCurrent@Isolate@v8@@SAPEAV12@XZ 00000001800b1358     node:node.exe
 0006:00000360       __imp_?ThrowException@Isolate@v8@@QEAA?AV?$Local@VValue@v8@@@2@V32@@Z 00000001800b1360     node:node.exe
 0006:00000368       __imp_?GlobalizeReference@V8@v8@@CAPEAPEAVObject@internal@2@PEAVIsolate@42@PEAPEAV342@@Z 00000001800b1368     node:node.exe
 0006:00000370       __imp_?DisposeGlobal@V8@v8@@CAXPEAPEAVObject@internal@2@@Z 00000001800b1370     node:node.exe
 0006:00000378       __imp_?MakeWeak@V8@v8@@CAXPEAPEAVObject@internal@2@PEAXP6AXAEBV?$WeakCallbackInfo@X@2@@ZW4WeakCallbackType@2@@Z 00000001800b1378     node:node.exe
 0006:00000380       __imp_?ClearWeak@V8@v8@@CAPEAXPEAPEAVObject@internal@2@@Z 00000001800b1380     node:node.exe
 0006:00000388       __imp_?IsInt32@Value@v8@@QEBA_NXZ 00000001800b1388     node:node.exe
 0006:00000390       __imp_?IsUint32@Value@v8@@QEBA_NXZ 00000001800b1390     node:node.exe
 0006:00000398       __imp_?IsFloat32Array@Value@v8@@QEBA_NXZ 00000001800b1398     node:node.exe
 0006:000003a0       __imp_?Uint32Value@Value@v8@@QEBAIXZ 00000001800b13a0     node:node.exe
 0006:000003a8       __imp_?Int32Value@Value@v8@@QEBAHXZ 00000001800b13a8     node:node.exe
 0006:000003b0       __imp_?Data@Contents@ArrayBuffer@v8@@QEBAPEAXXZ 00000001800b13b0     node:node.exe
 0006:000003b8       __imp_?ByteLength@ArrayBuffer@v8@@QEBA_KXZ 00000001800b13b8     node:node.exe
 0006:000003c0       __imp_?GetContents@ArrayBuffer@v8@@QEAA?AVContents@12@XZ 00000001800b13c0     node:node.exe
 0006:000003c8       __imp_?Buffer@ArrayBufferView@v8@@QEAA?AV?$Local@VArrayBuffer@v8@@@2@XZ 00000001800b13c8     node:node.exe
 0006:000003d0       __imp_?Length@TypedArray@v8@@QEAA_KXZ 00000001800b13d0     node:node.exe
 0006:000003d8       __imp_?Cast@Float32Array@v8@@SAPEAV12@PEAVValue@2@@Z 00000001800b13d8     node:node.exe
 0006:000003e0       __imp_?RangeError@Exception@v8@@SA?AV?$Local@VValue@v8@@@2@V?$Local@VString@v8@@@2@@Z 00000001800b13e0     node:node.exe
 0006:000003e8       __imp_?BooleanValue@Value@v8@@QEBA_NXZ 00000001800b13e8     node:node.exe
 0006:000003f0       __imp_?NumberValue@Value@v8@@QEBANXZ 00000001800b13f0     node:node.exe
 0006:000003f8       __imp_?New@Boolean@v8@@SA?AV?$Local@VBoolean@v8@@@2@PEAVIsolate@2@_N@Z 00000001800b13f8     node:node.exe
 0006:00000400       __imp_?New@Number@v8@@SA?AV?$Local@VNumber@v8@@@2@PEAVIsolate@2@N@Z 00000001800b1400     node:node.exe
 0006:00000408       __imp_?Get@Object@v8@@QEAA?AV?$Local@VValue@v8@@@2@V32@@Z 00000001800b1408     node:node.exe
 0006:00000410       __imp_?Cast@Object@v8@@SAPEAV12@PEAVValue@2@@Z 00000001800b1410     node:node.exe
 0006:00000418       __imp_?SetName@Function@v8@@QEAAXV?$Local@VString@v8@@@2@@Z 00000001800b1418     node:node.exe
 0006:00000420       __imp_?Cast@Int32Array@v8@@SAPEAV12@PEAVValue@2@@Z 00000001800b1420     node:node.exe
 0006:00000428       __imp_?ReferenceError@Exception@v8@@SA?AV?$Local@VValue@v8@@@2@V?$Local@VString@v8@@@2@@Z 00000001800b1428     node:node.exe
 0006:00000430       __imp_node_module_register 00000001800b1430     node:node.exe
 0006:00000438       \177node_NULL_THUNK_DATA_DLA 00000001800b1438     node:node.exe
 0006:00001380       \177node_NULL_THUNK_DATA_DLB 00000001800b2380     node:node.exe
