 jc

 Timestamp is 57696e8b (Wed Jun 22 00:42:51 2016)

 Preferred load address is 0000000180000000

 Start         Length     Name                   Class
 0001:00000000 00001483H .text$di                CODE
 0001:00001490 000818ceH .text$mn                CODE
 0001:00082d60 00002115H .text$x                 CODE
 0001:00084e80 00001061H .text$yd                CODE
 0002:00000000 00000109H .CRT$XCA                DATA
 0002:00000110 0000013dH .CRT$XCU                DATA
 0002:00000250 00000109H .CRT$XCZ                DATA
 0002:00000360 00000109H .CRT$XIA                DATA
 0002:00000470 00000126H .CRT$XIC                DATA
 0002:00000598 00000109H .CRT$XIZ                DATA
 0002:000006a8 00000109H .CRT$XPA                DATA
 0002:000007b8 00000113H .CRT$XPX                DATA
 0002:000008d0 00000109H .CRT$XPXA               DATA
 0002:000009e0 00000109H .CRT$XPZ                DATA
 0002:00000af0 00000109H .CRT$XTA                DATA
 0002:00000c00 00000109H .CRT$XTZ                DATA
 0002:00000d10 00017870H .rdata                  DATA
 0002:00018580 00000164H .rdata$debug            DATA
 0002:000186e8 00000a64H .rdata$r                DATA
 0002:00019150 00000109H .rtc$IAA                DATA
 0002:00019260 0000013fH .rtc$IMZ                DATA
 0002:000193a0 00000109H .rtc$IZZ                DATA
 0002:000194b0 00000109H .rtc$TAA                DATA
 0002:000195c0 0000013fH .rtc$TMZ                DATA
 0002:00019700 00000109H .rtc$TZZ                DATA
 0002:00019810 00003eecH .xdata                  DATA
 0002:0001d700 00000211H .xdata$x                DATA
 0002:0001d920 00000156H .edata                  DATA
 0003:00000000 00001ff0H .data                   DATA
 0003:00001ff0 000003e4H .data$r                 DATA
 0003:000023e0 000029a0H .bss                    DATA
 0004:00000000 00003e40H .pdata                  DATA
 0005:00000000 000004e0H .idata$5                DATA
 0005:000004e0 00000028H .idata$2                DATA
 0005:00000508 00000014H .idata$3                DATA
 0005:00000520 000004e0H .idata$4                DATA
 0005:00000a00 00000a24H .idata$6                DATA
 0006:00000000 00000020H .didat$2                DATA
 0006:00000020 00000020H .didat$3                DATA
 0006:00000040 00000250H .didat$4                DATA
 0006:00000290 00000250H .didat$5                DATA
 0006:000004e0 00000e98H .didat$6                DATA
 0006:00001378 000002dbH .didat$7                DATA
 0007:00000000 00000169H .rsrc$01                DATA
 0007:00000170 000002ccH .rsrc$02                DATA

  Address         Publics by Value              Rva+Base               Lib:Object

 0000:00000000       ___safe_se_handler_count   0000000000000000     <absolute>
 0000:00000000       ___safe_se_handler_table   0000000000000000     <absolute>
 0000:00000000       __guard_flags              0000000000000000     <absolute>
 0000:00000000       __guard_fids_table         0000000000000000     <absolute>
 0000:00000000       __guard_fids_count         0000000000000000     <absolute>
 0000:00000000       __ImageBase                0000000180000000     <linker-defined>
 0001:00001490       ?Init@BatchPointerArray@@SAXV?$Local@VObject@v8@@@v8@@@Z 0000000180002490 f   BatchPointerArray.obj
 0001:000016b0       ?getTypeSize@BatchPointerArray@@QEBA_KXZ 00000001800026b0 f   BatchPointerArray.obj
 0001:00001700       ??0BatchPointerArray@@AEAA@_KW4PointerType@0@PEAX@Z 0000000180002700 f   BatchPointerArray.obj
 0001:00001780       ??1BatchPointerArray@@EEAA@XZ 0000000180002780 f   BatchPointerArray.obj
 0001:00001810       ?New@BatchPointerArray@@CAXAEBV?$FunctionCallbackInfo@VValue@v8@@@v8@@@Z 0000000180002810 f   BatchPointerArray.obj
 0001:00001ec0       ?destroy@BatchPointerArray@@CAXAEBV?$FunctionCallbackInfo@VValue@v8@@@v8@@@Z 0000000180002ec0 f   BatchPointerArray.obj
 0001:00002230       ??$?0VFunction@v8@@@?$Local@VValue@v8@@@v8@@QEAA@V?$Local@VFunction@v8@@@1@@Z 0000000180003230 f i BatchPointerArray.obj
 0001:000022a0       ??$?0VFunctionTemplate@v8@@@?$Local@VData@v8@@@v8@@QEAA@V?$Local@VFunctionTemplate@v8@@@1@@Z 00000001800032a0 f i BatchPointerArray.obj
 0001:00002310       ??$?0VInteger@v8@@@?$Local@VValue@v8@@@v8@@QEAA@V?$Local@VInteger@v8@@@1@@Z 0000000180003310 f i BatchPointerArray.obj
 0001:00002380       ??$?0VString@v8@@@?$Local@VName@v8@@@v8@@QEAA@V?$Local@VString@v8@@@1@@Z 0000000180003380 f i BatchPointerArray.obj
 0001:000023f0       ??$?0VString@v8@@@?$Local@VValue@v8@@@v8@@QEAA@V?$Local@VString@v8@@@1@@Z 00000001800033f0 f i BatchPointerArray.obj
 0001:00002460       ??$Cast@VValue@v8@@@?$Local@VArray@v8@@@v8@@SA?AV01@V?$Local@VValue@v8@@@1@@Z 0000000180003460 f i BatchPointerArray.obj
 0001:000024d0       ??$ClearWeak@X@?$PersistentBase@VObject@v8@@@v8@@QEAAPEAXXZ 00000001800034d0 f i BatchPointerArray.obj
 0001:00002510       ??$Reset@VFunction@v8@@@?$PersistentBase@VFunction@v8@@@v8@@QEAAXPEAVIsolate@1@AEBV?$Local@VFunction@v8@@@1@@Z 0000000180003510 f i BatchPointerArray.obj
 0001:000025b0       ??$Reset@VObject@v8@@@?$PersistentBase@VObject@v8@@@v8@@QEAAXPEAVIsolate@1@AEBV?$Local@VObject@v8@@@1@@Z 00000001800035b0 f i BatchPointerArray.obj
 0001:00002650       ??$Set@VObject@v8@@@?$ReturnValue@VValue@v8@@@v8@@QEAAXV?$Local@VObject@v8@@@1@@Z 0000000180003650 f i BatchPointerArray.obj
 0001:000026f0       ??$Set@VPrimitive@v8@@@?$ReturnValue@VValue@v8@@@v8@@QEAAXV?$Local@VPrimitive@v8@@@1@@Z 00000001800036f0 f i BatchPointerArray.obj
 0001:00002790       ??$SetWeak@VObjectWrap@node@@@?$PersistentBase@VObject@v8@@@v8@@QEAAXPEAVObjectWrap@node@@P6AXAEBV?$WeakCallbackInfo@VObjectWrap@node@@@1@@ZW4WeakCallbackType@1@@Z 0000000180003790 f i BatchPointerArray.obj
 0001:00002800       ??$Unwrap@VBatchPointerArray@@@ObjectWrap@node@@SAPEAVBatchPointerArray@@V?$Local@VObject@v8@@@v8@@@Z 0000000180003800 f i BatchPointerArray.obj
 0001:000028d0       ??$Unwrap@VDeviceFloat32Array@@@ObjectWrap@node@@SAPEAVDeviceFloat32Array@@V?$Local@VObject@v8@@@v8@@@Z 00000001800038d0 f i BatchPointerArray.obj
 0001:000029a0       ??0?$Local@VArray@v8@@@v8@@AEAA@PEAVArray@1@@Z 00000001800039a0 f i BatchPointerArray.obj
 0001:000029d0       ??0?$Local@VObject@v8@@@v8@@AEAA@PEAVObject@1@@Z 00000001800039d0 f i BatchPointerArray.obj
 0001:00002a00       ??0?$Local@VPrimitive@v8@@@v8@@AEAA@PEAVPrimitive@1@@Z 0000000180003a00 f i BatchPointerArray.obj
 0001:00002a30       ??0?$Local@VSignature@v8@@@v8@@QEAA@XZ 0000000180003a30 f i BatchPointerArray.obj
 0001:00002a50       ??0?$Local@VValue@v8@@@v8@@AEAA@PEAVValue@1@@Z 0000000180003a50 f i BatchPointerArray.obj
 0001:00002a80       ??0?$Local@VValue@v8@@@v8@@QEAA@XZ 0000000180003a80 f i BatchPointerArray.obj
 0001:00002aa0       ??0?$Persistent@VFunction@v8@@V?$NonCopyablePersistentTraits@VFunction@v8@@@2@@v8@@QEAA@XZ 0000000180003aa0 f i BatchPointerArray.obj
 0001:00002af0       ??0?$Persistent@VObject@v8@@V?$NonCopyablePersistentTraits@VObject@v8@@@2@@v8@@QEAA@XZ 0000000180003af0 f i BatchPointerArray.obj
 0001:00002b40       ??0?$PersistentBase@VFunction@v8@@@v8@@AEAA@PEAVFunction@1@@Z 0000000180003b40 f i BatchPointerArray.obj
 0001:00002b70       ??0?$PersistentBase@VObject@v8@@@v8@@AEAA@PEAVObject@1@@Z 0000000180003b70 f i BatchPointerArray.obj
 0001:00002ba0       ??0?$ReturnValue@VValue@v8@@@v8@@AEAA@PEAPEAVObject@internal@1@@Z 0000000180003ba0 f i BatchPointerArray.obj
 0001:00002bd0       ??0ObjectWrap@node@@QEAA@XZ 0000000180003bd0 f i BatchPointerArray.obj
 0001:00002c40       ??1?$Persistent@VFunction@v8@@V?$NonCopyablePersistentTraits@VFunction@v8@@@2@@v8@@QEAA@XZ 0000000180003c40 f i BatchPointerArray.obj
 0001:00002c90       ??1?$Persistent@VObject@v8@@V?$NonCopyablePersistentTraits@VObject@v8@@@2@@v8@@QEAA@XZ 0000000180003c90 f i BatchPointerArray.obj
 0001:00002ce0       ??1ObjectWrap@node@@UEAA@XZ 0000000180003ce0 f i BatchPointerArray.obj
 0001:00002dd0       ??A?$FunctionCallbackInfo@VValue@v8@@@v8@@QEBA?AV?$Local@VValue@v8@@@1@H@Z 0000000180003dd0 f i BatchPointerArray.obj
 0001:00002ea0       ??C?$Local@VArray@v8@@@v8@@QEBAPEAVArray@1@XZ 0000000180003ea0 f i BatchPointerArray.obj
 0001:00002ec0       ??C?$Local@VFunctionTemplate@v8@@@v8@@QEBAPEAVFunctionTemplate@1@XZ 0000000180003ec0 f i BatchPointerArray.obj
 0001:00002ee0       ??C?$Local@VObject@v8@@@v8@@QEBAPEAVObject@1@XZ 0000000180003ee0 f i BatchPointerArray.obj
 0001:00002f00       ??C?$Local@VObjectTemplate@v8@@@v8@@QEBAPEAVObjectTemplate@1@XZ 0000000180003f00 f i BatchPointerArray.obj
 0001:00002f20       ??C?$Local@VValue@v8@@@v8@@QEBAPEAVValue@1@XZ 0000000180003f20 f i BatchPointerArray.obj
 0001:00002f40       ??D?$Local@VFunction@v8@@@v8@@QEBAPEAVFunction@1@XZ 0000000180003f40 f i BatchPointerArray.obj
 0001:00002f60       ??D?$Local@VFunctionTemplate@v8@@@v8@@QEBAPEAVFunctionTemplate@1@XZ 0000000180003f60 f i BatchPointerArray.obj
 0001:00002f80       ??D?$Local@VInteger@v8@@@v8@@QEBAPEAVInteger@1@XZ 0000000180003f80 f i BatchPointerArray.obj
 0001:00002fa0       ??D?$Local@VObject@v8@@@v8@@QEBAPEAVObject@1@XZ 0000000180003fa0 f i BatchPointerArray.obj
 0001:00002fc0       ??D?$Local@VPrimitive@v8@@@v8@@QEBAPEAVPrimitive@1@XZ 0000000180003fc0 f i BatchPointerArray.obj
 0001:00002fe0       ??D?$Local@VString@v8@@@v8@@QEBAPEAVString@1@XZ 0000000180003fe0 f i BatchPointerArray.obj
 0001:00003000       ??D?$Local@VValue@v8@@@v8@@QEBAPEAVValue@1@XZ 0000000180004000 f i BatchPointerArray.obj
 0001:00003020       ??_GBatchPointerArray@@EEAAPEAXI@Z 0000000180004020 f i BatchPointerArray.obj
 0001:00003020       ??_EBatchPointerArray@@EEAAPEAXI@Z 0000000180004020 f i BatchPointerArray.obj
 0001:00003080       ??_GObjectWrap@node@@UEAAPEAXI@Z 0000000180004080 f i BatchPointerArray.obj
 0001:00003080       ??_EObjectWrap@node@@UEAAPEAXI@Z 0000000180004080 f i BatchPointerArray.obj
 0001:000030e0       ?CheckInitialized@Internals@internal@v8@@SAXPEAVIsolate@3@@Z 00000001800040e0 f i BatchPointerArray.obj
 0001:000030f0       ?ClearWeak@?$PersistentBase@VObject@v8@@@v8@@QEAAXXZ 00000001800040f0 f i BatchPointerArray.obj
 0001:00003130       ?GetDefaultValue@?$ReturnValue@VValue@v8@@@v8@@AEAAPEAVObject@internal@2@XZ 0000000180004130 f i BatchPointerArray.obj
 0001:00003160       ?GetIsolate@?$FunctionCallbackInfo@VValue@v8@@@v8@@QEBAPEAVIsolate@2@XZ 0000000180004160 f i BatchPointerArray.obj
 0001:00003190       ?GetNodeState@Internals@internal@v8@@SAEPEAPEAVObject@23@@Z 0000000180004190 f i BatchPointerArray.obj
 0001:000031e0       ?GetParameter@?$WeakCallbackInfo@VObjectWrap@node@@@v8@@QEBAPEAVObjectWrap@node@@XZ 00000001800041e0 f i BatchPointerArray.obj
 0001:00003200       ?GetReturnValue@?$FunctionCallbackInfo@VValue@v8@@@v8@@QEBA?AV?$ReturnValue@VValue@v8@@@2@XZ 0000000180004200 f i BatchPointerArray.obj
 0001:00003260       ?GetRoot@Internals@internal@v8@@SAPEAPEAVObject@23@PEAVIsolate@3@H@Z 0000000180004260 f i BatchPointerArray.obj
 0001:000032c0       ?Holder@?$FunctionCallbackInfo@VValue@v8@@@v8@@QEBA?AV?$Local@VObject@v8@@@2@XZ 00000001800042c0 f i BatchPointerArray.obj
 0001:00003320       ?IsConstructCall@?$FunctionCallbackInfo@VValue@v8@@@v8@@QEBA_NXZ 0000000180004320 f i BatchPointerArray.obj
 0001:00003340       ?IsEmpty@?$Local@VFunction@v8@@@v8@@QEBA_NXZ 0000000180004340 f i BatchPointerArray.obj
 0001:000033a0       ?IsEmpty@?$Local@VObject@v8@@@v8@@QEBA_NXZ 00000001800043a0 f i BatchPointerArray.obj
 0001:00003400       ?IsEmpty@?$Local@VPrimitive@v8@@@v8@@QEBA_NXZ 0000000180004400 f i BatchPointerArray.obj
 0001:00003460       ?IsEmpty@?$PersistentBase@VFunction@v8@@@v8@@QEBA_NXZ 0000000180004460 f i BatchPointerArray.obj
 0001:000034c0       ?IsEmpty@?$PersistentBase@VObject@v8@@@v8@@QEBA_NXZ 00000001800044c0 f i BatchPointerArray.obj
 0001:00003520       ?IsNearDeath@?$PersistentBase@VObject@v8@@@v8@@QEBA_NXZ 0000000180004520 f i BatchPointerArray.obj
 0001:000035c0       ?IsWeak@?$PersistentBase@VObject@v8@@@v8@@QEBA_NXZ 00000001800045c0 f i BatchPointerArray.obj
 0001:00003640       ?MakeWeak@ObjectWrap@node@@IEAAXXZ 0000000180004640 f i BatchPointerArray.obj
 0001:000036b0       ?MarkIndependent@?$PersistentBase@VObject@v8@@@v8@@QEAAXXZ 00000001800046b0 f i BatchPointerArray.obj
 0001:00003710       ?NODE_SET_PROTOTYPE_METHOD@node@@YAXV?$Local@VFunctionTemplate@v8@@@v8@@PEBDP6AXAEBV?$FunctionCallbackInfo@VValue@v8@@@3@@Z@Z 0000000180004710 f i BatchPointerArray.obj
 0001:00003940       ?New@?$PersistentBase@VFunction@v8@@@v8@@CAPEAVFunction@2@PEAVIsolate@2@PEAV32@@Z 0000000180004940 f i BatchPointerArray.obj
 0001:000039b0       ?New@?$PersistentBase@VObject@v8@@@v8@@CAPEAVObject@2@PEAVIsolate@2@PEAV32@@Z 00000001800049b0 f i BatchPointerArray.obj
 0001:00003a20       ?Ref@ObjectWrap@node@@MEAAXXZ 0000000180004a20 f i BatchPointerArray.obj
 0001:00003ac0       ?Reset@?$PersistentBase@VFunction@v8@@@v8@@QEAAXXZ 0000000180004ac0 f i BatchPointerArray.obj
 0001:00003b30       ?Reset@?$PersistentBase@VObject@v8@@@v8@@QEAAXXZ 0000000180004b30 f i BatchPointerArray.obj
 0001:00003ba0       ?This@?$FunctionCallbackInfo@VValue@v8@@@v8@@QEBA?AV?$Local@VObject@v8@@@2@XZ 0000000180004ba0 f i BatchPointerArray.obj
 0001:00003c00       ?Undefined@v8@@YA?AV?$Local@VPrimitive@v8@@@1@PEAVIsolate@1@@Z 0000000180004c00 f i BatchPointerArray.obj
 0001:00003c80       ?Unref@ObjectWrap@node@@MEAAXXZ 0000000180004c80 f i BatchPointerArray.obj
 0001:00003da0       ?UpdateNodeFlag@Internals@internal@v8@@SAXPEAPEAVObject@23@_NH@Z 0000000180004da0 f i BatchPointerArray.obj
 0001:00003e50       ?WeakCallback@ObjectWrap@node@@CAXAEBV?$WeakCallbackInfo@VObjectWrap@node@@@v8@@@Z 0000000180004e50 f i BatchPointerArray.obj
 0001:00003f30       ?Wrap@ObjectWrap@node@@IEAAXV?$Local@VObject@v8@@@v8@@@Z 0000000180004f30 f i BatchPointerArray.obj
 0001:00004050       ?getData@DeviceFloat32Array@@QEAAPEAMXZ 0000000180005050 f i BatchPointerArray.obj
 0001:00004070       ?getLength@BatchPointerArray@@QEBA_KXZ 0000000180005070 f i BatchPointerArray.obj
 0001:000040d0       ?persistent@ObjectWrap@node@@QEAAAEAV?$Persistent@VObject@v8@@V?$NonCopyablePersistentTraits@VObject@v8@@@2@@v8@@XZ 00000001800050d0 f i BatchPointerArray.obj
 0001:000040f0       hypot                      00000001800050f0 f i BatchPointerArray.obj
 0001:00004140       ?Init@DeviceFloat32Array@@SAXV?$Local@VObject@v8@@@v8@@@Z 0000000180005140 f   DeviceFloat32Array.obj
 0001:000043e0       ??0DeviceFloat32Array@@AEAA@_K@Z 00000001800053e0 f   DeviceFloat32Array.obj
 0001:00004470       ??0DeviceFloat32Array@@AEAA@AEBV?$Local@VFloat32Array@v8@@@v8@@@Z 0000000180005470 f   DeviceFloat32Array.obj
 0001:000045b0       ??1DeviceFloat32Array@@EEAA@XZ 00000001800055b0 f   DeviceFloat32Array.obj
 0001:00004620       ?New@DeviceFloat32Array@@CAXAEBV?$FunctionCallbackInfo@VValue@v8@@@v8@@@Z 0000000180005620 f   DeviceFloat32Array.obj
 0001:00004b60       ?copy@DeviceFloat32Array@@CAXAEBV?$FunctionCallbackInfo@VValue@v8@@@v8@@@Z 0000000180005b60 f   DeviceFloat32Array.obj
 0001:00004f00       ?copyFrom@DeviceFloat32Array@@CAXAEBV?$FunctionCallbackInfo@VValue@v8@@@v8@@@Z 0000000180005f00 f   DeviceFloat32Array.obj
 0001:00005310       ?copyTo@DeviceFloat32Array@@CAXAEBV?$FunctionCallbackInfo@VValue@v8@@@v8@@@Z 0000000180006310 f   DeviceFloat32Array.obj
 0001:00005710       ?destroy@DeviceFloat32Array@@CAXAEBV?$FunctionCallbackInfo@VValue@v8@@@v8@@@Z 0000000180006710 f   DeviceFloat32Array.obj
 0001:000057d0       ?swap@DeviceFloat32Array@@CAXAEBV?$FunctionCallbackInfo@VValue@v8@@@v8@@@Z 00000001800067d0 f   DeviceFloat32Array.obj
 0001:00005b30       ?setValue@DeviceFloat32Array@@CAXAEBV?$FunctionCallbackInfo@VValue@v8@@@v8@@@Z 0000000180006b30 f   DeviceFloat32Array.obj
 0001:00006330       ??$Cast@VValue@v8@@@?$Local@VFloat32Array@v8@@@v8@@SA?AV01@V?$Local@VValue@v8@@@1@@Z 0000000180007330 f i DeviceFloat32Array.obj
 0001:000063a0       ??0?$Local@VFloat32Array@v8@@@v8@@AEAA@PEAVFloat32Array@1@@Z 00000001800073a0 f i DeviceFloat32Array.obj
 0001:000063d0       ??C?$Local@VArrayBuffer@v8@@@v8@@QEBAPEAVArrayBuffer@1@XZ 00000001800073d0 f i DeviceFloat32Array.obj
 0001:000063f0       ??C?$Local@VFloat32Array@v8@@@v8@@QEBAPEAVFloat32Array@1@XZ 00000001800073f0 f i DeviceFloat32Array.obj
 0001:00006410       ??_GDeviceFloat32Array@@EEAAPEAXI@Z 0000000180007410 f i DeviceFloat32Array.obj
 0001:00006410       ??_EDeviceFloat32Array@@EEAAPEAXI@Z 0000000180007410 f i DeviceFloat32Array.obj
 0001:00006470       ?getLength@DeviceFloat32Array@@QEBA_KXZ 0000000180007470 f i DeviceFloat32Array.obj
 0001:00006490       ?unwrapVector@@YA?AUVector@jc_cuda@@PEAVIsolate@v8@@AEAV?$Local@VValue@v8@@@4@@Z 0000000180007490 f   jc.obj
 0001:00006660       ?unwrapMatrix@@YA?AUMatrix@jc_cuda@@PEAVIsolate@v8@@AEAV?$Local@VValue@v8@@@4@@Z 0000000180007660 f   jc.obj
 0001:00006a70       ?unwrapMatrixBatch@@YA?AUMatrixBatch@jc_cuda@@PEAVIsolate@v8@@AEAV?$Local@VValue@v8@@@4@@Z 0000000180007a70 f   jc.obj
 0001:00006f10       ?matrixMulScalar@@YAXAEBV?$FunctionCallbackInfo@VValue@v8@@@v8@@@Z 0000000180007f10 f   jc.obj
 0001:00007090       ?matrixMulVector@@YAXAEBV?$FunctionCallbackInfo@VValue@v8@@@v8@@@Z 0000000180008090 f   jc.obj
 0001:000072a0       ?matrixMulMatrix@@YAXAEBV?$FunctionCallbackInfo@VValue@v8@@@v8@@@Z 00000001800082a0 f   jc.obj
 0001:000074b0       ?matrixMulMatrixBatched@@YAXAEBV?$FunctionCallbackInfo@VValue@v8@@@v8@@@Z 00000001800084b0 f   jc.obj
 0001:000076c0       ?matrixAdd@@YAXAEBV?$FunctionCallbackInfo@VValue@v8@@@v8@@@Z 00000001800086c0 f   jc.obj
 0001:000078d0       ?linearSolveLUBatched@@YAXAEBV?$FunctionCallbackInfo@VValue@v8@@@v8@@@Z 00000001800088d0 f   jc.obj
 0001:00007ba0       ?dumpHostVector@@YAXPEAMI@Z 0000000180008ba0 f   jc.obj
 0001:00007c30       ?vectorAdd@@YAXAEBV?$FunctionCallbackInfo@VValue@v8@@@v8@@@Z 0000000180008c30 f   jc.obj
 0001:00007e40       ?vectorCopy@@YAXAEBV?$FunctionCallbackInfo@VValue@v8@@@v8@@@Z 0000000180008e40 f   jc.obj
 0001:00007fe0       ?vectorSwap@@YAXAEBV?$FunctionCallbackInfo@VValue@v8@@@v8@@@Z 0000000180008fe0 f   jc.obj
 0001:00008180       ?vectorDot@@YAXAEBV?$FunctionCallbackInfo@VValue@v8@@@v8@@@Z 0000000180009180 f   jc.obj
 0001:00008390       ?vectorNorm@@YAXAEBV?$FunctionCallbackInfo@VValue@v8@@@v8@@@Z 0000000180009390 f   jc.obj
 0001:00008530       ?vectorMulScalar@@YAXAEBV?$FunctionCallbackInfo@VValue@v8@@@v8@@@Z 0000000180009530 f   jc.obj
 0001:000086b0       ?vectorRank@@YAXAEBV?$FunctionCallbackInfo@VValue@v8@@@v8@@@Z 00000001800096b0 f   jc.obj
 0001:000088c0       ?cudaDeviceInit@jc@@YAXAEBV?$FunctionCallbackInfo@VValue@v8@@@v8@@@Z 00000001800098c0 f   jc.obj
 0001:00008970       ?cudaDeviceReset@jc@@YAXAEBV?$FunctionCallbackInfo@VValue@v8@@@v8@@@Z 0000000180009970 f   jc.obj
 0001:000089e0       ?Init@jc@@YAXV?$Local@VObject@v8@@@v8@@@Z 00000001800099e0 f   jc.obj
 0001:00009560       ??$Cast@VObject@v8@@@?$Local@VInt32Array@v8@@@v8@@SA?AV01@V?$Local@VObject@v8@@@1@@Z 000000018000a560 f i jc.obj
 0001:000095d0       ??$Cast@VValue@v8@@@?$Local@VObject@v8@@@v8@@SA?AV01@V?$Local@VValue@v8@@@1@@Z 000000018000a5d0 f i jc.obj
 0001:00009640       ??$Set@VBoolean@v8@@@?$ReturnValue@VValue@v8@@@v8@@QEAAXV?$Local@VBoolean@v8@@@1@@Z 000000018000a640 f i jc.obj
 0001:000096e0       ??$Set@VNumber@v8@@@?$ReturnValue@VValue@v8@@@v8@@QEAAXV?$Local@VNumber@v8@@@1@@Z 000000018000a6e0 f i jc.obj
 0001:00009780       ??$checkReturnValue@W4ErrorType@jc_cuda@@@@YAXW4ErrorType@jc_cuda@@QEBD1H@Z 000000018000a780 f i jc.obj
 0001:00009820       ??0?$Local@VInt32Array@v8@@@v8@@AEAA@PEAVInt32Array@1@@Z 000000018000a820 f i jc.obj
 0001:00009850       ??C?$Local@VFunction@v8@@@v8@@QEBAPEAVFunction@1@XZ 000000018000a850 f i jc.obj
 0001:00009870       ??C?$Local@VInt32Array@v8@@@v8@@QEBAPEAVInt32Array@1@XZ 000000018000a870 f i jc.obj
 0001:00009890       ??D?$Local@VBoolean@v8@@@v8@@QEBAPEAVBoolean@1@XZ 000000018000a890 f i jc.obj
 0001:000098b0       ??D?$Local@VNumber@v8@@@v8@@QEBAPEAVNumber@1@XZ 000000018000a8b0 f i jc.obj
 0001:000098d0       ?IsEmpty@?$Local@VBoolean@v8@@@v8@@QEBA_NXZ 000000018000a8d0 f i jc.obj
 0001:00009930       ?IsEmpty@?$Local@VNumber@v8@@@v8@@QEBA_NXZ 000000018000a930 f i jc.obj
 0001:00009990       ?NODE_SET_METHOD@node@@YAXV?$Local@VObject@v8@@@v8@@PEBDP6AXAEBV?$FunctionCallbackInfo@VValue@v8@@@3@@Z@Z 000000018000a990 f i jc.obj
 0001:00009ba0       ?getData@BatchPointerArray@@QEAAPEAXXZ 000000018000aba0 f i jc.obj
 0001:00009c58       cudaMalloc_t               000000018000ac58 f   JSCUDA:JSCUDA.dll
 0001:00009c5e       cudaFree_t                 000000018000ac5e f   JSCUDA:JSCUDA.dll
 0001:00009c64       cudaMemcpyHostToDevice_t   000000018000ac64 f   JSCUDA:JSCUDA.dll
 0001:00009c6a       cudaMemset_t               000000018000ac6a f   JSCUDA:JSCUDA.dll
 0001:00009c70       cudaMemcpyDeviceToDevice_t 000000018000ac70 f   JSCUDA:JSCUDA.dll
 0001:00009c76       cudaMemcpyDeviceToHost_t   000000018000ac76 f   JSCUDA:JSCUDA.dll
 0001:00009c7c       cudaDeviceInit             000000018000ac7c f   JSCUDA:JSCUDA.dll
 0001:00009c82       cudaDeviceReset_t          000000018000ac82 f   JSCUDA:JSCUDA.dll
 0001:00009c88       cublasCreate_t             000000018000ac88 f   JSCUDA:JSCUDA.dll
 0001:00009c8e       cublasDestroy_t            000000018000ac8e f   JSCUDA:JSCUDA.dll
 0001:00009c94       vectorAdd                  000000018000ac94 f   JSCUDA:JSCUDA.dll
 0001:00009c9a       vectorCopy                 000000018000ac9a f   JSCUDA:JSCUDA.dll
 0001:00009ca0       vectorSwap                 000000018000aca0 f   JSCUDA:JSCUDA.dll
 0001:00009ca6       vectorDot                  000000018000aca6 f   JSCUDA:JSCUDA.dll
 0001:00009cac       vectorNorm                 000000018000acac f   JSCUDA:JSCUDA.dll
 0001:00009cb2       vectorMulScalar            000000018000acb2 f   JSCUDA:JSCUDA.dll
 0001:00009cb8       vectorRank                 000000018000acb8 f   JSCUDA:JSCUDA.dll
 0001:00009cbe       matrixMulScalar            000000018000acbe f   JSCUDA:JSCUDA.dll
 0001:00009cc4       matrixMulVector            000000018000acc4 f   JSCUDA:JSCUDA.dll
 0001:00009cca       matrixMulMatrix            000000018000acca f   JSCUDA:JSCUDA.dll
 0001:00009cd0       matrixMulMatrixBatched     000000018000acd0 f   JSCUDA:JSCUDA.dll
 0001:00009cd6       matrixAdd                  000000018000acd6 f   JSCUDA:JSCUDA.dll
 0001:00009cdc       matrixGetrfBatched         000000018000acdc f   JSCUDA:JSCUDA.dll
 0001:00009ce2       matrixGetrsBatched         000000018000ace2 f   JSCUDA:JSCUDA.dll
 0001:00009ce8       GetModuleHandleA           000000018000ace8 f   kernel32:KERNEL32.dll
 0001:00009cee       __imp_load_??0HandleScope@v8@@QEAA@PEAVIsolate@1@@Z 000000018000acee f   node:node.exe
 0001:00009cfa       __tailMerge_node_exe       000000018000acfa f i node:node.exe
 0001:00009d73       ??0HandleScope@v8@@QEAA@PEAVIsolate@1@@Z 000000018000ad73 f   node:node.exe
 0001:00009d79       __imp_load_??1HandleScope@v8@@QEAA@XZ 000000018000ad79 f   node:node.exe
 0001:00009d85       ??1HandleScope@v8@@QEAA@XZ 000000018000ad85 f   node:node.exe
 0001:00009d8b       __imp_load_?IsArray@Value@v8@@QEBA_NXZ 000000018000ad8b f   node:node.exe
 0001:00009d97       ?IsArray@Value@v8@@QEBA_NXZ 000000018000ad97 f   node:node.exe
 0001:00009d9d       __imp_load_?ToObject@Value@v8@@QEBA?AV?$Local@VObject@v8@@@2@XZ 000000018000ad9d f   node:node.exe
 0001:00009da9       ?ToObject@Value@v8@@QEBA?AV?$Local@VObject@v8@@@2@XZ 000000018000ada9 f   node:node.exe
 0001:00009daf       __imp_load_?NewFromUtf8@String@v8@@SA?AV?$Local@VString@v8@@@2@PEAVIsolate@2@PEBDW4NewStringType@12@H@Z 000000018000adaf f   node:node.exe
 0001:00009dbb       ?NewFromUtf8@String@v8@@SA?AV?$Local@VString@v8@@@2@PEAVIsolate@2@PEBDW4NewStringType@12@H@Z 000000018000adbb f   node:node.exe
 0001:00009dc1       __imp_load_?NewFromUnsigned@Integer@v8@@SA?AV?$Local@VInteger@v8@@@2@PEAVIsolate@2@I@Z 000000018000adc1 f   node:node.exe
 0001:00009dcd       ?NewFromUnsigned@Integer@v8@@SA?AV?$Local@VInteger@v8@@@2@PEAVIsolate@2@I@Z 000000018000adcd f   node:node.exe
 0001:00009dd3       __imp_load_?Set@Object@v8@@QEAA_NV?$Local@VValue@v8@@@2@0@Z 000000018000add3 f   node:node.exe
 0001:00009ddf       ?Set@Object@v8@@QEAA_NV?$Local@VValue@v8@@@2@0@Z 000000018000addf f   node:node.exe
 0001:00009de5       __imp_load_?Get@Object@v8@@QEAA?AV?$Local@VValue@v8@@@2@I@Z 000000018000ade5 f   node:node.exe
 0001:00009df1       ?Get@Object@v8@@QEAA?AV?$Local@VValue@v8@@@2@I@Z 000000018000adf1 f   node:node.exe
 0001:00009df7       __imp_load_?InternalFieldCount@Object@v8@@QEAAHXZ 000000018000adf7 f   node:node.exe
 0001:00009e03       ?InternalFieldCount@Object@v8@@QEAAHXZ 000000018000ae03 f   node:node.exe
 0001:00009e09       __imp_load_?GetAlignedPointerFromInternalField@Object@v8@@QEAAPEAXH@Z 000000018000ae09 f   node:node.exe
 0001:00009e15       ?GetAlignedPointerFromInternalField@Object@v8@@QEAAPEAXH@Z 000000018000ae15 f   node:node.exe
 0001:00009e1b       __imp_load_?SetAlignedPointerInInternalField@Object@v8@@QEAAXHPEAX@Z 000000018000ae1b f   node:node.exe
 0001:00009e27       ?SetAlignedPointerInInternalField@Object@v8@@QEAAXHPEAX@Z 000000018000ae27 f   node:node.exe
 0001:00009e2d       __imp_load_?GetIsolate@Object@v8@@QEAAPEAVIsolate@2@XZ 000000018000ae2d f   node:node.exe
 0001:00009e39       ?GetIsolate@Object@v8@@QEAAPEAVIsolate@2@XZ 000000018000ae39 f   node:node.exe
 0001:00009e3f       __imp_load_?Length@Array@v8@@QEBAIXZ 000000018000ae3f f   node:node.exe
 0001:00009e4b       ?Length@Array@v8@@QEBAIXZ  000000018000ae4b f   node:node.exe
 0001:00009e51       __imp_load_?Cast@Array@v8@@SAPEAV12@PEAVValue@2@@Z 000000018000ae51 f   node:node.exe
 0001:00009e5d       ?Cast@Array@v8@@SAPEAV12@PEAVValue@2@@Z 000000018000ae5d f   node:node.exe
 0001:00009e63       __imp_load_?Set@Template@v8@@QEAAXV?$Local@VName@v8@@@2@V?$Local@VData@v8@@@2@W4PropertyAttribute@2@@Z 000000018000ae63 f   node:node.exe
 0001:00009e6f       ?Set@Template@v8@@QEAAXV?$Local@VName@v8@@@2@V?$Local@VData@v8@@@2@W4PropertyAttribute@2@@Z 000000018000ae6f f   node:node.exe
 0001:00009e75       __imp_load_?New@FunctionTemplate@v8@@SA?AV?$Local@VFunctionTemplate@v8@@@2@PEAVIsolate@2@P6AXAEBV?$FunctionCallbackInfo@VValue@v8@@@2@@ZV?$Local@VValue@v8@@@2@V?$Local@VSignature@v8@@@2@H@Z 000000018000ae75 f   node:node.exe
 0001:00009e81       ?New@FunctionTemplate@v8@@SA?AV?$Local@VFunctionTemplate@v8@@@2@PEAVIsolate@2@P6AXAEBV?$FunctionCallbackInfo@VValue@v8@@@2@@ZV?$Local@VValue@v8@@@2@V?$Local@VSignature@v8@@@2@H@Z 000000018000ae81 f   node:node.exe
 0001:00009e87       __imp_load_?GetFunction@FunctionTemplate@v8@@QEAA?AV?$Local@VFunction@v8@@@2@XZ 000000018000ae87 f   node:node.exe
 0001:00009e93       ?GetFunction@FunctionTemplate@v8@@QEAA?AV?$Local@VFunction@v8@@@2@XZ 000000018000ae93 f   node:node.exe
 0001:00009e99       __imp_load_?InstanceTemplate@FunctionTemplate@v8@@QEAA?AV?$Local@VObjectTemplate@v8@@@2@XZ 000000018000ae99 f   node:node.exe
 0001:00009ea5       ?InstanceTemplate@FunctionTemplate@v8@@QEAA?AV?$Local@VObjectTemplate@v8@@@2@XZ 000000018000aea5 f   node:node.exe
 0001:00009eab       __imp_load_?PrototypeTemplate@FunctionTemplate@v8@@QEAA?AV?$Local@VObjectTemplate@v8@@@2@XZ 000000018000aeab f   node:node.exe
 0001:00009eb7       ?PrototypeTemplate@FunctionTemplate@v8@@QEAA?AV?$Local@VObjectTemplate@v8@@@2@XZ 000000018000aeb7 f   node:node.exe
 0001:00009ebd       __imp_load_?SetClassName@FunctionTemplate@v8@@QEAAXV?$Local@VString@v8@@@2@@Z 000000018000aebd f   node:node.exe
 0001:00009ec9       ?SetClassName@FunctionTemplate@v8@@QEAAXV?$Local@VString@v8@@@2@@Z 000000018000aec9 f   node:node.exe
 0001:00009ecf       __imp_load_?SetInternalFieldCount@ObjectTemplate@v8@@QEAAXH@Z 000000018000aecf f   node:node.exe
 0001:00009edb       ?SetInternalFieldCount@ObjectTemplate@v8@@QEAAXH@Z 000000018000aedb f   node:node.exe
 0001:00009ee1       __imp_load_?New@Signature@v8@@SA?AV?$Local@VSignature@v8@@@2@PEAVIsolate@2@V?$Local@VFunctionTemplate@v8@@@2@@Z 000000018000aee1 f   node:node.exe
 0001:00009eed       ?New@Signature@v8@@SA?AV?$Local@VSignature@v8@@@2@PEAVIsolate@2@V?$Local@VFunctionTemplate@v8@@@2@@Z 000000018000aeed f   node:node.exe
 0001:00009ef3       __imp_load_?SyntaxError@Exception@v8@@SA?AV?$Local@VValue@v8@@@2@V?$Local@VString@v8@@@2@@Z 000000018000aef3 f   node:node.exe
 0001:00009eff       ?SyntaxError@Exception@v8@@SA?AV?$Local@VValue@v8@@@2@V?$Local@VString@v8@@@2@@Z 000000018000aeff f   node:node.exe
 0001:00009f05       __imp_load_?TypeError@Exception@v8@@SA?AV?$Local@VValue@v8@@@2@V?$Local@VString@v8@@@2@@Z 000000018000af05 f   node:node.exe
 0001:00009f11       ?TypeError@Exception@v8@@SA?AV?$Local@VValue@v8@@@2@V?$Local@VString@v8@@@2@@Z 000000018000af11 f   node:node.exe
 0001:00009f17       __imp_load_?Error@Exception@v8@@SA?AV?$Local@VValue@v8@@@2@V?$Local@VString@v8@@@2@@Z 000000018000af17 f   node:node.exe
 0001:00009f23       ?Error@Exception@v8@@SA?AV?$Local@VValue@v8@@@2@V?$Local@VString@v8@@@2@@Z 000000018000af23 f   node:node.exe
 0001:00009f29       __imp_load_?GetCurrent@Isolate@v8@@SAPEAV12@XZ 000000018000af29 f   node:node.exe
 0001:00009f35       ?GetCurrent@Isolate@v8@@SAPEAV12@XZ 000000018000af35 f   node:node.exe
 0001:00009f3b       __imp_load_?ThrowException@Isolate@v8@@QEAA?AV?$Local@VValue@v8@@@2@V32@@Z 000000018000af3b f   node:node.exe
 0001:00009f47       ?ThrowException@Isolate@v8@@QEAA?AV?$Local@VValue@v8@@@2@V32@@Z 000000018000af47 f   node:node.exe
 0001:00009f4d       __imp_load_?GlobalizeReference@V8@v8@@CAPEAPEAVObject@internal@2@PEAVIsolate@42@PEAPEAV342@@Z 000000018000af4d f   node:node.exe
 0001:00009f59       ?GlobalizeReference@V8@v8@@CAPEAPEAVObject@internal@2@PEAVIsolate@42@PEAPEAV342@@Z 000000018000af59 f   node:node.exe
 0001:00009f5f       __imp_load_?DisposeGlobal@V8@v8@@CAXPEAPEAVObject@internal@2@@Z 000000018000af5f f   node:node.exe
 0001:00009f6b       ?DisposeGlobal@V8@v8@@CAXPEAPEAVObject@internal@2@@Z 000000018000af6b f   node:node.exe
 0001:00009f71       __imp_load_?MakeWeak@V8@v8@@CAXPEAPEAVObject@internal@2@PEAXP6AXAEBV?$WeakCallbackInfo@X@2@@ZW4WeakCallbackType@2@@Z 000000018000af71 f   node:node.exe
 0001:00009f7d       ?MakeWeak@V8@v8@@CAXPEAPEAVObject@internal@2@PEAXP6AXAEBV?$WeakCallbackInfo@X@2@@ZW4WeakCallbackType@2@@Z 000000018000af7d f   node:node.exe
 0001:00009f83       __imp_load_?ClearWeak@V8@v8@@CAPEAXPEAPEAVObject@internal@2@@Z 000000018000af83 f   node:node.exe
 0001:00009f8f       ?ClearWeak@V8@v8@@CAPEAXPEAPEAVObject@internal@2@@Z 000000018000af8f f   node:node.exe
 0001:00009f95       __imp_load_?IsInt32@Value@v8@@QEBA_NXZ 000000018000af95 f   node:node.exe
 0001:00009fa1       ?IsInt32@Value@v8@@QEBA_NXZ 000000018000afa1 f   node:node.exe
 0001:00009fa7       __imp_load_?IsUint32@Value@v8@@QEBA_NXZ 000000018000afa7 f   node:node.exe
 0001:00009fb3       ?IsUint32@Value@v8@@QEBA_NXZ 000000018000afb3 f   node:node.exe
 0001:00009fb9       __imp_load_?IsFloat32Array@Value@v8@@QEBA_NXZ 000000018000afb9 f   node:node.exe
 0001:00009fc5       ?IsFloat32Array@Value@v8@@QEBA_NXZ 000000018000afc5 f   node:node.exe
 0001:00009fcb       __imp_load_?Uint32Value@Value@v8@@QEBAIXZ 000000018000afcb f   node:node.exe
 0001:00009fd7       ?Uint32Value@Value@v8@@QEBAIXZ 000000018000afd7 f   node:node.exe
 0001:00009fdd       __imp_load_?Int32Value@Value@v8@@QEBAHXZ 000000018000afdd f   node:node.exe
 0001:00009fe9       ?Int32Value@Value@v8@@QEBAHXZ 000000018000afe9 f   node:node.exe
 0001:00009fef       __imp_load_?Data@Contents@ArrayBuffer@v8@@QEBAPEAXXZ 000000018000afef f   node:node.exe
 0001:00009ffb       ?Data@Contents@ArrayBuffer@v8@@QEBAPEAXXZ 000000018000affb f   node:node.exe
 0001:0000a001       __imp_load_?ByteLength@ArrayBuffer@v8@@QEBA_KXZ 000000018000b001 f   node:node.exe
 0001:0000a00d       ?ByteLength@ArrayBuffer@v8@@QEBA_KXZ 000000018000b00d f   node:node.exe
 0001:0000a013       __imp_load_?GetContents@ArrayBuffer@v8@@QEAA?AVContents@12@XZ 000000018000b013 f   node:node.exe
 0001:0000a01f       ?GetContents@ArrayBuffer@v8@@QEAA?AVContents@12@XZ 000000018000b01f f   node:node.exe
 0001:0000a025       __imp_load_?Buffer@ArrayBufferView@v8@@QEAA?AV?$Local@VArrayBuffer@v8@@@2@XZ 000000018000b025 f   node:node.exe
 0001:0000a031       ?Buffer@ArrayBufferView@v8@@QEAA?AV?$Local@VArrayBuffer@v8@@@2@XZ 000000018000b031 f   node:node.exe
 0001:0000a037       __imp_load_?Length@TypedArray@v8@@QEAA_KXZ 000000018000b037 f   node:node.exe
 0001:0000a043       ?Length@TypedArray@v8@@QEAA_KXZ 000000018000b043 f   node:node.exe
 0001:0000a049       __imp_load_?Cast@Float32Array@v8@@SAPEAV12@PEAVValue@2@@Z 000000018000b049 f   node:node.exe
 0001:0000a055       ?Cast@Float32Array@v8@@SAPEAV12@PEAVValue@2@@Z 000000018000b055 f   node:node.exe
 0001:0000a05b       __imp_load_?RangeError@Exception@v8@@SA?AV?$Local@VValue@v8@@@2@V?$Local@VString@v8@@@2@@Z 000000018000b05b f   node:node.exe
 0001:0000a067       ?RangeError@Exception@v8@@SA?AV?$Local@VValue@v8@@@2@V?$Local@VString@v8@@@2@@Z 000000018000b067 f   node:node.exe
 0001:0000a06d       __imp_load_?BooleanValue@Value@v8@@QEBA_NXZ 000000018000b06d f   node:node.exe
 0001:0000a079       ?BooleanValue@Value@v8@@QEBA_NXZ 000000018000b079 f   node:node.exe
 0001:0000a07f       __imp_load_?NumberValue@Value@v8@@QEBANXZ 000000018000b07f f   node:node.exe
 0001:0000a08b       ?NumberValue@Value@v8@@QEBANXZ 000000018000b08b f   node:node.exe
 0001:0000a091       __imp_load_?New@Boolean@v8@@SA?AV?$Local@VBoolean@v8@@@2@PEAVIsolate@2@_N@Z 000000018000b091 f   node:node.exe
 0001:0000a09d       ?New@Boolean@v8@@SA?AV?$Local@VBoolean@v8@@@2@PEAVIsolate@2@_N@Z 000000018000b09d f   node:node.exe
 0001:0000a0a3       __imp_load_?New@Number@v8@@SA?AV?$Local@VNumber@v8@@@2@PEAVIsolate@2@N@Z 000000018000b0a3 f   node:node.exe
 0001:0000a0af       ?New@Number@v8@@SA?AV?$Local@VNumber@v8@@@2@PEAVIsolate@2@N@Z 000000018000b0af f   node:node.exe
 0001:0000a0b5       __imp_load_?Get@Object@v8@@QEAA?AV?$Local@VValue@v8@@@2@V32@@Z 000000018000b0b5 f   node:node.exe
 0001:0000a0c1       ?Get@Object@v8@@QEAA?AV?$Local@VValue@v8@@@2@V32@@Z 000000018000b0c1 f   node:node.exe
 0001:0000a0c7       __imp_load_?Cast@Object@v8@@SAPEAV12@PEAVValue@2@@Z 000000018000b0c7 f   node:node.exe
 0001:0000a0d3       ?Cast@Object@v8@@SAPEAV12@PEAVValue@2@@Z 000000018000b0d3 f   node:node.exe
 0001:0000a0d9       __imp_load_?SetName@Function@v8@@QEAAXV?$Local@VString@v8@@@2@@Z 000000018000b0d9 f   node:node.exe
 0001:0000a0e5       ?SetName@Function@v8@@QEAAXV?$Local@VString@v8@@@2@@Z 000000018000b0e5 f   node:node.exe
 0001:0000a0eb       __imp_load_?Cast@Int32Array@v8@@SAPEAV12@PEAVValue@2@@Z 000000018000b0eb f   node:node.exe
 0001:0000a0f7       ?Cast@Int32Array@v8@@SAPEAV12@PEAVValue@2@@Z 000000018000b0f7 f   node:node.exe
 0001:0000a0fd       __imp_load_?ReferenceError@Exception@v8@@SA?AV?$Local@VValue@v8@@@2@V?$Local@VString@v8@@@2@@Z 000000018000b0fd f   node:node.exe
 0001:0000a109       ?ReferenceError@Exception@v8@@SA?AV?$Local@VValue@v8@@@2@V?$Local@VString@v8@@@2@@Z 000000018000b109 f   node:node.exe
 0001:0000a10f       __imp_load_node_module_register 000000018000b10f f   node:node.exe
 0001:0000a11b       node_module_register       000000018000b11b f   node:node.exe
 0001:0000a130       ??0bad_alloc@std@@QEAA@AEBV01@@Z 000000018000b130 f i LIBCMTD:new.obj
 0001:0000a170       ??0bad_alloc@std@@QEAA@XZ  000000018000b170 f i LIBCMTD:new.obj
 0001:0000a1c0       ??1bad_alloc@std@@UEAA@XZ  000000018000b1c0 f i LIBCMTD:new.obj
 0001:0000a1f0       ??2@YAPEAX_K@Z             000000018000b1f0 f   LIBCMTD:new.obj
 0001:0000a250       ??_Ebad_alloc@std@@UEAAPEAXI@Z 000000018000b250 f i LIBCMTD:new.obj
 0001:0000a250       ??_Gbad_alloc@std@@UEAAPEAXI@Z 000000018000b250 f i LIBCMTD:new.obj
 0001:0000a290       ??3@YAXPEAX@Z              000000018000b290 f   LIBCMTD:dbgdel.obj
 0001:0000a360       __onexitinit               000000018000b360 f   LIBCMTD:onexit.obj
 0001:0000a3d0       _onexit                    000000018000b3d0 f   LIBCMTD:onexit.obj
 0001:0000a5e0       atexit                     000000018000b5e0 f   LIBCMTD:onexit.obj
 0001:0000a620       _get_printf_count_output   000000018000b620 f   LIBCMTD:printf.obj
 0001:0000a650       _printf_l                  000000018000b650 f   LIBCMTD:printf.obj
 0001:0000a690       _printf_p                  000000018000b690 f   LIBCMTD:printf.obj
 0001:0000a6d0       _printf_p_l                000000018000b6d0 f   LIBCMTD:printf.obj
 0001:0000a710       _printf_s_l                000000018000b710 f   LIBCMTD:printf.obj
 0001:0000a750       _set_printf_count_output   000000018000b750 f   LIBCMTD:printf.obj
 0001:0000a7c0       printf                     000000018000b7c0 f   LIBCMTD:printf.obj
 0001:0000a940       printf_s                   000000018000b940 f   LIBCMTD:printf.obj
 0001:0000a980       _invoke_watson_if_error    000000018000b980 f i LIBCMTD:wassert.obj
 0001:0000a9d0       _wassert                   000000018000b9d0 f   LIBCMTD:wassert.obj
 0001:0000b8b0       free                       000000018000c8b0 f   LIBCMTD:dbgfree.obj
 0001:0000b8d0       malloc                     000000018000c8d0 f   LIBCMTD:dbgmalloc.obj
 0001:0000b910       _hypot                     000000018000c910 f   LIBCMTD:hypot.obj
 0001:0000bf30       _RTC_AllocaHelper          000000018000cf30 f   LIBCMTD:stack.obj
 0001:0000bf70       _RTC_CheckStackVars        000000018000cf70 f   LIBCMTD:stack.obj
 0001:0000c000       _RTC_CheckStackVars2       000000018000d000 f   LIBCMTD:stack.obj
 0001:0000c110       _RTC_InitBase              000000018000d110 f   LIBCMTD:init.obj
 0001:0000c150       _RTC_Shutdown              000000018000d150 f   LIBCMTD:init.obj
 0001:0000c180       ??0type_info@@AEAA@AEBV0@@Z 000000018000d180 f   LIBCMTD:typinfo.obj
 0001:0000c1a0       ??1type_info@@UEAA@XZ      000000018000d1a0 f   LIBCMTD:typinfo.obj
 0001:0000c1d0       ??4type_info@@AEAAAEAV0@AEBV0@@Z 000000018000d1d0 f   LIBCMTD:typinfo.obj
 0001:0000c1e0       ??8type_info@@QEBA_NAEBV0@@Z 000000018000d1e0 f   LIBCMTD:typinfo.obj
 0001:0000c230       ??9type_info@@QEBA_NAEBV0@@Z 000000018000d230 f   LIBCMTD:typinfo.obj
 0001:0000c280       ??_Etype_info@@UEAAPEAXI@Z 000000018000d280 f i LIBCMTD:typinfo.obj
 0001:0000c280       ??_Gtype_info@@UEAAPEAXI@Z 000000018000d280 f i LIBCMTD:typinfo.obj
 0001:0000c2c0       ?_name_internal_method@type_info@@QEBAPEBDPEAU__type_info_node@@@Z 000000018000d2c0 f   LIBCMTD:typinfo.obj
 0001:0000c2f0       ?_type_info_dtor_internal_method@type_info@@QEAAXXZ 000000018000d2f0 f   LIBCMTD:typinfo.obj
 0001:0000c310       ?before@type_info@@QEBA_NAEBV1@@Z 000000018000d310 f   LIBCMTD:typinfo.obj
 0001:0000c360       ?name@type_info@@QEBAPEBDPEAU__type_info_node@@@Z 000000018000d360 f   LIBCMTD:typinfo.obj
 0001:0000c390       ?raw_name@type_info@@QEBAPEBDXZ 000000018000d390 f   LIBCMTD:typinfo.obj
 0001:0000c3a0       _fpmath                    000000018000d3a0 f   LIBCMTD:fpinit.obj
 0001:0000c3c0       __setfflag                 000000018000d3c0 f   LIBCMTD:fpinit.obj
 0001:0000c3f0       _cfltcvt_init              000000018000d3f0 f   LIBCMTD:fpinit.obj
 0001:0000c500       __initstdio                000000018000d500 f   LIBCMTD:_file.obj
 0001:0000c600       __endstdio                 000000018000d600 f   LIBCMTD:_file.obj
 0001:0000c640       __iob_func                 000000018000d640 f   LIBCMTD:_file.obj
 0001:0000c650       _lock_file                 000000018000d650 f   LIBCMTD:_file.obj
 0001:0000c6e0       _lock_file2                000000018000d6e0 f   LIBCMTD:_file.obj
 0001:0000c730       _unlock_file               000000018000d730 f   LIBCMTD:_file.obj
 0001:0000c7c0       _unlock_file2              000000018000d7c0 f   LIBCMTD:_file.obj
 0001:0000c810       _fprintf_l                 000000018000d810 f   LIBCMTD:fprintf.obj
 0001:0000c850       _fprintf_p                 000000018000d850 f   LIBCMTD:fprintf.obj
 0001:0000c890       _fprintf_p_l               000000018000d890 f   LIBCMTD:fprintf.obj
 0001:0000c8d0       _fprintf_s_l               000000018000d8d0 f   LIBCMTD:fprintf.obj
 0001:0000c910       fprintf                    000000018000d910 f   LIBCMTD:fprintf.obj
 0001:0000cc90       fprintf_s                  000000018000dc90 f   LIBCMTD:fprintf.obj
 0001:0000ccd0       ??0_LocaleUpdate@@QEAA@PEAUlocaleinfo_struct@@@Z 000000018000dcd0 f i LIBCMTD:stricmp.obj
 0001:0000ce10       ??1_LocaleUpdate@@QEAA@XZ  000000018000de10 f i LIBCMTD:stricmp.obj
 0001:0000ce50       ?GetLocaleT@_LocaleUpdate@@QEAAPEAUlocaleinfo_struct@@XZ 000000018000de50 f i LIBCMTD:stricmp.obj
 0001:0000ce60       __ascii_stricmp            000000018000de60 f   LIBCMTD:stricmp.obj
 0001:0000cf00       _stricmp                   000000018000df00 f   LIBCMTD:stricmp.obj
 0001:0000d0a0       _stricmp_l                 000000018000e0a0 f   LIBCMTD:stricmp.obj
 0001:0000d350       _CRT_INIT                  000000018000e350 f   LIBCMTD:dllcrt0.obj
 0001:0000d570       _DllMainCRTStartup         000000018000e570 f   LIBCMTD:dllcrt0.obj
 0001:0000d710       __DllXcptFilter            000000018000e710 f   LIBCMTD:dllcrt0.obj
 0001:0000d760       ??0__non_rtti_object@std@@QEAA@AEBV01@@Z 000000018000e760 f   LIBCMTD:stdexcpt.obj
 0001:0000d7a0       ??0__non_rtti_object@std@@QEAA@PEBD@Z 000000018000e7a0 f   LIBCMTD:stdexcpt.obj
 0001:0000d7e0       ??0bad_cast@std@@QEAA@AEBV01@@Z 000000018000e7e0 f   LIBCMTD:stdexcpt.obj
 0001:0000d820       ??0bad_cast@std@@QEAA@PEBD@Z 000000018000e820 f   LIBCMTD:stdexcpt.obj
 0001:0000d860       ??0bad_typeid@std@@QEAA@AEBV01@@Z 000000018000e860 f   LIBCMTD:stdexcpt.obj
 0001:0000d8a0       ??0bad_typeid@std@@QEAA@PEBD@Z 000000018000e8a0 f   LIBCMTD:stdexcpt.obj
 0001:0000d8e0       ??0exception@std@@QEAA@AEBQEBD@Z 000000018000e8e0 f   LIBCMTD:stdexcpt.obj
 0001:0000d930       ??0exception@std@@QEAA@AEBQEBDH@Z 000000018000e930 f   LIBCMTD:stdexcpt.obj
 0001:0000d970       ??0exception@std@@QEAA@AEBV01@@Z 000000018000e970 f   LIBCMTD:stdexcpt.obj
 0001:0000d9c0       ??0exception@std@@QEAA@XZ  000000018000e9c0 f   LIBCMTD:stdexcpt.obj
 0001:0000d9f0       ??1__non_rtti_object@std@@UEAA@XZ 000000018000e9f0 f   LIBCMTD:stdexcpt.obj
 0001:0000da20       ??1bad_cast@std@@UEAA@XZ   000000018000ea20 f   LIBCMTD:stdexcpt.obj
 0001:0000da50       ??1bad_typeid@std@@UEAA@XZ 000000018000ea50 f   LIBCMTD:stdexcpt.obj
 0001:0000da80       ??1exception@std@@UEAA@XZ  000000018000ea80 f   LIBCMTD:stdexcpt.obj
 0001:0000dab0       ??4exception@std@@QEAAAEAV01@AEBV01@@Z 000000018000eab0 f   LIBCMTD:stdexcpt.obj
 0001:0000db20       ??_E__non_rtti_object@std@@UEAAPEAXI@Z 000000018000eb20 f i LIBCMTD:stdexcpt.obj
 0001:0000db20       ??_G__non_rtti_object@std@@UEAAPEAXI@Z 000000018000eb20 f i LIBCMTD:stdexcpt.obj
 0001:0000db60       ??_Gbad_cast@std@@UEAAPEAXI@Z 000000018000eb60 f i LIBCMTD:stdexcpt.obj
 0001:0000db60       ??_Ebad_cast@std@@UEAAPEAXI@Z 000000018000eb60 f i LIBCMTD:stdexcpt.obj
 0001:0000dba0       ??_Ebad_typeid@std@@UEAAPEAXI@Z 000000018000eba0 f i LIBCMTD:stdexcpt.obj
 0001:0000dba0       ??_Gbad_typeid@std@@UEAAPEAXI@Z 000000018000eba0 f i LIBCMTD:stdexcpt.obj
 0001:0000dbe0       ??_Gexception@std@@UEAAPEAXI@Z 000000018000ebe0 f i LIBCMTD:stdexcpt.obj
 0001:0000dbe0       ??_Eexception@std@@UEAAPEAXI@Z 000000018000ebe0 f i LIBCMTD:stdexcpt.obj
 0001:0000dc20       ?_Copy_str@exception@std@@AEAAXPEBD@Z 000000018000ec20 f   LIBCMTD:stdexcpt.obj
 0001:0000dc90       ?_Tidy@exception@std@@AEAAXXZ 000000018000ec90 f   LIBCMTD:stdexcpt.obj
 0001:0000dcd0       ?what@exception@std@@UEBAPEBDXZ 000000018000ecd0 f   LIBCMTD:stdexcpt.obj
 0001:0000dd10       ?_query_new_handler@@YAP6AH_K@ZXZ 000000018000ed10 f   LIBCMTD:handler.obj
 0001:0000dd30       ?_set_new_handler@@YAP6AH_K@ZH@Z 000000018000ed30 f   LIBCMTD:handler.obj
 0001:0000dd90       ?_set_new_handler@@YAP6AH_K@ZP6AH0@Z@Z 000000018000ed90 f   LIBCMTD:handler.obj
 0001:0000dde0       _callnewh                  000000018000ede0 f   LIBCMTD:handler.obj
 0001:0000de20       _initp_heap_handler        000000018000ee20 f   LIBCMTD:handler.obj
 0001:0000de40       _CxxThrowException         000000018000ee40 f   LIBCMTD:throw.obj
 0001:0000df60       _lock                      000000018000ef60 f   LIBCMTD:mlock.obj
 0001:0000dfc0       _lockerr_exit              000000018000efc0 f   LIBCMTD:mlock.obj
 0001:0000dff0       _mtdeletelocks             000000018000eff0 f   LIBCMTD:mlock.obj
 0001:0000e110       _mtinitlocknum             000000018000f110 f   LIBCMTD:mlock.obj
 0001:0000e210       _mtinitlocks               000000018000f210 f   LIBCMTD:mlock.obj
 0001:0000e2b0       _unlock                    000000018000f2b0 f   LIBCMTD:mlock.obj
 0001:0000e2e0       ?_CrtDbgReportW@@YAHHPEBGH00ZZ 000000018000f2e0 f   LIBCMTD:dbgrptw.obj
 0001:0000e360       _CrtDbgReportW             000000018000f360 f   LIBCMTD:dbgrptw.obj
 0001:0000e3e0       _CrtDbgReportWV            000000018000f3e0 f i LIBCMTD:dbgrptw.obj
 0001:0000e440       _CrtSetReportHookW2        000000018000f440 f   LIBCMTD:dbgrptw.obj
 0001:0000e850       __crtMessageWindowW        000000018000f850 f   LIBCMTD:dbgrptw.obj
 0001:0000eed0       _invoke_watson_if_oneof    000000018000fed0 f i LIBCMTD:dbgrptw.obj
 0001:0000f470       _CrtCheckMemory            0000000180010470 f   LIBCMTD:dbgheap.obj
 0001:0000fa10       _CrtDoForAllClientObjects  0000000180010a10 f   LIBCMTD:dbgheap.obj
 0001:0000fb40       _CrtDumpMemoryLeaks        0000000180010b40 f   LIBCMTD:dbgheap.obj
 0001:0000fc00       _CrtGetAllocHook           0000000180010c00 f   LIBCMTD:dbgheap.obj
 0001:0000fc10       _CrtGetCheckCount          0000000180010c10 f   LIBCMTD:dbgheap.obj
 0001:0000fc20       _CrtGetDumpClient          0000000180010c20 f   LIBCMTD:dbgheap.obj
 0001:0000fc30       _CrtIsMemoryBlock          0000000180010c30 f   LIBCMTD:dbgheap.obj
 0001:0000fdb0       _CrtIsValidHeapPointer     0000000180010db0 f   LIBCMTD:dbgheap.obj
 0001:0000fe10       _CrtIsValidPointer         0000000180010e10 f   LIBCMTD:dbgheap.obj
 0001:0000fe50       _CrtMemCheckpoint          0000000180010e50 f   LIBCMTD:dbgheap.obj
 0001:000100e0       _CrtMemDifference          00000001800110e0 f   LIBCMTD:dbgheap.obj
 0001:00010410       _CrtMemDumpAllObjectsSince 0000000180011410 f   LIBCMTD:dbgheap.obj
 0001:00010460       _CrtMemDumpStatistics      0000000180011460 f   LIBCMTD:dbgheap.obj
 0001:000105f0       _CrtReportBlockType        00000001800115f0 f   LIBCMTD:dbgheap.obj
 0001:00010630       _CrtSetAllocHook           0000000180011630 f   LIBCMTD:dbgheap.obj
 0001:00010660       _CrtSetBreakAlloc          0000000180011660 f   LIBCMTD:dbgheap.obj
 0001:00010690       _CrtSetCheckCount          0000000180011690 f   LIBCMTD:dbgheap.obj
 0001:000106b0       _CrtSetDbgBlockType        00000001800116b0 f   LIBCMTD:dbgheap.obj
 0001:00010780       _CrtSetDbgFlag             0000000180011780 f   LIBCMTD:dbgheap.obj
 0001:000108c0       _CrtSetDebugFillThreshold  00000001800118c0 f   LIBCMTD:dbgheap.obj
 0001:000108f0       _CrtSetDumpClient          00000001800118f0 f   LIBCMTD:dbgheap.obj
 0001:00010920       _aligned_free              0000000180011920 f   LIBCMTD:dbgheap.obj
 0001:00010940       _aligned_free_dbg          0000000180011940 f   LIBCMTD:dbgheap.obj
 0001:00010a30       _aligned_malloc            0000000180011a30 f   LIBCMTD:dbgheap.obj
 0001:00010a60       _aligned_malloc_dbg        0000000180011a60 f   LIBCMTD:dbgheap.obj
 0001:00010aa0       _aligned_msize             0000000180011aa0 f   LIBCMTD:dbgheap.obj
 0001:00010ad0       _aligned_msize_dbg         0000000180011ad0 f   LIBCMTD:dbgheap.obj
 0001:00010c90       _aligned_offset_malloc     0000000180011c90 f   LIBCMTD:dbgheap.obj
 0001:00010cd0       _aligned_offset_malloc_dbg 0000000180011cd0 f   LIBCMTD:dbgheap.obj
 0001:00010fb0       _aligned_offset_realloc    0000000180011fb0 f   LIBCMTD:dbgheap.obj
 0001:00011000       _aligned_offset_realloc_dbg 0000000180012000 f   LIBCMTD:dbgheap.obj
 0001:000114a0       _aligned_offset_recalloc   00000001800124a0 f   LIBCMTD:dbgheap.obj
 0001:00011500       _aligned_offset_recalloc_dbg 0000000180012500 f   LIBCMTD:dbgheap.obj
 0001:00011620       _aligned_realloc           0000000180012620 f   LIBCMTD:dbgheap.obj
 0001:00011660       _aligned_realloc_dbg       0000000180012660 f   LIBCMTD:dbgheap.obj
 0001:000116b0       _aligned_recalloc          00000001800126b0 f   LIBCMTD:dbgheap.obj
 0001:00011700       _aligned_recalloc_dbg      0000000180012700 f   LIBCMTD:dbgheap.obj
 0001:00011760       _calloc_dbg                0000000180012760 f   LIBCMTD:dbgheap.obj
 0001:000117e0       _calloc_dbg_impl           00000001800127e0 f   LIBCMTD:dbgheap.obj
 0001:00011890       _expand                    0000000180012890 f   LIBCMTD:dbgheap.obj
 0001:000118d0       _expand_dbg                00000001800128d0 f   LIBCMTD:dbgheap.obj
 0001:00011a00       _free_dbg                  0000000180012a00 f   LIBCMTD:dbgheap.obj
 0001:00011a40       _free_dbg_nolock           0000000180012a40 f   LIBCMTD:dbgheap.obj
 0001:00012130       _free_nolock               0000000180013130 f   LIBCMTD:dbgheap.obj
 0001:00012150       _heap_alloc                0000000180013150 f   LIBCMTD:dbgheap.obj
 0001:00012180       _heap_alloc_dbg            0000000180013180 f   LIBCMTD:dbgheap.obj
 0001:000126a0       _malloc_dbg                00000001800136a0 f   LIBCMTD:dbgheap.obj
 0001:000126f0       _msize                     00000001800136f0 f   LIBCMTD:dbgheap.obj
 0001:00012710       _msize_dbg                 0000000180013710 f   LIBCMTD:dbgheap.obj
 0001:00012960       _nh_malloc                 0000000180013960 f   LIBCMTD:dbgheap.obj
 0001:000129a0       _nh_malloc_dbg             00000001800139a0 f   LIBCMTD:dbgheap.obj
 0001:00012d30       _realloc_dbg               0000000180013d30 f   LIBCMTD:dbgheap.obj
 0001:00012da0       _recalloc                  0000000180013da0 f   LIBCMTD:dbgheap.obj
 0001:00012df0       _recalloc_dbg              0000000180013df0 f   LIBCMTD:dbgheap.obj
 0001:000137f0       __C_specific_handler       00000001800147f0 f   LIBCMTD:chandler.obj
 0001:00013c10       __copy_path_to_wide_string 0000000180014c10 f   LIBCMTD:crt0dat.obj
 0001:00013e90       __copy_to_char             0000000180014e90 f   LIBCMTD:crt0dat.obj
 0001:00014130       __crtCorExitProcess        0000000180015130 f   LIBCMTD:crt0dat.obj
 0001:00014180       __crtExitProcess           0000000180015180 f   LIBCMTD:crt0dat.obj
 0001:000141a0       __freeCrtMemory            00000001800151a0 f   LIBCMTD:crt0dat.obj
 0001:000143d0       _amsg_exit                 00000001800153d0 f   LIBCMTD:crt0dat.obj
 0001:00014400       _c_exit                    0000000180015400 f   LIBCMTD:crt0dat.obj
 0001:00014420       _cexit                     0000000180015420 f   LIBCMTD:crt0dat.obj
 0001:00014440       _cinit                     0000000180015440 f   LIBCMTD:crt0dat.obj
 0001:000144f0       _exit                      00000001800154f0 f   LIBCMTD:crt0dat.obj
 0001:00014510       _exit_app                  0000000180015510 f   LIBCMTD:crt0dat.obj
 0001:00014530       _get_pgmptr                0000000180015530 f   LIBCMTD:crt0dat.obj
 0001:000146a0       _get_wpgmptr               00000001800156a0 f   LIBCMTD:crt0dat.obj
 0001:00014810       _init_pointers             0000000180015810 f   LIBCMTD:crt0dat.obj
 0001:000148c0       _initterm_e                00000001800158c0 f   LIBCMTD:crt0dat.obj
 0001:00014920       _lockexit                  0000000180015920 f   LIBCMTD:crt0dat.obj
 0001:00014940       _unlockexit                0000000180015940 f   LIBCMTD:crt0dat.obj
 0001:00014b70       exit                       0000000180015b70 f   LIBCMTD:crt0dat.obj
 0001:00014b90       ?_invalid_parameter@@YAXPEBG00I_K@Z 0000000180015b90 f   LIBCMTD:invarg.obj
 0001:00014bd0       ?_invoke_watson@@YAXPEBG00I_K@Z 0000000180015bd0 f   LIBCMTD:invarg.obj
 0001:00014c10       _call_reportfault          0000000180015c10 f   LIBCMTD:invarg.obj
 0001:00014d40       _get_invalid_parameter_handler 0000000180015d40 f   LIBCMTD:invarg.obj
 0001:00014d80       _initp_misc_invarg         0000000180015d80 f   LIBCMTD:invarg.obj
 0001:00014da0       _invalid_parameter         0000000180015da0 f   LIBCMTD:invarg.obj
 0001:00014e30       _invoke_watson             0000000180015e30 f   LIBCMTD:invarg.obj
 0001:00014e90       _set_invalid_parameter_handler 0000000180015e90 f   LIBCMTD:invarg.obj
 0001:00014ef0       _vprintf_l                 0000000180015ef0 f   LIBCMTD:vprintf.obj
 0001:00014f30       _vprintf_p                 0000000180015f30 f   LIBCMTD:vprintf.obj
 0001:00014f60       _vprintf_p_l               0000000180015f60 f   LIBCMTD:vprintf.obj
 0001:00014fa0       _vprintf_s_l               0000000180015fa0 f   LIBCMTD:vprintf.obj
 0001:00014fe0       vprintf                    0000000180015fe0 f   LIBCMTD:vprintf.obj
 0001:00015010       vprintf_helper             0000000180016010 f   LIBCMTD:vprintf.obj
 0001:00015150       vprintf_s                  0000000180016150 f   LIBCMTD:vprintf.obj
 0001:00015180       _ftbuf                     0000000180016180 f   LIBCMTD:_sftbuf.obj
 0001:00015240       _stbuf                     0000000180016240 f   LIBCMTD:_sftbuf.obj
 0001:00015420       _output_l                  0000000180016420 f   LIBCMTD:output.obj
 0001:00016c20       get_int64_arg              0000000180017c20 f i LIBCMTD:output.obj
 0001:00016c90       get_int_arg                0000000180017c90 f i LIBCMTD:output.obj
 0001:00016cf0       get_short_arg              0000000180017cf0 f i LIBCMTD:output.obj
 0001:00016f90       __doserrno                 0000000180017f90 f   LIBCMTD:dosmap.obj
 0001:00016fc0       _dosmaperr                 0000000180017fc0 f   LIBCMTD:dosmap.obj
 0001:00016ff0       _errno                     0000000180017ff0 f   LIBCMTD:dosmap.obj
 0001:00017020       _get_doserrno              0000000180018020 f   LIBCMTD:dosmap.obj
 0001:000170e0       _get_errno                 00000001800180e0 f   LIBCMTD:dosmap.obj
 0001:000171a0       _get_errno_from_oserr      00000001800181a0 f   LIBCMTD:dosmap.obj
 0001:00017230       _set_doserrno              0000000180018230 f   LIBCMTD:dosmap.obj
 0001:00017270       _set_errno                 0000000180018270 f   LIBCMTD:dosmap.obj
 0001:000172b0       __raise_securityfailure    00000001800182b0 f   LIBCMTD:gs_report.obj
 0001:00017300       __report_gsfailure         0000000180018300 f   LIBCMTD:gs_report.obj
 0001:000173e0       __report_rangecheckfailure 00000001800183e0 f   LIBCMTD:gs_report.obj
 0001:00017400       __report_securityfailure   0000000180018400 f   LIBCMTD:gs_report.obj
 0001:000174a0       __report_securityfailureEx 00000001800184a0 f   LIBCMTD:gs_report.obj
 0001:000175b0       memcpy_s                   00000001800185b0 f   LIBCMTD:memcpy_s.obj
 0001:00017820       wcscat_s                   0000000180018820 f   LIBCMTD:wcscat_s.obj
 0001:00017e50       wcscpy_s                   0000000180018e50 f   LIBCMTD:wcscpy_s.obj
 0001:00018300       wcslen                     0000000180019300 f   LIBCMTD:wcslen.obj
 0001:00018350       wcsncat_s                  0000000180019350 f   LIBCMTD:wcsncat_s.obj
 0001:00018ae0       _set_abort_behavior        0000000180019ae0 f   LIBCMTD:abort.obj
 0001:00018b20       abort                      0000000180019b20 f   LIBCMTD:abort.obj
 0001:00018bb0       __set_app_type             0000000180019bb0 f   LIBCMTD:errmode.obj
 0001:00018bc0       _set_error_mode            0000000180019bc0 f   LIBCMTD:errmode.obj
 0001:00018cd0       _i64tow_s                  0000000180019cd0 f   LIBCMTD:xtows.obj
 0001:00018d30       _itow_s                    0000000180019d30 f   LIBCMTD:xtows.obj
 0001:00018db0       _ltow_s                    0000000180019db0 f   LIBCMTD:xtows.obj
 0001:00018e10       _ui64tow_s                 0000000180019e10 f   LIBCMTD:xtows.obj
 0001:00018e50       _ultow_s                   0000000180019e50 f   LIBCMTD:xtows.obj
 0001:00019a60       _fflush_nolock             000000018001aa60 f   LIBCMTD:fflush.obj
 0001:00019ae0       _flush                     000000018001aae0 f   LIBCMTD:fflush.obj
 0001:00019bd0       _flushall                  000000018001abd0 f   LIBCMTD:fflush.obj
 0001:00019bf0       fflush                     000000018001abf0 f   LIBCMTD:fflush.obj
 0001:00019db0       setvbuf                    000000018001adb0 f   LIBCMTD:setvbuf.obj
 0001:0001a160       _fwprintf_l                000000018001b160 f   LIBCMTD:fwprintf.obj
 0001:0001a1a0       _fwprintf_p                000000018001b1a0 f   LIBCMTD:fwprintf.obj
 0001:0001a1e0       _fwprintf_p_l              000000018001b1e0 f   LIBCMTD:fwprintf.obj
 0001:0001a220       _fwprintf_s_l              000000018001b220 f   LIBCMTD:fwprintf.obj
 0001:0001a260       fwprintf                   000000018001b260 f   LIBCMTD:fwprintf.obj
 0001:0001a440       fwprintf_s                 000000018001b440 f   LIBCMTD:fwprintf.obj
 0001:0001a480       _vsnwprintf_s              000000018001b480 f   LIBCMTD:vswprnc.obj
 0001:0001a4d0       _vsnwprintf_s_l            000000018001b4d0 f   LIBCMTD:vswprnc.obj
 0001:0001aa80       _vswprintf_c               000000018001ba80 f   LIBCMTD:vswprnc.obj
 0001:0001aaf0       _vswprintf_c_l             000000018001baf0 f   LIBCMTD:vswprnc.obj
 0001:0001ab60       _vswprintf_helper          000000018001bb60 f   LIBCMTD:vswprnc.obj
 0001:0001aeb0       _vswprintf_p               000000018001beb0 f   LIBCMTD:vswprnc.obj
 0001:0001af20       _vswprintf_p_l             000000018001bf20 f   LIBCMTD:vswprnc.obj
 0001:0001af90       _vswprintf_s_l             000000018001bf90 f   LIBCMTD:vswprnc.obj
 0001:0001b320       vswprintf_s                000000018001c320 f   LIBCMTD:vswprnc.obj
 0001:0001b360       __fpecode                  000000018001c360 f   LIBCMTD:winsig.obj
 0001:0001b380       __get_sigabrt              000000018001c380 f   LIBCMTD:winsig.obj
 0001:0001b3a0       __pxcptinfoptrs            000000018001c3a0 f   LIBCMTD:winsig.obj
 0001:0001b3c0       _initp_misc_winsig         000000018001c3c0 f   LIBCMTD:winsig.obj
 0001:0001b4d0       raise                      000000018001c4d0 f   LIBCMTD:winsig.obj
 0001:0001b940       signal                     000000018001c940 f   LIBCMTD:winsig.obj
 0001:0001bd80       __crtMessageBoxW           000000018001cd80 f   LIBCMTD:crtmboxw.obj
 0001:0001c1f0       __crtMessageBoxWaitThreadW 000000018001d1f0 f   LIBCMTD:crtmboxw.obj
 0001:0001c240       __GSHandlerCheck           000000018001d240 f   LIBCMTD:gshandler.obj
 0001:0001c280       __GSHandlerCheckCommon     000000018001d280 f   LIBCMTD:gshandler.obj
 0001:0001c390       __security_check_cookie    000000018001d390 f   LIBCMTD:amdsecgs.obj
 0001:0001c3b0       _FF_MSGBANNER              000000018001d3b0 f   LIBCMTD:crt0msg.obj
 0001:0001c400       _GET_RTERRMSG              000000018001d400 f   LIBCMTD:crt0msg.obj
 0001:0001c460       _NMSG_WRITE                000000018001d460 f   LIBCMTD:crt0msg.obj
 0001:0001c890       _clrfp                     000000018001d890 f   LIBCMTD:fpctrl.obj
 0001:0001c8c0       _ctrlfp                    000000018001d8c0 f   LIBCMTD:fpctrl.obj
 0001:0001c970       _set_statfp                000000018001d970 f   LIBCMTD:fpctrl.obj
 0001:0001c9b0       _statfp                    000000018001d9b0 f   LIBCMTD:fpctrl.obj
 0001:0001cbb0       _handle_error              000000018001dbb0 f   LIBCMTD:libm_error.obj
 0001:0001cd30       _handle_errorf             000000018001dd30 f   LIBCMTD:libm_error.obj
 0001:0001cf50       ?_RTC_AllocaFailure@@YAXPEAXPEAU_RTC_ALLOCA_NODE@@H@Z 000000018001df50 f   LIBCMTD:error.obj
 0001:0001d110       ?_RTC_Failure@@YAXPEAXH@Z  000000018001e110 f   LIBCMTD:error.obj
 0001:0001d160       ?_RTC_StackFailure@@YAXPEAXPEBD@Z 000000018001e160 f   LIBCMTD:error.obj
 0001:0001d5c0       _RTC_UninitUse             000000018001e5c0 f   LIBCMTD:error.obj
 0001:0001d6e0       ?_RTC_GetErrorFunc@@YAP6AHHPEBDH00ZZPEBX@Z 000000018001e6e0 f   LIBCMTD:userapi.obj
 0001:0001d6f0       ?_RTC_GetErrorFuncW@@YAP6AHHPEB_WH00ZZPEBX@Z 000000018001e6f0 f   LIBCMTD:userapi.obj
 0001:0001d700       _RTC_GetErrDesc            000000018001e700 f   LIBCMTD:userapi.obj
 0001:0001d720       _RTC_NumErrors             000000018001e720 f   LIBCMTD:userapi.obj
 0001:0001d730       _RTC_SetErrorFunc          000000018001e730 f   LIBCMTD:userapi.obj
 0001:0001d750       _RTC_SetErrorFuncW         000000018001e750 f   LIBCMTD:userapi.obj
 0001:0001d770       _RTC_SetErrorType          000000018001e770 f   LIBCMTD:userapi.obj
 0001:0001d790       _CRT_RTC_INIT              000000018001e790 f   LIBCMTD:rtcmd.obj
 0001:0001d7b0       _CRT_RTC_INITW             000000018001e7b0 f   LIBCMTD:rtcmd.obj
 0001:0001d7e0       strcmp                     000000018001e7e0 f   LIBCMTD:strcmp.obj
 0001:0001d850       ?_Name_base@type_info@@CAPEBDPEBV1@PEAU__type_info_node@@@Z 000000018001e850 f   LIBCMTD:typname.obj
 0001:0001da20       ?_Name_base_internal@type_info@@CAPEBDPEBV1@PEAU__type_info_node@@@Z 000000018001ea20 f   LIBCMTD:typname.obj
 0001:0001dc20       ?_Type_info_dtor@type_info@@CAXPEAV1@@Z 000000018001ec20 f   LIBCMTD:typname.obj
 0001:0001dd30       ?_Type_info_dtor_internal@type_info@@CAXPEAV1@@Z 000000018001ed30 f   LIBCMTD:typname.obj
 0001:0001de40       __clean_type_info_names_internal 000000018001ee40 f   LIBCMTD:typname.obj
 0001:0001dec0       __unDNameHelper            000000018001eec0 f   LIBCMTD:typname.obj
 0001:0001df30       ?strrchr@@YAPEADPEADH@Z    000000018001ef30 f i LIBCMTD:cvt.obj
 0001:0001df50       _cfltcvt                   000000018001ef50 f   LIBCMTD:cvt.obj
 0001:0001dfa0       _cfltcvt_l                 000000018001efa0 f   LIBCMTD:cvt.obj
 0001:0001e0c0       _cftoa                     000000018001f0c0 f   LIBCMTD:cvt.obj
 0001:0001e110       _cftoa_l                   000000018001f110 f   LIBCMTD:cvt.obj
 0001:0001ec10       _cftoe                     000000018001fc10 f   LIBCMTD:cvt.obj
 0001:0001f230       _cftoe_l                   0000000180020230 f   LIBCMTD:cvt.obj
 0001:0001f570       _cftof                     0000000180020570 f   LIBCMTD:cvt.obj
 0001:0001f970       _cftof_l                   0000000180020970 f   LIBCMTD:cvt.obj
 0001:0001fc50       _cftog                     0000000180020c50 f   LIBCMTD:cvt.obj
 0001:0001fca0       _cftog_l                   0000000180020ca0 f   LIBCMTD:cvt.obj
 0001:00020060       _cropzeros                 0000000180021060 f   LIBCMTD:cvt.obj
 0001:00020080       _cropzeros_l               0000000180021080 f   LIBCMTD:cvt.obj
 0001:00020200       _fassign                   0000000180021200 f   LIBCMTD:cvt.obj
 0001:00020230       _fassign_l                 0000000180021230 f   LIBCMTD:cvt.obj
 0001:000202a0       _forcdecpt                 00000001800212a0 f   LIBCMTD:cvt.obj
 0001:000202c0       _forcdecpt_l               00000001800212c0 f   LIBCMTD:cvt.obj
 0001:000203c0       _positive                  00000001800213c0 f   LIBCMTD:cvt.obj
 0001:00020450       _initp_misc_cfltcvt_tab    0000000180021450 f   LIBCMTD:cmiscdat.obj
 0001:000204a0       _fcloseall                 00000001800214a0 f   LIBCMTD:closeall.obj
 0001:000205a0       _fileno                    00000001800215a0 f   LIBCMTD:fileno.obj
 0001:00020660       _vfprintf_l                0000000180021660 f   LIBCMTD:vfprintf.obj
 0001:000206b0       _vfprintf_p                00000001800216b0 f   LIBCMTD:vfprintf.obj
 0001:000206f0       _vfprintf_p_l              00000001800216f0 f   LIBCMTD:vfprintf.obj
 0001:00020740       _vfprintf_s_l              0000000180021740 f   LIBCMTD:vfprintf.obj
 0001:00020790       vfprintf                   0000000180021790 f   LIBCMTD:vfprintf.obj
 0001:000207d0       vfprintf_helper            00000001800217d0 f   LIBCMTD:vfprintf.obj
 0001:00020b50       vfprintf_s                 0000000180021b50 f   LIBCMTD:vfprintf.obj
 0001:00020b90       _ioinit                    0000000180021b90 f   LIBCMTD:ioinit.obj
 0001:00021170       _ioterm                    0000000180022170 f   LIBCMTD:ioinit.obj
 0001:00021250       __addlocaleref             0000000180022250 f   LIBCMTD:localref.obj
 0001:000213a0       __freetlocinfo             00000001800223a0 f   LIBCMTD:localref.obj
 0001:00021750       __removelocaleref          0000000180022750 f   LIBCMTD:localref.obj
 0001:000218b0       __updatetlocinfo           00000001800228b0 f   LIBCMTD:localref.obj
 0001:00021950       _updatetlocinfoEx_nolock   0000000180022950 f   LIBCMTD:localref.obj
 0001:000219f0       __initmbctable             00000001800229f0 f   LIBCMTD:mbctype.obj
 0001:00022080       __updatetmbcinfo           0000000180023080 f   LIBCMTD:mbctype.obj
 0001:00022190       _getmbcp                   0000000180023190 f   LIBCMTD:mbctype.obj
 0001:00022210       _setmbcp                   0000000180023210 f   LIBCMTD:mbctype.obj
 0001:00022500       _setmbcp_nolock            0000000180023500 f   LIBCMTD:mbctype.obj
 0001:00022950       _tolower                   0000000180023950 f   LIBCMTD:tolower.obj
 0001:00022960       _tolower_l                 0000000180023960 f   LIBCMTD:tolower.obj
 0001:00022cc0       tolower                    0000000180023cc0 f   LIBCMTD:tolower.obj
 0001:00022d10       __get_flsindex             0000000180023d10 f   LIBCMTD:tidtable.obj
 0001:00022d20       __threadhandle             0000000180023d20 f   LIBCMTD:tidtable.obj
 0001:00022d30       __threadid                 0000000180023d30 f   LIBCMTD:tidtable.obj
 0001:00022d40       _freefls                   0000000180023d40 f   LIBCMTD:tidtable.obj
 0001:00022f50       _freeptd                   0000000180023f50 f   LIBCMTD:tidtable.obj
 0001:00022fa0       _getptd                    0000000180023fa0 f   LIBCMTD:tidtable.obj
 0001:00022fd0       _getptd_noexit             0000000180023fd0 f   LIBCMTD:tidtable.obj
 0001:000230a0       _initptd                   00000001800240a0 f   LIBCMTD:tidtable.obj
 0001:000231d0       _mtinit                    00000001800241d0 f   LIBCMTD:tidtable.obj
 0001:00023290       _mtterm                    0000000180024290 f   LIBCMTD:tidtable.obj
 0001:000232c0       __init_dummy               00000001800242c0 f   LIBCMTD:wsetloca.obj
 0001:000232d0       _locterm                   00000001800242d0 f   LIBCMTD:wsetloca.obj
 0001:00023320       ___setlc_active_func       0000000180024320 f   LIBCMTD:wsetloca.obj
 0001:00023330       ___unguarded_readlc_active_add_func 0000000180024330 f   LIBCMTD:wsetloca.obj
 0001:00023340       __copy_locale_name         0000000180024340 f   LIBCMTD:wsetloca.obj
 0001:00023410       __create_locale            0000000180024410 f   LIBCMTD:wsetloca.obj
 0001:00023430       __free_locale              0000000180024430 f   LIBCMTD:wsetloca.obj
 0001:00023450       __get_current_locale       0000000180024450 f   LIBCMTD:wsetloca.obj
 0001:00023460       __lc_lctowcs               0000000180024460 f   LIBCMTD:wsetloca.obj
 0001:00023550       __lc_wcstolc               0000000180024550 f   LIBCMTD:wsetloca.obj
 0001:00023810       _configthreadlocale        0000000180024810 f   LIBCMTD:wsetloca.obj
 0001:000239d0       _create_locale             00000001800249d0 f   LIBCMTD:wsetloca.obj
 0001:00023a70       _expandlocale              0000000180024a70 f   LIBCMTD:wsetloca.obj
 0001:00024050       _free_locale               0000000180025050 f   LIBCMTD:wsetloca.obj
 0001:00024140       _get_current_locale        0000000180025140 f   LIBCMTD:wsetloca.obj
 0001:00024220       _wcreate_locale            0000000180025220 f   LIBCMTD:wsetloca.obj
 0001:00024460       _wcscats                   0000000180025460 f   LIBCMTD:wsetloca.obj
 0001:00024510       _wsetlocale                0000000180025510 f   LIBCMTD:wsetloca.obj
 0001:00025820       _XcptFilter                0000000180026820 f   LIBCMTD:winxfltr.obj
 0001:00025ac0       __CppXcptFilter            0000000180026ac0 f   LIBCMTD:winxfltr.obj
 0001:00025b80       _get_heap_handle           0000000180026b80 f   LIBCMTD:heapinit.obj
 0001:00025be0       _heap_init                 0000000180026be0 f   LIBCMTD:heapinit.obj
 0001:00025c10       _heap_term                 0000000180026c10 f   LIBCMTD:heapinit.obj
 0001:00025c20       _set_pgmptr                0000000180026c20 f i LIBCMTD:stdargv.obj
 0001:00025c40       _setargv                   0000000180026c40 f   LIBCMTD:stdargv.obj
 0001:000262a0       _setenvp                   00000001800272a0 f   LIBCMTD:stdenvp.obj
 0001:000264b0       __security_init_cookie     00000001800274b0 f   LIBCMTD:gs_support.obj
 0001:000265d0       DllMain                    00000001800275d0 f   LIBCMTD:dllmain.obj
 0001:000265f0       __crtGetEnvironmentStringsA 00000001800275f0 f   LIBCMTD:a_env.obj
 0001:000267d0       __crtCaptureCurrentContext 00000001800277d0 f   LIBCMTD:winapisupp.obj
 0001:00026870       __crtCapturePreviousContext 0000000180027870 f   LIBCMTD:winapisupp.obj
 0001:00026930       __crtCloseThreadpoolTimer  0000000180027930 f   LIBCMTD:winapisupp.obj
 0001:00026980       __crtCloseThreadpoolWait   0000000180027980 f   LIBCMTD:winapisupp.obj
 0001:000269d0       __crtCreateEventExW        00000001800279d0 f   LIBCMTD:winapisupp.obj
 0001:00026a60       __crtCreateSemaphoreExW    0000000180027a60 f   LIBCMTD:winapisupp.obj
 0001:00026af0       __crtCreateSymbolicLinkW   0000000180027af0 f   LIBCMTD:winapisupp.obj
 0001:00026b60       __crtCreateThreadpoolTimer 0000000180027b60 f   LIBCMTD:winapisupp.obj
 0001:00026bc0       __crtCreateThreadpoolWait  0000000180027bc0 f   LIBCMTD:winapisupp.obj
 0001:00026c20       __crtFlsAlloc              0000000180027c20 f   LIBCMTD:winapisupp.obj
 0001:00026c70       __crtFlsFree               0000000180027c70 f   LIBCMTD:winapisupp.obj
 0001:00026cc0       __crtFlsGetValue           0000000180027cc0 f   LIBCMTD:winapisupp.obj
 0001:00026d10       __crtFlsSetValue           0000000180027d10 f   LIBCMTD:winapisupp.obj
 0001:00026d70       __crtFlushProcessWriteBuffers 0000000180027d70 f   LIBCMTD:winapisupp.obj
 0001:00026db0       __crtFreeLibraryWhenCallbackReturns 0000000180027db0 f   LIBCMTD:winapisupp.obj
 0001:00026e00       __crtGetCurrentProcessorNumber 0000000180027e00 f   LIBCMTD:winapisupp.obj
 0001:00026e40       __crtGetFileInformationByHandleEx 0000000180027e40 f   LIBCMTD:winapisupp.obj
 0001:00026eb0       __crtGetLogicalProcessorInformation 0000000180027eb0 f   LIBCMTD:winapisupp.obj
 0001:00026f10       __crtGetShowWindowMode     0000000180027f10 f   LIBCMTD:winapisupp.obj
 0001:00026f50       __crtGetTickCount64        0000000180027f50 f   LIBCMTD:winapisupp.obj
 0001:00026fa0       __crtInitializeCriticalSectionEx 0000000180027fa0 f   LIBCMTD:winapisupp.obj
 0001:00027010       __crtIsPackagedApp         0000000180028010 f   LIBCMTD:winapisupp.obj
 0001:00027050       __crtLoadWinApiPointers    0000000180028050 f   LIBCMTD:winapisupp.obj
 0001:00027640       __crtSetFileInformationByHandle 0000000180028640 f   LIBCMTD:winapisupp.obj
 0001:000276b0       __crtSetThreadStackGuarantee 00000001800286b0 f   LIBCMTD:winapisupp.obj
 0001:00027700       __crtSetThreadpoolTimer    0000000180028700 f   LIBCMTD:winapisupp.obj
 0001:00027760       __crtSetThreadpoolWait     0000000180028760 f   LIBCMTD:winapisupp.obj
 0001:000277c0       __crtSetUnhandledExceptionFilter 00000001800287c0 f   LIBCMTD:winapisupp.obj
 0001:000277e0       __crtSleep                 00000001800287e0 f   LIBCMTD:winapisupp.obj
 0001:00027800       __crtTerminateProcess      0000000180028800 f   LIBCMTD:winapisupp.obj
 0001:00027820       __crtUnhandledException    0000000180028820 f   LIBCMTD:winapisupp.obj
 0001:00027850       __crtWaitForThreadpoolTimerCallbacks 0000000180028850 f   LIBCMTD:winapisupp.obj
 0001:000278a0       _RTC_Initialize            00000001800288a0 f   LIBCMTD:initsect.obj
 0001:000278e0       _RTC_Terminate             00000001800288e0 f   LIBCMTD:initsect.obj
 0001:00027920       strcpy_s                   0000000180028920 f   LIBCMTD:strcpy_s.obj
 0001:00027dd0       strlen                     0000000180028dd0 f   LIBCMTD:strlen.obj
 0001:00027e80       __swprintf_l               0000000180028e80 f   LIBCMTD:swprintf.obj
 0001:00027ec0       _scwprintf                 0000000180028ec0 f   LIBCMTD:swprintf.obj
 0001:00027f00       _scwprintf_l               0000000180028f00 f   LIBCMTD:swprintf.obj
 0001:00027f40       _scwprintf_p               0000000180028f40 f   LIBCMTD:swprintf.obj
 0001:00027f80       _scwprintf_p_l             0000000180028f80 f   LIBCMTD:swprintf.obj
 0001:00027fc0       _snwprintf_s               0000000180028fc0 f   LIBCMTD:swprintf.obj
 0001:00028020       _snwprintf_s_l             0000000180029020 f   LIBCMTD:swprintf.obj
 0001:00028080       _swprintf                  0000000180029080 f   LIBCMTD:swprintf.obj
 0001:00028360       _swprintf_p                0000000180029360 f   LIBCMTD:swprintf.obj
 0001:000283b0       _swprintf_p_l              00000001800293b0 f   LIBCMTD:swprintf.obj
 0001:00028400       _swprintf_s_l              0000000180029400 f   LIBCMTD:swprintf.obj
 0001:00028450       swprintf_s                 0000000180029450 f   LIBCMTD:swprintf.obj
 0001:000284a0       _CrtDbgBreak               00000001800294a0 f   LIBCMTD:dbgrptt.obj
 0001:000284b0       _CrtGetReportHook          00000001800294b0 f   LIBCMTD:dbgrptt.obj
 0001:000284c0       _CrtSetReportFile          00000001800294c0 f   LIBCMTD:dbgrptt.obj
 0001:00028620       _CrtSetReportHook          0000000180029620 f   LIBCMTD:dbgrptt.obj
 0001:00028650       _CrtSetReportMode          0000000180029650 f   LIBCMTD:dbgrptt.obj
 0001:00028810       _VCrtDbgReportA            0000000180029810 f   LIBCMTD:dbgrptt.obj
 0001:000291e0       _VCrtDbgReportW            000000018002a1e0 f   LIBCMTD:dbgrptt.obj
 0001:00029d30       __chkstk                   000000018002ad30 f   LIBCMTD:chkstk.obj
 0001:00029d30       _alloca_probe              000000018002ad30 f   LIBCMTD:chkstk.obj
 0001:00029d80       _chvalidator               000000018002ad80 f   LIBCMTD:isctype.obj
 0001:00029df0       _chvalidator_l             000000018002adf0 f   LIBCMTD:isctype.obj
 0001:00029f00       _isctype                   000000018002af00 f   LIBCMTD:isctype.obj
 0001:00029f50       _isctype_l                 000000018002af50 f   LIBCMTD:isctype.obj
 0001:0002a140       memmove                    000000018002b140 f   LIBCMTD:memcpy.obj
 0001:0002a140       memcpy                     000000018002b140 f   LIBCMTD:memcpy.obj
 0001:0002a6c0       memset                     000000018002b6c0 f   LIBCMTD:memset.obj
 0001:0002a8f0       _free_base                 000000018002b8f0 f   LIBCMTD:free.obj
 0001:0002a950       _realloc_base              000000018002b950 f   LIBCMTD:realloc.obj
 0001:0002aa70       _expand_base               000000018002ba70 f   LIBCMTD:expand.obj
 0001:0002ac50       _CrtDbgReport              000000018002bc50 f   LIBCMTD:dbgrpt.obj
 0001:0002acd0       _CrtDbgReportV             000000018002bcd0 f i LIBCMTD:dbgrpt.obj
 0001:0002ad30       _CrtSetReportHook2         000000018002bd30 f   LIBCMTD:dbgrpt.obj
 0001:0002b140       __crtMessageWindowA        000000018002c140 f   LIBCMTD:dbgrpt.obj
 0001:0002b7c0       _heapchk                   000000018002c7c0 f   LIBCMTD:heapchk.obj
 0001:0002b800       _heapset                   000000018002c800 f   LIBCMTD:heapchk.obj
 0001:0002b820       _scprintf                  000000018002c820 f   LIBCMTD:sprintf.obj
 0001:0002b860       _scprintf_l                000000018002c860 f   LIBCMTD:sprintf.obj
 0001:0002b8a0       _scprintf_p                000000018002c8a0 f   LIBCMTD:sprintf.obj
 0001:0002b8e0       _scprintf_p_l              000000018002c8e0 f   LIBCMTD:sprintf.obj
 0001:0002b920       _snprintf_s                000000018002c920 f   LIBCMTD:sprintf.obj
 0001:0002b980       _snprintf_s_l              000000018002c980 f   LIBCMTD:sprintf.obj
 0001:0002b9e0       _sprintf_l                 000000018002c9e0 f   LIBCMTD:sprintf.obj
 0001:0002ba20       _sprintf_p                 000000018002ca20 f   LIBCMTD:sprintf.obj
 0001:0002ba70       _sprintf_p_l               000000018002ca70 f   LIBCMTD:sprintf.obj
 0001:0002bac0       _sprintf_s_l               000000018002cac0 f   LIBCMTD:sprintf.obj
 0001:0002bb10       sprintf                    000000018002cb10 f   LIBCMTD:sprintf.obj
 0001:0002bd90       sprintf_s                  000000018002cd90 f   LIBCMTD:sprintf.obj
 0001:0002bde0       _heap_alloc_base           000000018002cde0 f i LIBCMTD:malloc.obj
 0001:0002be50       _malloc_base               000000018002ce50 f   LIBCMTD:malloc.obj
 0001:0002bef0       _CrtDefaultAllocHook       000000018002cef0 f   LIBCMTD:dbghook.obj
 0001:0002bf10       __crt_debugger_hook        000000018002cf10 f   LIBCMTD:dbghook.obj
 0001:0002bf30       _local_unwind              000000018002cf30 f   LIBCMTD:jmpuwind.obj
 0001:0002bf60       _NLG_Notify                000000018002cf60 f   LIBCMTD:jmpuwind.obj
 0001:0002bf80       __NLG_Dispatch2            000000018002cf80 f   LIBCMTD:jmpuwind.obj
 0001:0002bf90       __NLG_Return2              000000018002cf90 f   LIBCMTD:jmpuwind.obj
 0001:0002bfa0       _FindPESection             000000018002cfa0 f   LIBCMTD:pesect.obj
 0001:0002c050       _IsNonwritableInCurrentImage 000000018002d050 f   LIBCMTD:pesect.obj
 0001:0002c0e0       _ValidateImageBase         000000018002d0e0 f   LIBCMTD:pesect.obj
 0001:0002c160       ?_inconsistency@@YAXXZ     000000018002d160 f   LIBCMTD:hooks.obj
 0001:0002c190       ?terminate@@YAXXZ          000000018002d190 f   LIBCMTD:hooks.obj
 0001:0002c1c0       ?unexpected@@YAXXZ         000000018002d1c0 f   LIBCMTD:hooks.obj
 0001:0002c1f0       _initp_eh_hooks            000000018002d1f0 f   LIBCMTD:hooks.obj
 0001:0002c220       __getlocaleinfo            000000018002d220 f   LIBCMTD:inithelp.obj
 0001:0002c5a0       _initp_misc_purevirt       000000018002d5a0 f   LIBCMTD:inithelp.obj
 0001:0002c5c0       _initp_misc_rand_s         000000018002d5c0 f   LIBCMTD:rand_s.obj
 0001:0002c5e0       rand_s                     000000018002d5e0 f   LIBCMTD:rand_s.obj
 0001:0002c910       _output_s_l                000000018002d910 f   LIBCMTD:outputs.obj
 0001:0002e4f0       _output_p_l                000000018002f4f0 f   LIBCMTD:outputp.obj
 0001:000329d0       _validate_param_reuseA     00000001800339d0 f   LIBCMTD:outputp.obj
 0001:00032d40       get_crtdouble_arg          0000000180033d40 f i LIBCMTD:outputp.obj
 0001:00032fe0       _isatty                    0000000180033fe0 f   LIBCMTD:isatty.obj
 0001:000330f0       __iswcsym                  00000001800340f0 f i LIBCMTD:_wctype.obj
 0001:00033130       __iswcsymf                 0000000180034130 f i LIBCMTD:_wctype.obj
 0001:00033170       _isleadbyte_l              0000000180034170 f i LIBCMTD:_wctype.obj
 0001:000331d0       _iswalnum_l                00000001800341d0 f i LIBCMTD:_wctype.obj
 0001:00033200       _iswalpha_l                0000000180034200 f i LIBCMTD:_wctype.obj
 0001:00033230       _iswblank_l                0000000180034230 f i LIBCMTD:_wctype.obj
 0001:00033270       _iswcntrl_l                0000000180034270 f i LIBCMTD:_wctype.obj
 0001:000332a0       _iswcsym_l                 00000001800342a0 f i LIBCMTD:_wctype.obj
 0001:000332f0       _iswcsymf_l                00000001800342f0 f i LIBCMTD:_wctype.obj
 0001:00033340       _iswdigit_l                0000000180034340 f i LIBCMTD:_wctype.obj
 0001:00033370       _iswgraph_l                0000000180034370 f i LIBCMTD:_wctype.obj
 0001:000333a0       _iswlower_l                00000001800343a0 f i LIBCMTD:_wctype.obj
 0001:000333d0       _iswprint_l                00000001800343d0 f i LIBCMTD:_wctype.obj
 0001:00033400       _iswpunct_l                0000000180034400 f i LIBCMTD:_wctype.obj
 0001:00033430       _iswspace_l                0000000180034430 f i LIBCMTD:_wctype.obj
[...]
 0003:0000374c       ?disableFlags@UnDecorator@@0KA 00000001800a874c     LIBCMTD:undname.obj
 0003:00003750       ?fExplicitTemplateParams@UnDecorator@@0_NA 00000001800a8750     LIBCMTD:undname.obj
 0003:00003751       ?fGetTemplateArgumentList@UnDecorator@@0_NA 00000001800a8751     LIBCMTD:undname.obj
 0003:000037d0       ?nodes@?1??make@DNameStatusNode@@SAPEAV2@W4DNameStatus@@@Z@4PAV2@A 00000001800a87d0     LIBCMTD:undname.obj
 0003:00003810       ??_B?1??make@DNameStatusNode@@SAPEAV1@W4DNameStatus@@@Z@51 00000001800a8810     LIBCMTD:undname.obj
 0003:00003814       _outputformat              00000001800a8814     LIBCMTD:outputformat.obj
 0003:00003818       __lconv_static_null        00000001800a8818     LIBCMTD:lconv.obj
 0003:0000381c       __lconv_static_W_null      00000001800a881c     LIBCMTD:lconv.obj
 0003:00003828       __favor                    00000001800a8828     LIBCMTD:cpu_disp.obj
 0003:00003830       ?g_OutOfMemoryExceptionCallback@@3P6APEAXXZEA 00000001800a8830     LIBCMTD:frame.obj
 0003:00003838       __pfnDliFailureHook2       00000001800a8838     DelayImp:delayhk1.obj
 0003:00003840       _debugger_hook_dummy       00000001800a8840     <common>
 0003:00003850       _pReportHookListW          00000001800a8850     <common>
 0003:00003868       _pReportHookList           00000001800a8868     <common>
 0003:00003870       _pfnReportHook             00000001800a8870     <common>
 0003:00003880       encodedKERNEL32Functions   00000001800a8880     <common>
 0003:000039c4       __unguarded_readlc_active  00000001800a89c4     <common>
 0003:000039d4       __setlc_active             00000001800a89d4     <common>
 0003:000039d8       _nhandle                   00000001800a89d8     <common>
 0003:000039e8       __dyn_tls_init_callback    00000001800a89e8     <common>
 0003:00003a00       __onexitend                00000001800a8a00     <common>
 0003:00003a08       __onexitbegin              00000001800a8a08     <common>
 0003:00003a10       __mbctype_initialized      00000001800a8a10     <common>
 0003:00003a14       __env_initialized          00000001800a8a14     <common>
 0003:00003a18       _acmdln                    00000001800a8a18     <common>
 0003:00003a30       __piob                     00000001800a8a30     <common>
 0003:00003d78       _nstream                   00000001800a8d78     <common>
 0003:00003d80       _bufin                     00000001800a8d80     <common>
 0005:00000000       __imp_cudaMalloc_t         00000001800af000     JSCUDA:JSCUDA.dll
 0005:00000008       __imp_cudaFree_t           00000001800af008     JSCUDA:JSCUDA.dll
 0005:00000010       __imp_cudaMemcpyHostToDevice_t 00000001800af010     JSCUDA:JSCUDA.dll
 0005:00000018       __imp_cudaMemset_t         00000001800af018     JSCUDA:JSCUDA.dll
 0005:00000020       __imp_cudaMemcpyDeviceToDevice_t 00000001800af020     JSCUDA:JSCUDA.dll
 0005:00000028       __imp_cudaMemcpyDeviceToHost_t 00000001800af028     JSCUDA:JSCUDA.dll
 0005:00000030       __imp_cudaDeviceInit       00000001800af030     JSCUDA:JSCUDA.dll
 0005:00000038       __imp_cudaDeviceReset_t    00000001800af038     JSCUDA:JSCUDA.dll
 0005:00000040       __imp_cublasCreate_t       00000001800af040     JSCUDA:JSCUDA.dll
 0005:00000048       __imp_cublasDestroy_t      00000001800af048     JSCUDA:JSCUDA.dll
 0005:00000050       __imp_vectorAdd            00000001800af050     JSCUDA:JSCUDA.dll
 0005:00000058       __imp_vectorCopy           00000001800af058     JSCUDA:JSCUDA.dll
 0005:00000060       __imp_vectorSwap           00000001800af060     JSCUDA:JSCUDA.dll
 0005:00000068       __imp_vectorDot            00000001800af068     JSCUDA:JSCUDA.dll
 0005:00000070       __imp_vectorNorm           00000001800af070     JSCUDA:JSCUDA.dll
 0005:00000078       __imp_vectorMulScalar      00000001800af078     JSCUDA:JSCUDA.dll
 0005:00000080       __imp_vectorRank           00000001800af080     JSCUDA:JSCUDA.dll
 0005:00000088       __imp_matrixMulScalar      00000001800af088     JSCUDA:JSCUDA.dll
 0005:00000090       __imp_matrixMulVector      00000001800af090     JSCUDA:JSCUDA.dll
 0005:00000098       __imp_matrixMulMatrix      00000001800af098     JSCUDA:JSCUDA.dll
 0005:000000a0       __imp_matrixMulMatrixBatched 00000001800af0a0     JSCUDA:JSCUDA.dll
 0005:000000a8       __imp_matrixAdd            00000001800af0a8     JSCUDA:JSCUDA.dll
 0005:000000b0       __imp_matrixGetrfBatched   00000001800af0b0     JSCUDA:JSCUDA.dll
 0005:000000b8       __imp_matrixGetrsBatched   00000001800af0b8     JSCUDA:JSCUDA.dll
 0005:000000c0       \177JSCUDA_NULL_THUNK_DATA 00000001800af0c0     JSCUDA:JSCUDA.dll
 0005:00000138       __imp_GetModuleHandleA     00000001800af138     kernel32:KERNEL32.dll
 0005:00000140       __imp_EncodePointer        00000001800af140     kernel32:KERNEL32.dll
 0005:00000148       __imp_DecodePointer        00000001800af148     kernel32:KERNEL32.dll
 0005:00000150       __imp_GetStdHandle         00000001800af150     kernel32:KERNEL32.dll
 0005:00000158       __imp_GetFileType          00000001800af158     kernel32:KERNEL32.dll
 0005:00000160       __imp_GetModuleFileNameW   00000001800af160     kernel32:KERNEL32.dll
 0005:00000168       __imp_GetModuleHandleExW   00000001800af168     kernel32:KERNEL32.dll
 0005:00000170       __imp_WriteConsoleW        00000001800af170     kernel32:KERNEL32.dll
 0005:00000178       __imp_EnterCriticalSection 00000001800af178     kernel32:KERNEL32.dll
 0005:00000180       __imp_LeaveCriticalSection 00000001800af180     kernel32:KERNEL32.dll
 0005:00000188       __imp_GetCommandLineA      00000001800af188     kernel32:KERNEL32.dll
 0005:00000190       __imp_GetCurrentThreadId   00000001800af190     kernel32:KERNEL32.dll
 0005:00000198       __imp_RtlPcToFileHeader    00000001800af198     kernel32:KERNEL32.dll
 0005:000001a0       __imp_RaiseException       00000001800af1a0     kernel32:KERNEL32.dll
 0005:000001a8       __imp_DeleteCriticalSection 00000001800af1a8     kernel32:KERNEL32.dll
 0005:000001b0       __imp_FatalAppExitA        00000001800af1b0     kernel32:KERNEL32.dll
 0005:000001b8       __imp_HeapSize             00000001800af1b8     kernel32:KERNEL32.dll
 0005:000001c0       __imp_HeapValidate         00000001800af1c0     kernel32:KERNEL32.dll
 0005:000001c8       __imp_GetSystemInfo        00000001800af1c8     kernel32:KERNEL32.dll
 0005:000001d0       __imp_RtlUnwindEx          00000001800af1d0     kernel32:KERNEL32.dll
 0005:000001d8       __imp_GetLastError         00000001800af1d8     kernel32:KERNEL32.dll
 0005:000001e0       __imp_ExitProcess          00000001800af1e0     kernel32:KERNEL32.dll
 0005:000001e8       __imp_GetProcAddress       00000001800af1e8     kernel32:KERNEL32.dll
 0005:000001f0       __imp_AreFileApisANSI      00000001800af1f0     kernel32:KERNEL32.dll
 0005:000001f8       __imp_MultiByteToWideChar  00000001800af1f8     kernel32:KERNEL32.dll
 0005:00000200       __imp_WideCharToMultiByte  00000001800af200     kernel32:KERNEL32.dll
 0005:00000208       __imp_IsDebuggerPresent    00000001800af208     kernel32:KERNEL32.dll
 0005:00000210       __imp_IsProcessorFeaturePresent 00000001800af210     kernel32:KERNEL32.dll
 0005:00000218       __imp_SetConsoleCtrlHandler 00000001800af218     kernel32:KERNEL32.dll
 0005:00000220       __imp_OutputDebugStringW   00000001800af220     kernel32:KERNEL32.dll
 0005:00000228       __imp_WaitForSingleObjectEx 00000001800af228     kernel32:KERNEL32.dll
 0005:00000230       __imp_CreateThread         00000001800af230     kernel32:KERNEL32.dll
 0005:00000238       __imp_LoadLibraryExW       00000001800af238     kernel32:KERNEL32.dll
 0005:00000240       __imp_WriteFile            00000001800af240     kernel32:KERNEL32.dll
 0005:00000248       __imp_GetStartupInfoW      00000001800af248     kernel32:KERNEL32.dll
 0005:00000250       __imp_IsValidCodePage      00000001800af250     kernel32:KERNEL32.dll
 0005:00000258       __imp_GetACP               00000001800af258     kernel32:KERNEL32.dll
 0005:00000260       __imp_GetOEMCP             00000001800af260     kernel32:KERNEL32.dll
 0005:00000268       __imp_GetCPInfo            00000001800af268     kernel32:KERNEL32.dll
 0005:00000270       __imp_SetLastError         00000001800af270     kernel32:KERNEL32.dll
 0005:00000278       __imp_GetCurrentThread     00000001800af278     kernel32:KERNEL32.dll
 0005:00000280       __imp_GetProcessHeap       00000001800af280     kernel32:KERNEL32.dll
 0005:00000288       __imp_GetModuleFileNameA   00000001800af288     kernel32:KERNEL32.dll
 0005:00000290       __imp_QueryPerformanceCounter 00000001800af290     kernel32:KERNEL32.dll
 0005:00000298       __imp_GetCurrentProcessId  00000001800af298     kernel32:KERNEL32.dll
 0005:000002a0       __imp_GetSystemTimeAsFileTime 00000001800af2a0     kernel32:KERNEL32.dll
 0005:000002a8       __imp_GetEnvironmentStringsW 00000001800af2a8     kernel32:KERNEL32.dll
 0005:000002b0       __imp_FreeEnvironmentStringsW 00000001800af2b0     kernel32:KERNEL32.dll
 0005:000002b8       __imp_RtlCaptureContext    00000001800af2b8     kernel32:KERNEL32.dll
 0005:000002c0       __imp_RtlLookupFunctionEntry 00000001800af2c0     kernel32:KERNEL32.dll
 0005:000002c8       __imp_RtlVirtualUnwind     00000001800af2c8     kernel32:KERNEL32.dll
 0005:000002d0       __imp_UnhandledExceptionFilter 00000001800af2d0     kernel32:KERNEL32.dll
 0005:000002d8       __imp_SetUnhandledExceptionFilter 00000001800af2d8     kernel32:KERNEL32.dll
 0005:000002e0       __imp_InitializeCriticalSectionAndSpinCount 00000001800af2e0     kernel32:KERNEL32.dll
 0005:000002e8       __imp_CreateEventW         00000001800af2e8     kernel32:KERNEL32.dll
 0005:000002f0       __imp_Sleep                00000001800af2f0     kernel32:KERNEL32.dll
 0005:000002f8       __imp_GetCurrentProcess    00000001800af2f8     kernel32:KERNEL32.dll
 0005:00000300       __imp_TerminateProcess     00000001800af300     kernel32:KERNEL32.dll
 0005:00000308       __imp_TlsAlloc             00000001800af308     kernel32:KERNEL32.dll
 0005:00000310       __imp_TlsGetValue          00000001800af310     kernel32:KERNEL32.dll
 0005:00000318       __imp_TlsSetValue          00000001800af318     kernel32:KERNEL32.dll
 0005:00000320       __imp_TlsFree              00000001800af320     kernel32:KERNEL32.dll
 0005:00000328       __imp_GetTickCount         00000001800af328     kernel32:KERNEL32.dll
 0005:00000330       __imp_GetModuleHandleW     00000001800af330     kernel32:KERNEL32.dll
 0005:00000338       __imp_CreateSemaphoreW     00000001800af338     kernel32:KERNEL32.dll
 0005:00000340       __imp_OutputDebugStringA   00000001800af340     kernel32:KERNEL32.dll
 0005:00000348       __imp_HeapFree             00000001800af348     kernel32:KERNEL32.dll
 0005:00000350       __imp_HeapReAlloc          00000001800af350     kernel32:KERNEL32.dll
 0005:00000358       __imp_HeapQueryInformation 00000001800af358     kernel32:KERNEL32.dll
 0005:00000360       __imp_HeapAlloc            00000001800af360     kernel32:KERNEL32.dll
 0005:00000368       __imp_FreeLibrary          00000001800af368     kernel32:KERNEL32.dll
 0005:00000370       __imp_FlushFileBuffers     00000001800af370     kernel32:KERNEL32.dll
 0005:00000378       __imp_GetConsoleCP         00000001800af378     kernel32:KERNEL32.dll
 0005:00000380       __imp_GetConsoleMode       00000001800af380     kernel32:KERNEL32.dll
 0005:00000388       __imp_VirtualQuery         00000001800af388     kernel32:KERNEL32.dll
 0005:00000390       __imp_GetStringTypeW       00000001800af390     kernel32:KERNEL32.dll
 0005:00000398       __imp_GetLocaleInfoW       00000001800af398     kernel32:KERNEL32.dll
 0005:000003a0       __imp_IsValidLocale        00000001800af3a0     kernel32:KERNEL32.dll
 0005:000003a8       __imp_GetUserDefaultLCID   00000001800af3a8     kernel32:KERNEL32.dll
 0005:000003b0       __imp_EnumSystemLocalesW   00000001800af3b0     kernel32:KERNEL32.dll
 0005:000003b8       __imp_GetDateFormatW       00000001800af3b8     kernel32:KERNEL32.dll
 0005:000003c0       __imp_GetTimeFormatW       00000001800af3c0     kernel32:KERNEL32.dll
 0005:000003c8       __imp_CompareStringW       00000001800af3c8     kernel32:KERNEL32.dll
 0005:000003d0       __imp_LCMapStringW         00000001800af3d0     kernel32:KERNEL32.dll
 0005:000003d8       __imp_SetFilePointerEx     00000001800af3d8     kernel32:KERNEL32.dll
 0005:000003e0       __imp_SetStdHandle         00000001800af3e0     kernel32:KERNEL32.dll
 0005:000003e8       __imp_CloseHandle          00000001800af3e8     kernel32:KERNEL32.dll
 0005:000003f0       __imp_CreateFileW          00000001800af3f0     kernel32:KERNEL32.dll
 0005:000003f8       __imp_LoadLibraryExA       00000001800af3f8     kernel32:KERNEL32.dll
 0005:00000400       \177KERNEL32_NULL_THUNK_DATA 00000001800af400     kernel32:KERNEL32.dll
 0005:000004e0       __IMPORT_DESCRIPTOR_JSCUDA 00000001800af4e0     JSCUDA:JSCUDA.dll
 0005:000004f4       __IMPORT_DESCRIPTOR_KERNEL32 00000001800af4f4     kernel32:KERNEL32.dll
 0005:00000508       __NULL_IMPORT_DESCRIPTOR   00000001800af508     JSCUDA:JSCUDA.dll
 0006:00000000       __DELAY_IMPORT_DESCRIPTOR_node_exe 00000001800b1000     node:node.exe
 0006:00000020       __NULL_DELAY_IMPORT_DESCRIPTOR 00000001800b1020     node:node.exe
 0006:000001e8       \177node_NULL_THUNK_DATA_DLN 00000001800b11e8     node:node.exe
 0006:00000290       __imp_??0HandleScope@v8@@QEAA@PEAVIsolate@1@@Z 00000001800b1290     node:node.exe
 0006:00000298       __imp_??1HandleScope@v8@@QEAA@XZ 00000001800b1298     node:node.exe
 0006:000002a0       __imp_?IsArray@Value@v8@@QEBA_NXZ 00000001800b12a0     node:node.exe
 0006:000002a8       __imp_?ToObject@Value@v8@@QEBA?AV?$Local@VObject@v8@@@2@XZ 00000001800b12a8     node:node.exe
 0006:000002b0       __imp_?NewFromUtf8@String@v8@@SA?AV?$Local@VString@v8@@@2@PEAVIsolate@2@PEBDW4NewStringType@12@H@Z 00000001800b12b0     node:node.exe
 0006:000002b8       __imp_?NewFromUnsigned@Integer@v8@@SA?AV?$Local@VInteger@v8@@@2@PEAVIsolate@2@I@Z 00000001800b12b8     node:node.exe
 0006:000002c0       __imp_?Set@Object@v8@@QEAA_NV?$Local@VValue@v8@@@2@0@Z 00000001800b12c0     node:node.exe
 0006:000002c8       __imp_?Get@Object@v8@@QEAA?AV?$Local@VValue@v8@@@2@I@Z 00000001800b12c8     node:node.exe
 0006:000002d0       __imp_?InternalFieldCount@Object@v8@@QEAAHXZ 00000001800b12d0     node:node.exe
 0006:000002d8       __imp_?GetAlignedPointerFromInternalField@Object@v8@@QEAAPEAXH@Z 00000001800b12d8     node:node.exe
 0006:000002e0       __imp_?SetAlignedPointerInInternalField@Object@v8@@QEAAXHPEAX@Z 00000001800b12e0     node:node.exe
 0006:000002e8       __imp_?GetIsolate@Object@v8@@QEAAPEAVIsolate@2@XZ 00000001800b12e8     node:node.exe
 0006:000002f0       __imp_?Length@Array@v8@@QEBAIXZ 00000001800b12f0     node:node.exe
 0006:000002f8       __imp_?Cast@Array@v8@@SAPEAV12@PEAVValue@2@@Z 00000001800b12f8     node:node.exe
 0006:00000300       __imp_?Set@Template@v8@@QEAAXV?$Local@VName@v8@@@2@V?$Local@VData@v8@@@2@W4PropertyAttribute@2@@Z 00000001800b1300     node:node.exe
 0006:00000308       __imp_?New@FunctionTemplate@v8@@SA?AV?$Local@VFunctionTemplate@v8@@@2@PEAVIsolate@2@P6AXAEBV?$FunctionCallbackInfo@VValue@v8@@@2@@ZV?$Local@VValue@v8@@@2@V?$Local@VSignature@v8@@@2@H@Z 00000001800b1308     node:node.exe
 0006:00000310       __imp_?GetFunction@FunctionTemplate@v8@@QEAA?AV?$Local@VFunction@v8@@@2@XZ 00000001800b1310     node:node.exe
 0006:00000318       __imp_?InstanceTemplate@FunctionTemplate@v8@@QEAA?AV?$Local@VObjectTemplate@v8@@@2@XZ 00000001800b1318     node:node.exe
 0006:00000320       __imp_?PrototypeTemplate@FunctionTemplate@v8@@QEAA?AV?$Local@VObjectTemplate@v8@@@2@XZ 00000001800b1320     node:node.exe
 0006:00000328       __imp_?SetClassName@FunctionTemplate@v8@@QEAAXV?$Local@VString@v8@@@2@@Z 00000001800b1328     node:node.exe
 0006:00000330       __imp_?SetInternalFieldCount@ObjectTemplate@v8@@QEAAXH@Z 00000001800b1330     node:node.exe
 0006:00000338       __imp_?New@Signature@v8@@SA?AV?$Local@VSignature@v8@@@2@PEAVIsolate@2@V?$Local@VFunctionTemplate@v8@@@2@@Z 00000001800b1338     node:node.exe
 0006:00000340       __imp_?SyntaxError@Exception@v8@@SA?AV?$Local@VValue@v8@@@2@V?$Local@VString@v8@@@2@@Z 00000001800b1340     node:node.exe
 0006:00000348       __imp_?TypeError@Exception@v8@@SA?AV?$Local@VValue@v8@@@2@V?$Local@VString@v8@@@2@@Z 00000001800b1348     node:node.exe
 0006:00000350       __imp_?Error@Exception@v8@@SA?AV?$Local@VValue@v8@@@2@V?$Local@VString@v8@@@2@@Z 00000001800b1350     node:node.exe
 0006:00000358       __imp_?GetCurrent@Isolate@v8@@SAPEAV12@XZ 00000001800b1358     node:node.exe
 0006:00000360       __imp_?ThrowException@Isolate@v8@@QEAA?AV?$Local@VValue@v8@@@2@V32@@Z 00000001800b1360     node:node.exe
 0006:00000368       __imp_?GlobalizeReference@V8@v8@@CAPEAPEAVObject@internal@2@PEAVIsolate@42@PEAPEAV342@@Z 00000001800b1368     node:node.exe
 0006:00000370       __imp_?DisposeGlobal@V8@v8@@CAXPEAPEAVObject@internal@2@@Z 00000001800b1370     node:node.exe
 0006:00000378       __imp_?MakeWeak@V8@v8@@CAXPEAPEAVObject@internal@2@PEAXP6AXAEBV?$WeakCallbackInfo@X@2@@ZW4WeakCallbackType@2@@Z 00000001800b1378     node:node.exe
 0006:00000380       __imp_?ClearWeak@V8@v8@@CAPEAXPEAPEAVObject@internal@2@@Z 00000001800b1380     node:node.exe
 0006:00000388       __imp_?IsInt32@Value@v8@@QEBA_NXZ 00000001800b1388     node:node.exe
 0006:00000390       __imp_?IsUint32@Value@v8@@QEBA_NXZ 00000001800b1390     node:node.exe
 0006:00000398       __imp_?IsFloat32Array@Value@v8@@QEBA_NXZ 00000001800b1398     node:node.exe
 0006:000003a0       __imp_?Uint32Value@Value@v8@@QEBAIXZ 00000001800b13a0     node:node.exe
 0006:000003a8       __imp_?Int32Value@Value@v8@@QEBAHXZ 00000001800b13a8     node:node.exe
 0006:000003b0       __imp_?Data@Contents@ArrayBuffer@v8@@QEBAPEAXXZ 00000001800b13b0     node:node.exe
 0006:000003b8       __imp_?ByteLength@ArrayBuffer@v8@@QEBA_KXZ 00000001800b13b8     node:node.exe
 0006:000003c0       __imp_?GetContents@ArrayBuffer@v8@@QEAA?AVContents@12@XZ 00000001800b13c0     node:node.exe
 0006:000003c8       __imp_?Buffer@ArrayBufferView@v8@@QEAA?AV?$Local@VArrayBuffer@v8@@@2@XZ 00000001800b13c8     node:node.exe
 0006:000003d0       __imp_?Length@TypedArray@v8@@QEAA_KXZ 00000001800b13d0     node:node.exe
 0006:000003d8       __imp_?Cast@Float32Array@v8@@SAPEAV12@PEAVValue@2@@Z 00000001800b13d8     node:node.exe
 0006:000003e0       __imp_?RangeError@Exception@v8@@SA?AV?$Local@VValue@v8@@@2@V?$Local@VString@v8@@@2@@Z 00000001800b13e0     node:node.exe
 0006:000003e8       __imp_?BooleanValue@Value@v8@@QEBA_NXZ 00000001800b13e8     node:node.exe
 0006:000003f0       __imp_?NumberValue@Value@v8@@QEBANXZ 00000001800b13f0     node:node.exe
 0006:000003f8       __imp_?New@Boolean@v8@@SA?AV?$Local@VBoolean@v8@@@2@PEAVIsolate@2@_N@Z 00000001800b13f8     node:node.exe
 0006:00000400       __imp_?New@Number@v8@@SA?AV?$Local@VNumber@v8@@@2@PEAVIsolate@2@N@Z 00000001800b1400     node:node.exe
 0006:00000408       __imp_?Get@Object@v8@@QEAA?AV?$Local@VValue@v8@@@2@V32@@Z 00000001800b1408     node:node.exe
 0006:00000410       __imp_?Cast@Object@v8@@SAPEAV12@PEAVValue@2@@Z 00000001800b1410     node:node.exe
 0006:00000418       __imp_?SetName@Function@v8@@QEAAXV?$Local@VString@v8@@@2@@Z 00000001800b1418     node:node.exe
 0006:00000420       __imp_?Cast@Int32Array@v8@@SAPEAV12@PEAVValue@2@@Z 00000001800b1420     node:node.exe
 0006:00000428       __imp_?ReferenceError@Exception@v8@@SA?AV?$Local@VValue@v8@@@2@V?$Local@VString@v8@@@2@@Z 00000001800b1428     node:node.exe
 0006:00000430       __imp_node_module_register 00000001800b1430     node:node.exe
 0006:00000438       \177node_NULL_THUNK_DATA_DLA 00000001800b1438     node:node.exe
 0006:00001380       \177node_NULL_THUNK_DATA_DLB 00000001800b2380     node:node.exe

 Exports

  ordinal    name

        1    _register_jc_
